main.c:90:6:setTone	104	static
main.c:158:6:waitForPBRelease	16	static
main.c:172:6:startUpLCDSplashScreen	24	static
main.c:188:6:pulsePWM	24	static
main.c:207:6:pushButtonInit	8	static
main.c:220:6:displayWelcome	24	static
main.c:235:6:displayAmount	40	static
main.c:247:7:checkIfAmountRecd	16	static
main.c:268:8:checkOkOrCancel	8	static
main.c:293:9:checkChequingOrSavings	8	static
main.c:320:6:displayOkCancel	24	static
main.c:331:6:displayTransactionCancelled	24	static
main.c:345:6:displayChequingSavings	24	static
main.c:359:6:displayEnterPin	24	static
main.c:370:6:displayPinOK	24	static
main.c:381:6:displayIncorrectPin	24	static
main.c:392:6:displaySending	24	static
main.c:403:6:displayReceiving	24	static
main.c:414:6:displayApproved	24	static
main.c:425:6:displayNiceDay	24	static
main.c:436:6:displayPrintReceipt	24	static
main.c:450:6:displayInsufficientAmount	24	static
main.c:464:9:getUserEnteredPin	16	static
main.c:481:8:getBankResponse	16	static
main.c:497:5:checkingPin	8	static
main.c:693:6:SystemClock_Config	200	static
main.c:519:5:main	120	static
main.c:893:6:Error_Handler	0	static
