Archive member included to satisfy reference by file (symbol)

c:/program files (x86)/atollic/truestudio for arm 8.1.0/armtools/bin/../lib/gcc/arm-atollic-eabi/6.3.1/../../../../arm-atollic-eabi/lib/armv7e-m/fpu\libc.a(lib_a-fpurge.o)
                              Src\main.o (fpurge)
c:/program files (x86)/atollic/truestudio for arm 8.1.0/armtools/bin/../lib/gcc/arm-atollic-eabi/6.3.1/../../../../arm-atollic-eabi/lib/armv7e-m/fpu\libc.a(lib_a-freer.o)
                              c:/program files (x86)/atollic/truestudio for arm 8.1.0/armtools/bin/../lib/gcc/arm-atollic-eabi/6.3.1/../../../../arm-atollic-eabi/lib/armv7e-m/fpu\libc.a(lib_a-fpurge.o) (_free_r)
c:/program files (x86)/atollic/truestudio for arm 8.1.0/armtools/bin/../lib/gcc/arm-atollic-eabi/6.3.1/../../../../arm-atollic-eabi/lib/armv7e-m/fpu\libc.a(lib_a-impure.o)
                              Src\main.o (_impure_ptr)
c:/program files (x86)/atollic/truestudio for arm 8.1.0/armtools/bin/../lib/gcc/arm-atollic-eabi/6.3.1/../../../../arm-atollic-eabi/lib/armv7e-m/fpu\libc.a(lib_a-init.o)
                              startup\startup_stm32l432xx.o (__libc_init_array)
c:/program files (x86)/atollic/truestudio for arm 8.1.0/armtools/bin/../lib/gcc/arm-atollic-eabi/6.3.1/../../../../arm-atollic-eabi/lib/armv7e-m/fpu\libc.a(lib_a-lock.o)
                              c:/program files (x86)/atollic/truestudio for arm 8.1.0/armtools/bin/../lib/gcc/arm-atollic-eabi/6.3.1/../../../../arm-atollic-eabi/lib/armv7e-m/fpu\libc.a(lib_a-fpurge.o) (__retarget_lock_acquire_recursive)
c:/program files (x86)/atollic/truestudio for arm 8.1.0/armtools/bin/../lib/gcc/arm-atollic-eabi/6.3.1/../../../../arm-atollic-eabi/lib/armv7e-m/fpu\libc.a(lib_a-mallocr.o)
                              c:/program files (x86)/atollic/truestudio for arm 8.1.0/armtools/bin/../lib/gcc/arm-atollic-eabi/6.3.1/../../../../arm-atollic-eabi/lib/armv7e-m/fpu\libc.a(lib_a-freer.o) (__malloc_current_mallinfo)
c:/program files (x86)/atollic/truestudio for arm 8.1.0/armtools/bin/../lib/gcc/arm-atollic-eabi/6.3.1/../../../../arm-atollic-eabi/lib/armv7e-m/fpu\libc.a(lib_a-memset.o)
                              Src\main.o (memset)
c:/program files (x86)/atollic/truestudio for arm 8.1.0/armtools/bin/../lib/gcc/arm-atollic-eabi/6.3.1/../../../../arm-atollic-eabi/lib/armv7e-m/fpu\libc.a(lib_a-mlock.o)
                              c:/program files (x86)/atollic/truestudio for arm 8.1.0/armtools/bin/../lib/gcc/arm-atollic-eabi/6.3.1/../../../../arm-atollic-eabi/lib/armv7e-m/fpu\libc.a(lib_a-freer.o) (__malloc_lock)
c:/program files (x86)/atollic/truestudio for arm 8.1.0/armtools/bin/../lib/gcc/arm-atollic-eabi/6.3.1/../../../../arm-atollic-eabi/lib/armv7e-m/fpu\libc.a(lib_a-printf.o)
                              Src\main.o (printf)
c:/program files (x86)/atollic/truestudio for arm 8.1.0/armtools/bin/../lib/gcc/arm-atollic-eabi/6.3.1/../../../../arm-atollic-eabi/lib/armv7e-m/fpu\libc.a(lib_a-puts.o)
                              Src\main.o (puts)
c:/program files (x86)/atollic/truestudio for arm 8.1.0/armtools/bin/../lib/gcc/arm-atollic-eabi/6.3.1/../../../../arm-atollic-eabi/lib/armv7e-m/fpu\libc.a(lib_a-reent.o)
                              Src\syscalls.o (errno)
c:/program files (x86)/atollic/truestudio for arm 8.1.0/armtools/bin/../lib/gcc/arm-atollic-eabi/6.3.1/../../../../arm-atollic-eabi/lib/armv7e-m/fpu\libc.a(lib_a-sbrkr.o)
                              c:/program files (x86)/atollic/truestudio for arm 8.1.0/armtools/bin/../lib/gcc/arm-atollic-eabi/6.3.1/../../../../arm-atollic-eabi/lib/armv7e-m/fpu\libc.a(lib_a-freer.o) (_sbrk_r)
c:/program files (x86)/atollic/truestudio for arm 8.1.0/armtools/bin/../lib/gcc/arm-atollic-eabi/6.3.1/../../../../arm-atollic-eabi/lib/armv7e-m/fpu\libc.a(lib_a-scanf.o)
                              Src\main.o (scanf)
c:/program files (x86)/atollic/truestudio for arm 8.1.0/armtools/bin/../lib/gcc/arm-atollic-eabi/6.3.1/../../../../arm-atollic-eabi/lib/armv7e-m/fpu\libc.a(lib_a-snprintf.o)
                              Src\main.o (snprintf)
c:/program files (x86)/atollic/truestudio for arm 8.1.0/armtools/bin/../lib/gcc/arm-atollic-eabi/6.3.1/../../../../arm-atollic-eabi/lib/armv7e-m/fpu\libc.a(lib_a-strcpy.o)
                              Src\main.o (strcpy)
c:/program files (x86)/atollic/truestudio for arm 8.1.0/armtools/bin/../lib/gcc/arm-atollic-eabi/6.3.1/../../../../arm-atollic-eabi/lib/armv7e-m/fpu\libc.a(lib_a-strlen.o)
                              c:/program files (x86)/atollic/truestudio for arm 8.1.0/armtools/bin/../lib/gcc/arm-atollic-eabi/6.3.1/../../../../arm-atollic-eabi/lib/armv7e-m/fpu\libc.a(lib_a-puts.o) (strlen)
c:/program files (x86)/atollic/truestudio for arm 8.1.0/armtools/bin/../lib/gcc/arm-atollic-eabi/6.3.1/../../../../arm-atollic-eabi/lib/armv7e-m/fpu\libc.a(lib_a-svfprintf.o)
[...]
Memory Configuration

Name             Origin             Length             Attributes
RAM              0x20000000         0x0000c000         xrw
RAM2             0x10000000         0x00004000         xrw
FLASH            0x08000000         0x00040000         xr
*default*        0x00000000         0xffffffff

Linker script and memory map

LOAD c:/program files (x86)/atollic/truestudio for arm 8.1.0/armtools/bin/../lib/gcc/arm-atollic-eabi/6.3.1/armv7e-m/fpu/crti.o
LOAD c:/program files (x86)/atollic/truestudio for arm 8.1.0/armtools/bin/../lib/gcc/arm-atollic-eabi/6.3.1/armv7e-m/fpu/crtbegin.o
LOAD Drivers\STM32L4xx_HAL_Driver\Src\stm32l4xx_hal.o
LOAD Drivers\STM32L4xx_HAL_Driver\Src\stm32l4xx_hal_adc.o
LOAD Drivers\STM32L4xx_HAL_Driver\Src\stm32l4xx_hal_adc_ex.o
LOAD Drivers\STM32L4xx_HAL_Driver\Src\stm32l4xx_hal_cortex.o
LOAD Drivers\STM32L4xx_HAL_Driver\Src\stm32l4xx_hal_dma.o
LOAD Drivers\STM32L4xx_HAL_Driver\Src\stm32l4xx_hal_flash.o
LOAD Drivers\STM32L4xx_HAL_Driver\Src\stm32l4xx_hal_flash_ex.o
LOAD Drivers\STM32L4xx_HAL_Driver\Src\stm32l4xx_hal_flash_ramfunc.o
LOAD Drivers\STM32L4xx_HAL_Driver\Src\stm32l4xx_hal_gpio.o
LOAD Drivers\STM32L4xx_HAL_Driver\Src\stm32l4xx_hal_i2c.o
LOAD Drivers\STM32L4xx_HAL_Driver\Src\stm32l4xx_hal_i2c_ex.o
LOAD Drivers\STM32L4xx_HAL_Driver\Src\stm32l4xx_hal_pwr.o
LOAD Drivers\STM32L4xx_HAL_Driver\Src\stm32l4xx_hal_pwr_ex.o
LOAD Drivers\STM32L4xx_HAL_Driver\Src\stm32l4xx_hal_rcc.o
LOAD Drivers\STM32L4xx_HAL_Driver\Src\stm32l4xx_hal_rcc_ex.o
LOAD Drivers\STM32L4xx_HAL_Driver\Src\stm32l4xx_hal_tim.o
LOAD Drivers\STM32L4xx_HAL_Driver\Src\stm32l4xx_hal_tim_ex.o
LOAD Drivers\STM32L4xx_HAL_Driver\Src\stm32l4xx_hal_uart.o
LOAD Drivers\STM32L4xx_HAL_Driver\Src\stm32l4xx_hal_uart_ex.o
LOAD Src\HD44780_F3.o
LOAD Src\debounce.o
LOAD Src\main.o
LOAD Src\stm32l4xx_hal_msp.o
LOAD Src\stm32l4xx_it.o
LOAD Src\syscalls.o
LOAD Src\system_stm32l4xx.o
LOAD startup\startup_stm32l432xx.o
                0x00000080                malloc_getpagesize_P = 0x80
START GROUP
LOAD c:/program files (x86)/atollic/truestudio for arm 8.1.0/armtools/bin/../lib/gcc/arm-atollic-eabi/6.3.1/../../../../arm-atollic-eabi/lib/armv7e-m/fpu\libc.a
LOAD c:/program files (x86)/atollic/truestudio for arm 8.1.0/armtools/bin/../lib/gcc/arm-atollic-eabi/6.3.1/../../../../arm-atollic-eabi/lib/armv7e-m/fpu\libm.a
END GROUP
START GROUP
LOAD c:/program files (x86)/atollic/truestudio for arm 8.1.0/armtools/bin/../lib/gcc/arm-atollic-eabi/6.3.1/armv7e-m/fpu\libgcc.a
LOAD c:/program files (x86)/atollic/truestudio for arm 8.1.0/armtools/bin/../lib/gcc/arm-atollic-eabi/6.3.1/../../../../arm-atollic-eabi/lib/armv7e-m/fpu\libc.a
END GROUP
START GROUP
LOAD c:/program files (x86)/atollic/truestudio for arm 8.1.0/armtools/bin/../lib/gcc/arm-atollic-eabi/6.3.1/armv7e-m/fpu\libgcc.a
LOAD c:/program files (x86)/atollic/truestudio for arm 8.1.0/armtools/bin/../lib/gcc/arm-atollic-eabi/6.3.1/../../../../arm-atollic-eabi/lib/armv7e-m/fpu\libc.a
LOAD c:/program files (x86)/atollic/truestudio for arm 8.1.0/armtools/bin/../lib/gcc/arm-atollic-eabi/6.3.1/../../../../arm-atollic-eabi/lib/armv7e-m/fpu\libnosys.a
END GROUP
LOAD c:/program files (x86)/atollic/truestudio for arm 8.1.0/armtools/bin/../lib/gcc/arm-atollic-eabi/6.3.1/armv7e-m/fpu/crtend.o
LOAD c:/program files (x86)/atollic/truestudio for arm 8.1.0/armtools/bin/../lib/gcc/arm-atollic-eabi/6.3.1/armv7e-m/fpu/crtn.o
                0x2000c000                _estack = 0x2000c000
                0x00000200                _Min_Heap_Size = 0x200
                0x00000400                _Min_Stack_Size = 0x400

.isr_vector     0x08000000      0x18c
                0x08000000                . = ALIGN (0x4)
 *(.isr_vector)
 .isr_vector    0x08000000      0x18c startup\startup_stm32l432xx.o
                0x08000000                g_pfnVectors
                0x0800018c                . = ALIGN (0x4)

.text           0x08000190     0xaf98
                0x08000190                . = ALIGN (0x4)
 *(.text)
 .text          0x08000190       0x40 c:/program files (x86)/atollic/truestudio for arm 8.1.0/armtools/bin/../lib/gcc/arm-atollic-eabi/6.3.1/armv7e-m/fpu/crtbegin.o
 .text          0x080001d0       0x10 c:/program files (x86)/atollic/truestudio for arm 8.1.0/armtools/bin/../lib/gcc/arm-atollic-eabi/6.3.1/../../../../arm-atollic-eabi/lib/armv7e-m/fpu\libc.a(lib_a-strlen.o)
                0x080001d0                strlen
 .text          0x080001e0       0xa0 c:/program files (x86)/atollic/truestudio for arm 8.1.0/armtools/bin/../lib/gcc/arm-atollic-eabi/6.3.1/../../../../arm-atollic-eabi/lib/armv7e-m/fpu\libc.a(lib_a-memchr.o)
                0x080001e0                memchr
 .text          0x08000280      0x370 c:/program files (x86)/atollic/truestudio for arm 8.1.0/armtools/bin/../lib/gcc/arm-atollic-eabi/6.3.1/armv7e-m/fpu\libgcc.a(_arm_addsubdf3.o)
                0x08000280                __aeabi_drsub
                0x08000288                __aeabi_dsub
                0x08000288                __subdf3
                0x0800028c                __aeabi_dadd
                0x0800028c                __adddf3
                0x08000504                __floatunsidf
                0x08000504                __aeabi_ui2d
                0x08000524                __floatsidf
                0x08000524                __aeabi_i2d
                0x08000548                __aeabi_f2d
                0x08000548                __extendsfdf2
                0x08000584                __floatundidf
                0x08000584                __aeabi_ul2d
                0x08000594                __floatdidf
                0x08000594                __aeabi_l2d
 .text          0x080005f0      0x424 c:/program files (x86)/atollic/truestudio for arm 8.1.0/armtools/bin/../lib/gcc/arm-atollic-eabi/6.3.1/armv7e-m/fpu\libgcc.a(_arm_muldivdf3.o)
                0x080005f0                __aeabi_dmul
                0x080005f0                __muldf3
                0x08000844                __divdf3
                0x08000844                __aeabi_ddiv
 .text          0x08000a14      0x110 c:/program files (x86)/atollic/truestudio for arm 8.1.0/armtools/bin/../lib/gcc/arm-atollic-eabi/6.3.1/armv7e-m/fpu\libgcc.a(_arm_cmpdf2.o)
                0x08000a14                __gtdf2
                0x08000a14                __gedf2
                0x08000a1c                __ltdf2
                0x08000a1c                __ledf2
                0x08000a24                __nedf2
                0x08000a24                __eqdf2
                0x08000a24                __cmpdf2
                0x08000aa0                __aeabi_cdrcmple
                0x08000ab0                __aeabi_cdcmpeq
                0x08000ab0                __aeabi_cdcmple
                0x08000ac0                __aeabi_dcmpeq
                0x08000ad4                __aeabi_dcmplt
                0x08000ae8                __aeabi_dcmple
                0x08000afc                __aeabi_dcmpge
                0x08000b10                __aeabi_dcmpgt
 .text          0x08000b24       0x2c c:/program files (x86)/atollic/truestudio for arm 8.1.0/armtools/bin/../lib/gcc/arm-atollic-eabi/6.3.1/armv7e-m/fpu\libgcc.a(_arm_unorddf2.o)
                0x08000b24                __unorddf2
                0x08000b24                __aeabi_dcmpun
 .text          0x08000b50       0x50 c:/program files (x86)/atollic/truestudio for arm 8.1.0/armtools/bin/../lib/gcc/arm-atollic-eabi/6.3.1/armv7e-m/fpu\libgcc.a(_arm_fixdfsi.o)
                0x08000b50                __aeabi_d2iz
                0x08000b50                __fixdfsi
 .text          0x08000ba0       0x40 c:/program files (x86)/atollic/truestudio for arm 8.1.0/armtools/bin/../lib/gcc/arm-atollic-eabi/6.3.1/armv7e-m/fpu\libgcc.a(_arm_fixunsdfsi.o)
                0x08000ba0                __aeabi_d2uiz
                0x08000ba0                __fixunsdfsi
 .text          0x08000be0       0xa0 c:/program files (x86)/atollic/truestudio for arm 8.1.0/armtools/bin/../lib/gcc/arm-atollic-eabi/6.3.1/armv7e-m/fpu\libgcc.a(_arm_truncdfsf2.o)
                0x08000be0                __truncdfsf2
                0x08000be0                __aeabi_d2f
 .text          0x08000c80       0x30 c:/program files (x86)/atollic/truestudio for arm 8.1.0/armtools/bin/../lib/gcc/arm-atollic-eabi/6.3.1/armv7e-m/fpu\libgcc.a(_aeabi_uldivmod.o)
                0x08000c80                __aeabi_uldivmod
 .text          0x08000cb0      0x2dc c:/program files (x86)/atollic/truestudio for arm 8.1.0/armtools/bin/../lib/gcc/arm-atollic-eabi/6.3.1/armv7e-m/fpu\libgcc.a(_udivmoddi4.o)
                0x08000cb0                __udivmoddi4
 .text          0x08000f8c        0x4 c:/program files (x86)/atollic/truestudio for arm 8.1.0/armtools/bin/../lib/gcc/arm-atollic-eabi/6.3.1/armv7e-m/fpu\libgcc.a(_dvmd_tls.o)
                0x08000f8c                __aeabi_idiv0
                0x08000f8c                __aeabi_ldiv0
 *(.text*)
 .text.HAL_InitTick
                0x08000f90       0x28 Drivers\STM32L4xx_HAL_Driver\Src\stm32l4xx_hal.o
                0x08000f90                HAL_InitTick
 .text.HAL_Init
                0x08000fb8       0x16 Drivers\STM32L4xx_HAL_Driver\Src\stm32l4xx_hal.o
                0x08000fb8                HAL_Init
 *fill*         0x08000fce        0x2 
 .text.HAL_IncTick
                0x08000fd0       0x10 Drivers\STM32L4xx_HAL_Driver\Src\stm32l4xx_hal.o
                0x08000fd0                HAL_IncTick
 .text.HAL_GetTick
                0x08000fe0        0xc Drivers\STM32L4xx_HAL_Driver\Src\stm32l4xx_hal.o
                0x08000fe0                HAL_GetTick
 .text.HAL_Delay
                0x08000fec       0x16 Drivers\STM32L4xx_HAL_Driver\Src\stm32l4xx_hal.o
                0x08000fec                HAL_Delay
 *fill*         0x08001002        0x2 
 .text.HAL_NVIC_SetPriorityGrouping
                0x08001004       0x24 Drivers\STM32L4xx_HAL_Driver\Src\stm32l4xx_hal_cortex.o
                0x08001004                HAL_NVIC_SetPriorityGrouping
 .text.HAL_NVIC_SetPriority
                0x08001028       0x68 Drivers\STM32L4xx_HAL_Driver\Src\stm32l4xx_hal_cortex.o
                0x08001028                HAL_NVIC_SetPriority
 .text.HAL_SYSTICK_Config
                0x08001090       0x2c Drivers\STM32L4xx_HAL_Driver\Src\stm32l4xx_hal_cortex.o
                0x08001090                HAL_SYSTICK_Config
 .text.HAL_SYSTICK_CLKSourceConfig
                0x080010bc       0x18 Drivers\STM32L4xx_HAL_Driver\Src\stm32l4xx_hal_cortex.o
                0x080010bc                HAL_SYSTICK_CLKSourceConfig
 .text.HAL_SYSTICK_Callback
                0x080010d4        0x2 Drivers\STM32L4xx_HAL_Driver\Src\stm32l4xx_hal_cortex.o
                0x080010d4                HAL_SYSTICK_Callback
 .text.HAL_SYSTICK_IRQHandler
                0x080010d6        0x8 Drivers\STM32L4xx_HAL_Driver\Src\stm32l4xx_hal_cortex.o
                0x080010d6                HAL_SYSTICK_IRQHandler
 *fill*         0x080010de        0x2 
 .text.HAL_GPIO_Init
                0x080010e0      0x168 Drivers\STM32L4xx_HAL_Driver\Src\stm32l4xx_hal_gpio.o
                0x080010e0                HAL_GPIO_Init
 .text.HAL_GPIO_ReadPin
                0x08001248        0xc Drivers\STM32L4xx_HAL_Driver\Src\stm32l4xx_hal_gpio.o
                0x08001248                HAL_GPIO_ReadPin
 .text.HAL_GPIO_WritePin
                0x08001254        0xa Drivers\STM32L4xx_HAL_Driver\Src\stm32l4xx_hal_gpio.o
                0x08001254                HAL_GPIO_WritePin
 *fill*         0x0800125e        0x2 
 .text.HAL_PWREx_GetVoltageRange
                0x08001260       0x10 Drivers\STM32L4xx_HAL_Driver\Src\stm32l4xx_hal_pwr_ex.o
                0x08001260                HAL_PWREx_GetVoltageRange
 .text.HAL_PWREx_ControlVoltageScaling
                0x08001270       0x68 Drivers\STM32L4xx_HAL_Driver\Src\stm32l4xx_hal_pwr_ex.o
                0x08001270                HAL_PWREx_ControlVoltageScaling
 .text.RCC_SetFlashLatencyFromMSIRange
                0x080012d8       0x84 Drivers\STM32L4xx_HAL_Driver\Src\stm32l4xx_hal_rcc.o
 .text.HAL_RCC_GetSysClockFreq
                0x0800135c      0x12c Drivers\STM32L4xx_HAL_Driver\Src\stm32l4xx_hal_rcc.o
                0x0800135c                HAL_RCC_GetSysClockFreq
 .text.HAL_RCC_OscConfig
                0x08001488      0x4d0 Drivers\STM32L4xx_HAL_Driver\Src\stm32l4xx_hal_rcc.o
                0x08001488                HAL_RCC_OscConfig
 .text.HAL_RCC_ClockConfig
                0x08001958      0x178 Drivers\STM32L4xx_HAL_Driver\Src\stm32l4xx_hal_rcc.o
                0x08001958                HAL_RCC_ClockConfig
 .text.HAL_RCC_GetHCLKFreq
                0x08001ad0        0xc Drivers\STM32L4xx_HAL_Driver\Src\stm32l4xx_hal_rcc.o
                0x08001ad0                HAL_RCC_GetHCLKFreq
 .text.HAL_RCC_GetPCLK1Freq
                0x08001adc       0x30 Drivers\STM32L4xx_HAL_Driver\Src\stm32l4xx_hal_rcc.o
                0x08001adc                HAL_RCC_GetPCLK1Freq
 .text.HAL_RCC_GetPCLK2Freq
                0x08001b0c       0x30 Drivers\STM32L4xx_HAL_Driver\Src\stm32l4xx_hal_rcc.o
                0x08001b0c                HAL_RCC_GetPCLK2Freq
 .text.RCCEx_PLLSAI1_Config
                0x08001b3c      0x168 Drivers\STM32L4xx_HAL_Driver\Src\stm32l4xx_hal_rcc_ex.o
 .text.HAL_RCCEx_PeriphCLKConfig
                0x08001ca4      0x284 Drivers\STM32L4xx_HAL_Driver\Src\stm32l4xx_hal_rcc_ex.o
                0x08001ca4                HAL_RCCEx_PeriphCLKConfig
 .text.TIM_OC1_SetConfig
                0x08001f28       0x78 Drivers\STM32L4xx_HAL_Driver\Src\stm32l4xx_hal_tim.o
 .text.TIM_OC3_SetConfig
                0x08001fa0       0x70 Drivers\STM32L4xx_HAL_Driver\Src\stm32l4xx_hal_tim.o
 .text.TIM_OC4_SetConfig
                0x08002010       0x58 Drivers\STM32L4xx_HAL_Driver\Src\stm32l4xx_hal_tim.o
 .text.TIM_OC5_SetConfig
                0x08002068       0x58 Drivers\STM32L4xx_HAL_Driver\Src\stm32l4xx_hal_tim.o
 .text.TIM_OC6_SetConfig
                0x080020c0       0x58 Drivers\STM32L4xx_HAL_Driver\Src\stm32l4xx_hal_tim.o
 .text.TIM_Base_SetConfig
                0x08002118       0x6c Drivers\STM32L4xx_HAL_Driver\Src\stm32l4xx_hal_tim.o
                0x08002118                TIM_Base_SetConfig
 .text.HAL_TIM_PWM_Init
                0x08002184       0x34 Drivers\STM32L4xx_HAL_Driver\Src\stm32l4xx_hal_tim.o
                0x08002184                HAL_TIM_PWM_Init
 .text.TIM_OC2_SetConfig
                0x080021b8       0x70 Drivers\STM32L4xx_HAL_Driver\Src\stm32l4xx_hal_tim.o
                0x080021b8                TIM_OC2_SetConfig
 .text.HAL_TIM_PWM_ConfigChannel
                0x08002228      0x10c Drivers\STM32L4xx_HAL_Driver\Src\stm32l4xx_hal_tim.o
                0x08002228                HAL_TIM_PWM_ConfigChannel
 .text.TIM_CCxChannelCmd
                0x08002334       0x18 Drivers\STM32L4xx_HAL_Driver\Src\stm32l4xx_hal_tim.o
                0x08002334                TIM_CCxChannelCmd
 .text.HAL_TIM_PWM_Stop
                0x0800234c       0x6c Drivers\STM32L4xx_HAL_Driver\Src\stm32l4xx_hal_tim.o
                0x0800234c                HAL_TIM_PWM_Stop
 .text.HAL_TIMEx_MasterConfigSynchronization
                0x080023b8       0x44 Drivers\STM32L4xx_HAL_Driver\Src\stm32l4xx_hal_tim_ex.o
                0x080023b8                HAL_TIMEx_MasterConfigSynchronization
 .text.HAL_TIMEx_ConfigBreakDeadTime
                0x080023fc       0x7c Drivers\STM32L4xx_HAL_Driver\Src\stm32l4xx_hal_tim_ex.o
                0x080023fc                HAL_TIMEx_ConfigBreakDeadTime
 .text.UART_SetConfig
                0x08002478      0x23c Drivers\STM32L4xx_HAL_Driver\Src\stm32l4xx_hal_uart.o
                0x08002478                UART_SetConfig
 .text.UART_AdvFeatureConfig
                0x080026b4       0xa8 Drivers\STM32L4xx_HAL_Driver\Src\stm32l4xx_hal_uart.o
                0x080026b4                UART_AdvFeatureConfig
 .text.UART_WaitOnFlagUntilTimeout
                0x0800275c       0x62 Drivers\STM32L4xx_HAL_Driver\Src\stm32l4xx_hal_uart.o
                0x0800275c                UART_WaitOnFlagUntilTimeout
 .text.HAL_UART_Transmit
                0x080027be       0xb2 Drivers\STM32L4xx_HAL_Driver\Src\stm32l4xx_hal_uart.o
                0x080027be                HAL_UART_Transmit
 .text.HAL_UART_Receive
                0x08002870       0xde Drivers\STM32L4xx_HAL_Driver\Src\stm32l4xx_hal_uart.o
                0x08002870                HAL_UART_Receive
 .text.UART_CheckIdleState
                0x0800294e       0x64 Drivers\STM32L4xx_HAL_Driver\Src\stm32l4xx_hal_uart.o
                0x0800294e                UART_CheckIdleState
 .text.HAL_UART_Init
                0x080029b2       0x64 Drivers\STM32L4xx_HAL_Driver\Src\stm32l4xx_hal_uart.o
                0x080029b2                HAL_UART_Init
 .text.GPIO_SetBits
                0x08002a16        0x6 Src\HD44780_F3.o
                0x08002a16                GPIO_SetBits
 .text.GPIO_ResetBits
                0x08002a1c        0x6 Src\HD44780_F3.o
                0x08002a1c                GPIO_ResetBits
 *fill*         0x08002a22        0x2 
 .text.hd44780_wr_hi_nibble
                0x08002a24       0x78 Src\HD44780_F3.o
                0x08002a24                hd44780_wr_hi_nibble
 .text.hd44780_wr_lo_nibble
                0x08002a9c       0x78 Src\HD44780_F3.o
                0x08002a9c                hd44780_wr_lo_nibble
 .text.hd44780_write
                0x08002b14       0x12 Src\HD44780_F3.o
                0x08002b14                hd44780_write
 *fill*         0x08002b26        0x2 
 .text.hd44780_wr_cmd
                0x08002b28       0x1c Src\HD44780_F3.o
                0x08002b28                hd44780_wr_cmd
 .text.hd44780_wr_data
                0x08002b44       0x1c Src\HD44780_F3.o
                0x08002b44                hd44780_wr_data
 .text.HD44780_Init
                0x08002b60       0xb0 Src\HD44780_F3.o
                0x08002b60                HD44780_Init
 .text.HD44780_GotoXY
                0x08002c10       0x1c Src\HD44780_F3.o
                0x08002c10                HD44780_GotoXY
 .text.HD44780_PutStr
                0x08002c2c       0x22 Src\HD44780_F3.o
                0x08002c2c                HD44780_PutStr
 .text.HD44780_ClrScr
                0x08002c4e        0x6 Src\HD44780_F3.o
                0x08002c4e                HD44780_ClrScr
 .text.deBounceInit
                0x08002c54       0xb8 Src\debounce.o
                0x08002c54                deBounceInit
 .text.deBounceReadPin
                0x08002d0c      0x100 Src\debounce.o
                0x08002d0c                deBounceReadPin
 .text.pushButtonInit
                0x08002e0c       0x2e Src\main.o
                0x08002e0c                pushButtonInit
 *fill*         0x08002e3a        0x2 
 .text.displayWelcome
                0x08002e3c       0x28 Src\main.o
                0x08002e3c                displayWelcome
 .text.displayAmount
                0x08002e64       0x48 Src\main.o
                0x08002e64                displayAmount
 .text.checkIfAmountRecd
                0x08002eac       0x3c Src\main.o
                0x08002eac                checkIfAmountRecd
 .text.checkOkOrCancel
                0x08002ee8       0x26 Src\main.o
                0x08002ee8                checkOkOrCancel
 .text.checkChequingOrSavings
                0x08002f0e       0x36 Src\main.o
                0x08002f0e                checkChequingOrSavings
 .text.displayOkCancel
                0x08002f44       0x2c Src\main.o
                0x08002f44                displayOkCancel
 .text.displayTransactionCancelled
                0x08002f70       0x44 Src\main.o
                0x08002f70                displayTransactionCancelled
 .text.displayChequingSavings
                0x08002fb4       0x44 Src\main.o
                0x08002fb4                displayChequingSavings
 .text.displayEnterPin
                0x08002ff8       0x28 Src\main.o
                0x08002ff8                displayEnterPin
 .text.displayPinOK
                0x08003020       0x28 Src\main.o
                0x08003020                displayPinOK
 .text.displayIncorrectPin
                0x08003048       0x28 Src\main.o
                0x08003048                displayIncorrectPin
 .text.displaySending
                0x08003070       0x28 Src\main.o
                0x08003070                displaySending
 .text.displayReceiving
                0x08003098       0x28 Src\main.o
                0x08003098                displayReceiving
 .text.displayApproved
                0x080030c0       0x28 Src\main.o
                0x080030c0                displayApproved
 .text.displayNiceDay
                0x080030e8       0x28 Src\main.o
                0x080030e8                displayNiceDay
 .text.displayPrintReceipt
                0x08003110       0x44 Src\main.o
                0x08003110                displayPrintReceipt
 .text.displayInsufficientAmount
                0x08003154       0x44 Src\main.o
                0x08003154                displayInsufficientAmount
 .text.getUserEnteredPin
                0x08003198       0x38 Src\main.o
                0x08003198                getUserEnteredPin
 .text.getBankResponse
                0x080031d0       0x38 Src\main.o
                0x080031d0                getBankResponse
 .text.checkingPin
                0x08003208       0x2e Src\main.o
                0x08003208                checkingPin
 .text.SystemClock_Config
                0x08003236       0xac Src\main.o
                0x08003236                SystemClock_Config
 *fill*         0x080032e2        0x2 
 .text.startup.main
                0x080032e4      0x2cc Src\main.o
                0x080032e4                main
 .text.Error_Handler
                0x080035b0        0x2 Src\main.o
                0x080035b0                Error_Handler
 *fill*         0x080035b2        0x2 
 .text.HAL_MspInit
                0x080035b4       0x8c Src\stm32l4xx_hal_msp.o
                0x080035b4                HAL_MspInit
 .text.HAL_TIM_PWM_MspInit
                0x08003640       0x28 Src\stm32l4xx_hal_msp.o
                0x08003640                HAL_TIM_PWM_MspInit
 .text.HAL_TIM_MspPostInit
                0x08003668       0x30 Src\stm32l4xx_hal_msp.o
                0x08003668                HAL_TIM_MspPostInit
 .text.HAL_UART_MspInit
                0x08003698       0x60 Src\stm32l4xx_hal_msp.o
                0x08003698                HAL_UART_MspInit
 .text.SysTick_Handler
                0x080036f8        0xe Src\stm32l4xx_it.o
                0x080036f8                SysTick_Handler
 *fill*         0x08003706        0x2 
 .text._write   0x08003708       0x54 Src\syscalls.o
                0x08003708                _write
 .text._sbrk    0x0800375c       0x1c Src\syscalls.o
                0x0800375c                _sbrk
 .text._close   0x08003778       0x10 Src\syscalls.o
                0x08003778                _close
 .text._fstat   0x08003788       0x10 Src\syscalls.o
                0x08003788                _fstat
 .text._isatty  0x08003798       0x10 Src\syscalls.o
                0x08003798                _isatty
 .text._lseek   0x080037a8       0x10 Src\syscalls.o
                0x080037a8                _lseek
 .text._read    0x080037b8       0x18 Src\syscalls.o
                0x080037b8                _read
 .text.SystemInit
                0x080037d0       0x48 Src\system_stm32l4xx.o
                0x080037d0                SystemInit
 .text.Reset_Handler
                0x08003818       0x50 startup\startup_stm32l432xx.o
                0x08003818                Reset_Handler
 .text.Default_Handler
                0x08003868        0x2 startup\startup_stm32l432xx.o
                0x08003868                RTC_Alarm_IRQHandler
                0x08003868                EXTI2_IRQHandler
                0x08003868                DebugMon_Handler
                0x08003868                TIM1_CC_IRQHandler
                0x08003868                TSC_IRQHandler
                0x08003868                HardFault_Handler
                0x08003868                TAMP_STAMP_IRQHandler
                0x08003868                PendSV_Handler
                0x08003868                NMI_Handler
                0x08003868                EXTI3_IRQHandler
                0x08003868                LPTIM2_IRQHandler
                0x08003868                I2C3_ER_IRQHandler
                0x08003868                EXTI0_IRQHandler
                0x08003868                CAN1_RX0_IRQHandler
                0x08003868                FPU_IRQHandler
                0x08003868                TIM1_UP_TIM16_IRQHandler
                0x08003868                UsageFault_Handler
                0x08003868                SPI1_IRQHandler
                0x08003868                TIM6_DAC_IRQHandler
                0x08003868                DMA2_Channel2_IRQHandler
                0x08003868                DMA1_Channel4_IRQHandler
                0x08003868                ADC1_IRQHandler
                0x08003868                DMA1_Channel7_IRQHandler
                0x08003868                CAN1_RX1_IRQHandler
                0x08003868                DMA2_Channel1_IRQHandler
                0x08003868                QUADSPI_IRQHandler
                0x08003868                I2C1_EV_IRQHandler
                0x08003868                DMA1_Channel6_IRQHandler
                0x08003868                DMA2_Channel4_IRQHandler
                0x08003868                RCC_IRQHandler
                0x08003868                TIM1_TRG_COM_IRQHandler
                0x08003868                DMA1_Channel1_IRQHandler
                0x08003868                Default_Handler
                0x08003868                DMA2_Channel7_IRQHandler
                0x08003868                EXTI15_10_IRQHandler
                0x08003868                TIM7_IRQHandler
                0x08003868                I2C3_EV_IRQHandler
                0x08003868                USB_IRQHandler
                0x08003868                EXTI9_5_IRQHandler
                0x08003868                RTC_WKUP_IRQHandler
                0x08003868                PVD_PVM_IRQHandler
                0x08003868                MemManage_Handler
                0x08003868                CAN1_TX_IRQHandler
                0x08003868                SVC_Handler
                0x08003868                DMA2_Channel5_IRQHandler
                0x08003868                CRS_IRQHandler
                0x08003868                DMA1_Channel5_IRQHandler
                0x08003868                EXTI4_IRQHandler
                0x08003868                RNG_IRQHandler
                0x08003868                DMA1_Channel3_IRQHandler
                0x08003868                COMP_IRQHandler
                0x08003868                WWDG_IRQHandler
                0x08003868                LPUART1_IRQHandler
                0x08003868                DMA2_Channel6_IRQHandler
                0x08003868                TIM2_IRQHandler
                0x08003868                EXTI1_IRQHandler
                0x08003868                USART2_IRQHandler
                0x08003868                DMA1_Channel2_IRQHandler
                0x08003868                CAN1_SCE_IRQHandler
                0x08003868                FLASH_IRQHandler
                0x08003868                BusFault_Handler
                0x08003868                USART1_IRQHandler
                0x08003868                SPI3_IRQHandler
                0x08003868                I2C1_ER_IRQHandler
                0x08003868                SWPMI1_IRQHandler
                0x08003868                LPTIM1_IRQHandler
                0x08003868                SAI1_IRQHandler
                0x08003868                DMA2_Channel3_IRQHandler
                0x08003868                TIM1_BRK_TIM15_IRQHandler
 *fill*         0x0800386a        0x2 
 .text._fpurge_r
                0x0800386c       0xb4 c:/program files (x86)/atollic/truestudio for arm 8.1.0/armtools/bin/../lib/gcc/arm-atollic-eabi/6.3.1/../../../../arm-atollic-eabi/lib/armv7e-m/fpu\libc.a(lib_a-fpurge.o)
                0x0800386c                _fpurge_r
 .text.fpurge   0x08003920       0x10 c:/program files (x86)/atollic/truestudio for arm 8.1.0/armtools/bin/../lib/gcc/arm-atollic-eabi/6.3.1/../../../../arm-atollic-eabi/lib/armv7e-m/fpu\libc.a(lib_a-fpurge.o)
                0x08003920                fpurge
 .text._malloc_trim_r
                0x08003930       0xac c:/program files (x86)/atollic/truestudio for arm 8.1.0/armtools/bin/../lib/gcc/arm-atollic-eabi/6.3.1/../../../../arm-atollic-eabi/lib/armv7e-m/fpu\libc.a(lib_a-freer.o)
                0x08003930                _malloc_trim_r
 .text._free_r  0x080039dc      0x178 c:/program files (x86)/atollic/truestudio for arm 8.1.0/armtools/bin/../lib/gcc/arm-atollic-eabi/6.3.1/../../../../arm-atollic-eabi/lib/armv7e-m/fpu\libc.a(lib_a-freer.o)
                0x080039dc                _free_r
 .text.__libc_init_array
                0x08003b54       0x48 c:/program files (x86)/atollic/truestudio for arm 8.1.0/armtools/bin/../lib/gcc/arm-atollic-eabi/6.3.1/../../../../arm-atollic-eabi/lib/armv7e-m/fpu\libc.a(lib_a-init.o)
                0x08003b54                __libc_init_array
 .text.__retarget_lock_init_recursive
                0x08003b9c        0x2 c:/program files (x86)/atollic/truestudio for arm 8.1.0/armtools/bin/../lib/gcc/arm-atollic-eabi/6.3.1/../../../../arm-atollic-eabi/lib/armv7e-m/fpu\libc.a(lib_a-lock.o)
                0x08003b9c                __retarget_lock_init_recursive
 .text.__retarget_lock_close_recursive
                0x08003b9e        0x2 c:/program files (x86)/atollic/truestudio for arm 8.1.0/armtools/bin/../lib/gcc/arm-atollic-eabi/6.3.1/../../../../arm-atollic-eabi/lib/armv7e-m/fpu\libc.a(lib_a-lock.o)
                0x08003b9e                __retarget_lock_close_recursive
 .text.__retarget_lock_acquire_recursive
                0x08003ba0        0x2 c:/program files (x86)/atollic/truestudio for arm 8.1.0/armtools/bin/../lib/gcc/arm-atollic-eabi/6.3.1/../../../../arm-atollic-eabi/lib/armv7e-m/fpu\libc.a(lib_a-lock.o)
                0x08003ba0                __retarget_lock_acquire_recursive
 .text.__retarget_lock_release_recursive
                0x08003ba2        0x2 c:/program files (x86)/atollic/truestudio for arm 8.1.0/armtools/bin/../lib/gcc/arm-atollic-eabi/6.3.1/../../../../arm-atollic-eabi/lib/armv7e-m/fpu\libc.a(lib_a-lock.o)
                0x08003ba2                __retarget_lock_release_recursive
 .text._malloc_r
                0x08003ba4      0x41c c:/program files (x86)/atollic/truestudio for arm 8.1.0/armtools/bin/../lib/gcc/arm-atollic-eabi/6.3.1/../../../../arm-atollic-eabi/lib/armv7e-m/fpu\libc.a(lib_a-mallocr.o)
                0x08003ba4                _malloc_r
 .text.memset   0x08003fc0       0x10 c:/program files (x86)/atollic/truestudio for arm 8.1.0/armtools/bin/../lib/gcc/arm-atollic-eabi/6.3.1/../../../../arm-atollic-eabi/lib/armv7e-m/fpu\libc.a(lib_a-memset.o)
                0x08003fc0                memset
 .text.__malloc_lock
                0x08003fd0        0xc c:/program files (x86)/atollic/truestudio for arm 8.1.0/armtools/bin/../lib/gcc/arm-atollic-eabi/6.3.1/../../../../arm-atollic-eabi/lib/armv7e-m/fpu\libc.a(lib_a-mlock.o)
                0x08003fd0                __malloc_lock
 .text.__malloc_unlock
                0x08003fdc        0xc c:/program files (x86)/atollic/truestudio for arm 8.1.0/armtools/bin/../lib/gcc/arm-atollic-eabi/6.3.1/../../../../arm-atollic-eabi/lib/armv7e-m/fpu\libc.a(lib_a-mlock.o)
                0x08003fdc                __malloc_unlock
 .text.printf   0x08003fe8       0x30 c:/program files (x86)/atollic/truestudio for arm 8.1.0/armtools/bin/../lib/gcc/arm-atollic-eabi/6.3.1/../../../../arm-atollic-eabi/lib/armv7e-m/fpu\libc.a(lib_a-printf.o)
                0x08003fe8                printf
 .text._puts_r  0x08004018       0xc0 c:/program files (x86)/atollic/truestudio for arm 8.1.0/armtools/bin/../lib/gcc/arm-atollic-eabi/6.3.1/../../../../arm-atollic-eabi/lib/armv7e-m/fpu\libc.a(lib_a-puts.o)
                0x08004018                _puts_r
 .text.puts     0x080040d8       0x10 c:/program files (x86)/atollic/truestudio for arm 8.1.0/armtools/bin/../lib/gcc/arm-atollic-eabi/6.3.1/../../../../arm-atollic-eabi/lib/armv7e-m/fpu\libc.a(lib_a-puts.o)
                0x080040d8                puts
 .text._sbrk_r  0x080040e8       0x20 c:/program files (x86)/atollic/truestudio for arm 8.1.0/armtools/bin/../lib/gcc/arm-atollic-eabi/6.3.1/../../../../arm-atollic-eabi/lib/armv7e-m/fpu\libc.a(lib_a-sbrkr.o)
                0x080040e8                _sbrk_r
 .text.scanf    0x08004108       0x30 c:/program files (x86)/atollic/truestudio for arm 8.1.0/armtools/bin/../lib/gcc/arm-atollic-eabi/6.3.1/../../../../arm-atollic-eabi/lib/armv7e-m/fpu\libc.a(lib_a-scanf.o)
                0x08004108                scanf
 .text.snprintf
                0x08004138       0x68 c:/program files (x86)/atollic/truestudio for arm 8.1.0/armtools/bin/../lib/gcc/arm-atollic-eabi/6.3.1/../../../../arm-atollic-eabi/lib/armv7e-m/fpu\libc.a(lib_a-snprintf.o)
                0x08004138                snprintf
 .text.strcpy   0x080041a0       0x10 c:/program files (x86)/atollic/truestudio for arm 8.1.0/armtools/bin/../lib/gcc/arm-atollic-eabi/6.3.1/../../../../arm-atollic-eabi/lib/armv7e-m/fpu\libc.a(lib_a-strcpy.o)
                0x080041a0                strcpy
 .text._svfprintf_r
                0x080041b0      0xfa8 c:/program files (x86)/atollic/truestudio for arm 8.1.0/armtools/bin/../lib/gcc/arm-atollic-eabi/6.3.1/../../../../arm-atollic-eabi/lib/armv7e-m/fpu\libc.a(lib_a-svfprintf.o)
                0x080041b0                _svfprintf_r
 .text._vfprintf_r
                0x08005158     0x1078 c:/program files (x86)/atollic/truestudio for arm 8.1.0/armtools/bin/../lib/gcc/arm-atollic-eabi/6.3.1/../../../../arm-atollic-eabi/lib/armv7e-m/fpu\libc.a(lib_a-vfprintf.o)
                0x08005158                _vfprintf_r
 .text.__sbprintf
                0x080061d0       0x80 c:/program files (x86)/atollic/truestudio for arm 8.1.0/armtools/bin/../lib/gcc/arm-atollic-eabi/6.3.1/../../../../arm-atollic-eabi/lib/armv7e-m/fpu\libc.a(lib_a-vfprintf.o)
 .text.__svfscanf_r
                0x08006250      0xb2c c:/program files (x86)/atollic/truestudio for arm 8.1.0/armtools/bin/../lib/gcc/arm-atollic-eabi/6.3.1/../../../../arm-atollic-eabi/lib/armv7e-m/fpu\libc.a(lib_a-vfscanf.o)
                0x08006250                __svfscanf_r
 .text._vfscanf_r
                0x08006d7c       0x50 c:/program files (x86)/atollic/truestudio for arm 8.1.0/armtools/bin/../lib/gcc/arm-atollic-eabi/6.3.1/../../../../arm-atollic-eabi/lib/armv7e-m/fpu\libc.a(lib_a-vfscanf.o)
                0x08006d7c                _vfscanf_r
 .text.__swsetup_r
                0x08006dcc       0xdc c:/program files (x86)/atollic/truestudio for arm 8.1.0/armtools/bin/../lib/gcc/arm-atollic-eabi/6.3.1/../../../../arm-atollic-eabi/lib/armv7e-m/fpu\libc.a(lib_a-wsetup.o)
                0x08006dcc                __swsetup_r
 .text.quorem   0x08006ea8      0x118 c:/program files (x86)/atollic/truestudio for arm 8.1.0/armtools/bin/../lib/gcc/arm-atollic-eabi/6.3.1/../../../../arm-atollic-eabi/lib/armv7e-m/fpu\libc.a(lib_a-dtoa.o)
 .text._dtoa_r  0x08006fc0      0xb9c c:/program files (x86)/atollic/truestudio for arm 8.1.0/armtools/bin/../lib/gcc/arm-atollic-eabi/6.3.1/../../../../arm-atollic-eabi/lib/armv7e-m/fpu\libc.a(lib_a-dtoa.o)
                0x08006fc0                _dtoa_r
 .text.__sflush_r
                0x08007b5c      0x124 c:/program files (x86)/atollic/truestudio for arm 8.1.0/armtools/bin/../lib/gcc/arm-atollic-eabi/6.3.1/../../../../arm-atollic-eabi/lib/armv7e-m/fpu\libc.a(lib_a-fflush.o)
                0x08007b5c                __sflush_r
 .text._fflush_r
                0x08007c80       0x78 c:/program files (x86)/atollic/truestudio for arm 8.1.0/armtools/bin/../lib/gcc/arm-atollic-eabi/6.3.1/../../../../arm-atollic-eabi/lib/armv7e-m/fpu\libc.a(lib_a-fflush.o)
                0x08007c80                _fflush_r
 .text.fflush   0x08007cf8       0x24 c:/program files (x86)/atollic/truestudio for arm 8.1.0/armtools/bin/../lib/gcc/arm-atollic-eabi/6.3.1/../../../../arm-atollic-eabi/lib/armv7e-m/fpu\libc.a(lib_a-fflush.o)
                0x08007cf8                fflush
 .text._cleanup_r
                0x08007d1c        0xc c:/program files (x86)/atollic/truestudio for arm 8.1.0/armtools/bin/../lib/gcc/arm-atollic-eabi/6.3.1/../../../../arm-atollic-eabi/lib/armv7e-m/fpu\libc.a(lib_a-findfp.o)
                0x08007d1c                _cleanup_r
 .text.std.isra.0
                0x08007d28       0x48 c:/program files (x86)/atollic/truestudio for arm 8.1.0/armtools/bin/../lib/gcc/arm-atollic-eabi/6.3.1/../../../../arm-atollic-eabi/lib/armv7e-m/fpu\libc.a(lib_a-findfp.o)
 .text.__sfmoreglue
                0x08007d70       0x2c c:/program files (x86)/atollic/truestudio for arm 8.1.0/armtools/bin/../lib/gcc/arm-atollic-eabi/6.3.1/../../../../arm-atollic-eabi/lib/armv7e-m/fpu\libc.a(lib_a-findfp.o)
                0x08007d70                __sfmoreglue
 .text.__sfp_lock_acquire
                0x08007d9c        0xc c:/program files (x86)/atollic/truestudio for arm 8.1.0/armtools/bin/../lib/gcc/arm-atollic-eabi/6.3.1/../../../../arm-atollic-eabi/lib/armv7e-m/fpu\libc.a(lib_a-findfp.o)
                0x08007d9c                __sfp_lock_acquire
 .text.__sfp_lock_release
                0x08007da8        0xc c:/program files (x86)/atollic/truestudio for arm 8.1.0/armtools/bin/../lib/gcc/arm-atollic-eabi/6.3.1/../../../../arm-atollic-eabi/lib/armv7e-m/fpu\libc.a(lib_a-findfp.o)
                0x08007da8                __sfp_lock_release
 .text.__sinit_lock_acquire
                0x08007db4        0xc c:/program files (x86)/atollic/truestudio for arm 8.1.0/armtools/bin/../lib/gcc/arm-atollic-eabi/6.3.1/../../../../arm-atollic-eabi/lib/armv7e-m/fpu\libc.a(lib_a-findfp.o)
                0x08007db4                __sinit_lock_acquire
 .text.__sinit_lock_release
                0x08007dc0        0xc c:/program files (x86)/atollic/truestudio for arm 8.1.0/armtools/bin/../lib/gcc/arm-atollic-eabi/6.3.1/../../../../arm-atollic-eabi/lib/armv7e-m/fpu\libc.a(lib_a-findfp.o)
                0x08007dc0                __sinit_lock_release
 .text.__sinit  0x08007dcc       0x74 c:/program files (x86)/atollic/truestudio for arm 8.1.0/armtools/bin/../lib/gcc/arm-atollic-eabi/6.3.1/../../../../arm-atollic-eabi/lib/armv7e-m/fpu\libc.a(lib_a-findfp.o)
                0x08007dcc                __sinit
 .text.__sfp    0x08007e40       0x8c c:/program files (x86)/atollic/truestudio for arm 8.1.0/armtools/bin/../lib/gcc/arm-atollic-eabi/6.3.1/../../../../arm-atollic-eabi/lib/armv7e-m/fpu\libc.a(lib_a-findfp.o)
                0x08007e40                __sfp
 .text._fread_r
                0x08007ecc       0xf8 c:/program files (x86)/atollic/truestudio for arm 8.1.0/armtools/bin/../lib/gcc/arm-atollic-eabi/6.3.1/../../../../arm-atollic-eabi/lib/armv7e-m/fpu\libc.a(lib_a-fread.o)
                0x08007ecc                _fread_r
 .text.__sfvwrite_r
                0x08007fc4      0x29c c:/program files (x86)/atollic/truestudio for arm 8.1.0/armtools/bin/../lib/gcc/arm-atollic-eabi/6.3.1/../../../../arm-atollic-eabi/lib/armv7e-m/fpu\libc.a(lib_a-fvwrite.o)
                0x08007fc4                __sfvwrite_r
 .text._fwalk   0x08008260       0x38 c:/program files (x86)/atollic/truestudio for arm 8.1.0/armtools/bin/../lib/gcc/arm-atollic-eabi/6.3.1/../../../../arm-atollic-eabi/lib/armv7e-m/fpu\libc.a(lib_a-fwalk.o)
                0x08008260                _fwalk
 .text._fwalk_reent
                0x08008298       0x3c c:/program files (x86)/atollic/truestudio for arm 8.1.0/armtools/bin/../lib/gcc/arm-atollic-eabi/6.3.1/../../../../arm-atollic-eabi/lib/armv7e-m/fpu\libc.a(lib_a-fwalk.o)
                0x08008298                _fwalk_reent
 .text.iswspace
                0x080082d4       0x1a c:/program files (x86)/atollic/truestudio for arm 8.1.0/armtools/bin/../lib/gcc/arm-atollic-eabi/6.3.1/../../../../arm-atollic-eabi/lib/armv7e-m/fpu\libc.a(lib_a-iswspace.o)
                0x080082d4                iswspace
 *fill*         0x080082ee        0x2 
 .text.__locale_mb_cur_max
                0x080082f0       0x1c c:/program files (x86)/atollic/truestudio for arm 8.1.0/armtools/bin/../lib/gcc/arm-atollic-eabi/6.3.1/../../../../arm-atollic-eabi/lib/armv7e-m/fpu\libc.a(lib_a-locale.o)
                0x080082f0                __locale_mb_cur_max
 .text.__locale_ctype_ptr_l
                0x0800830c        0x6 c:/program files (x86)/atollic/truestudio for arm 8.1.0/armtools/bin/../lib/gcc/arm-atollic-eabi/6.3.1/../../../../arm-atollic-eabi/lib/armv7e-m/fpu\libc.a(lib_a-locale.o)
                0x0800830c                __locale_ctype_ptr_l
 *fill*         0x08008312        0x2 
 .text.__locale_ctype_ptr
                0x08008314       0x1c c:/program files (x86)/atollic/truestudio for arm 8.1.0/armtools/bin/../lib/gcc/arm-atollic-eabi/6.3.1/../../../../arm-atollic-eabi/lib/armv7e-m/fpu\libc.a(lib_a-locale.o)
                0x08008314                __locale_ctype_ptr
 .text.__localeconv_l
                0x08008330        0x4 c:/program files (x86)/atollic/truestudio for arm 8.1.0/armtools/bin/../lib/gcc/arm-atollic-eabi/6.3.1/../../../../arm-atollic-eabi/lib/armv7e-m/fpu\libc.a(lib_a-localeconv.o)
                0x08008330                __localeconv_l
 .text._localeconv_r
                0x08008334       0x1c c:/program files (x86)/atollic/truestudio for arm 8.1.0/armtools/bin/../lib/gcc/arm-atollic-eabi/6.3.1/../../../../arm-atollic-eabi/lib/armv7e-m/fpu\libc.a(lib_a-localeconv.o)
                0x08008334                _localeconv_r
 .text.__swhatbuf_r
                0x08008350       0x56 c:/program files (x86)/atollic/truestudio for arm 8.1.0/armtools/bin/../lib/gcc/arm-atollic-eabi/6.3.1/../../../../arm-atollic-eabi/lib/armv7e-m/fpu\libc.a(lib_a-makebuf.o)
                0x08008350                __swhatbuf_r
 *fill*         0x080083a6        0x2 
 .text.__smakebuf_r
                0x080083a8       0x80 c:/program files (x86)/atollic/truestudio for arm 8.1.0/armtools/bin/../lib/gcc/arm-atollic-eabi/6.3.1/../../../../arm-atollic-eabi/lib/armv7e-m/fpu\libc.a(lib_a-makebuf.o)
                0x080083a8                __smakebuf_r
 .text.malloc   0x08008428       0x10 c:/program files (x86)/atollic/truestudio for arm 8.1.0/armtools/bin/../lib/gcc/arm-atollic-eabi/6.3.1/../../../../arm-atollic-eabi/lib/armv7e-m/fpu\libc.a(lib_a-malloc.o)
                0x08008428                malloc
 .text._mbrtowc_r
                0x08008438       0x58 c:/program files (x86)/atollic/truestudio for arm 8.1.0/armtools/bin/../lib/gcc/arm-atollic-eabi/6.3.1/../../../../arm-atollic-eabi/lib/armv7e-m/fpu\libc.a(lib_a-mbrtowc.o)
                0x08008438                _mbrtowc_r
 .text.__ascii_mbtowc
                0x08008490       0x24 c:/program files (x86)/atollic/truestudio for arm 8.1.0/armtools/bin/../lib/gcc/arm-atollic-eabi/6.3.1/../../../../arm-atollic-eabi/lib/armv7e-m/fpu\libc.a(lib_a-mbtowc_r.o)
                0x08008490                __ascii_mbtowc
 .text.memcpy   0x080084b4       0x16 c:/program files (x86)/atollic/truestudio for arm 8.1.0/armtools/bin/../lib/gcc/arm-atollic-eabi/6.3.1/../../../../arm-atollic-eabi/lib/armv7e-m/fpu\libc.a(lib_a-memcpy-stub.o)
                0x080084b4                memcpy
 .text.memmove  0x080084ca       0x34 c:/program files (x86)/atollic/truestudio for arm 8.1.0/armtools/bin/../lib/gcc/arm-atollic-eabi/6.3.1/../../../../arm-atollic-eabi/lib/armv7e-m/fpu\libc.a(lib_a-memmove.o)
                0x080084ca                memmove
 .text._Balloc  0x080084fe       0x68 c:/program files (x86)/atollic/truestudio for arm 8.1.0/armtools/bin/../lib/gcc/arm-atollic-eabi/6.3.1/../../../../arm-atollic-eabi/lib/armv7e-m/fpu\libc.a(lib_a-mprec.o)
                0x080084fe                _Balloc
 .text._Bfree   0x08008566       0x2e c:/program files (x86)/atollic/truestudio for arm 8.1.0/armtools/bin/../lib/gcc/arm-atollic-eabi/6.3.1/../../../../arm-atollic-eabi/lib/armv7e-m/fpu\libc.a(lib_a-mprec.o)
                0x08008566                _Bfree
 .text.__multadd
                0x08008594       0x76 c:/program files (x86)/atollic/truestudio for arm 8.1.0/armtools/bin/../lib/gcc/arm-atollic-eabi/6.3.1/../../../../arm-atollic-eabi/lib/armv7e-m/fpu\libc.a(lib_a-mprec.o)
                0x08008594                __multadd
 .text.__s2b    0x0800860a       0x7c c:/program files (x86)/atollic/truestudio for arm 8.1.0/armtools/bin/../lib/gcc/arm-atollic-eabi/6.3.1/../../../../arm-atollic-eabi/lib/armv7e-m/fpu\libc.a(lib_a-mprec.o)
                0x0800860a                __s2b
 .text.__hi0bits
                0x08008686       0x3e c:/program files (x86)/atollic/truestudio for arm 8.1.0/armtools/bin/../lib/gcc/arm-atollic-eabi/6.3.1/../../../../arm-atollic-eabi/lib/armv7e-m/fpu\libc.a(lib_a-mprec.o)
                0x08008686                __hi0bits
 .text.__lo0bits
                0x080086c4       0x5e c:/program files (x86)/atollic/truestudio for arm 8.1.0/armtools/bin/../lib/gcc/arm-atollic-eabi/6.3.1/../../../../arm-atollic-eabi/lib/armv7e-m/fpu\libc.a(lib_a-mprec.o)
                0x080086c4                __lo0bits
 .text.__i2b    0x08008722       0x12 c:/program files (x86)/atollic/truestudio for arm 8.1.0/armtools/bin/../lib/gcc/arm-atollic-eabi/6.3.1/../../../../arm-atollic-eabi/lib/armv7e-m/fpu\libc.a(lib_a-mprec.o)
                0x08008722                __i2b
 .text.__multiply
                0x08008734      0x11a c:/program files (x86)/atollic/truestudio for arm 8.1.0/armtools/bin/../lib/gcc/arm-atollic-eabi/6.3.1/../../../../arm-atollic-eabi/lib/armv7e-m/fpu\libc.a(lib_a-mprec.o)
                0x08008734                __multiply
 *fill*         0x0800884e        0x2 
 .text.__pow5mult
                0x08008850       0x9c c:/program files (x86)/atollic/truestudio for arm 8.1.0/armtools/bin/../lib/gcc/arm-atollic-eabi/6.3.1/../../../../arm-atollic-eabi/lib/armv7e-m/fpu\libc.a(lib_a-mprec.o)
                0x08008850                __pow5mult
 .text.__lshift
                0x080088ec       0xa2 c:/program files (x86)/atollic/truestudio for arm 8.1.0/armtools/bin/../lib/gcc/arm-atollic-eabi/6.3.1/../../../../arm-atollic-eabi/lib/armv7e-m/fpu\libc.a(lib_a-mprec.o)
                0x080088ec                __lshift
 .text.__mcmp   0x0800898e       0x34 c:/program files (x86)/atollic/truestudio for arm 8.1.0/armtools/bin/../lib/gcc/arm-atollic-eabi/6.3.1/../../../../arm-atollic-eabi/lib/armv7e-m/fpu\libc.a(lib_a-mprec.o)
                0x0800898e                __mcmp
 .text.__mdiff  0x080089c2       0xbc c:/program files (x86)/atollic/truestudio for arm 8.1.0/armtools/bin/../lib/gcc/arm-atollic-eabi/6.3.1/../../../../arm-atollic-eabi/lib/armv7e-m/fpu\libc.a(lib_a-mprec.o)
                0x080089c2                __mdiff
 *fill*         0x08008a7e        0x2 
 .text.__ulp    0x08008a80       0x50 c:/program files (x86)/atollic/truestudio for arm 8.1.0/armtools/bin/../lib/gcc/arm-atollic-eabi/6.3.1/../../../../arm-atollic-eabi/lib/armv7e-m/fpu\libc.a(lib_a-mprec.o)
                0x08008a80                __ulp
 .text.__b2d    0x08008ad0       0x9c c:/program files (x86)/atollic/truestudio for arm 8.1.0/armtools/bin/../lib/gcc/arm-atollic-eabi/6.3.1/../../../../arm-atollic-eabi/lib/armv7e-m/fpu\libc.a(lib_a-mprec.o)
                0x08008ad0                __b2d
 .text.__d2b    0x08008b6c       0x9e c:/program files (x86)/atollic/truestudio for arm 8.1.0/armtools/bin/../lib/gcc/arm-atollic-eabi/6.3.1/../../../../arm-atollic-eabi/lib/armv7e-m/fpu\libc.a(lib_a-mprec.o)
                0x08008b6c                __d2b
 .text.__ratio  0x08008c0a       0x58 c:/program files (x86)/atollic/truestudio for arm 8.1.0/armtools/bin/../lib/gcc/arm-atollic-eabi/6.3.1/../../../../arm-atollic-eabi/lib/armv7e-m/fpu\libc.a(lib_a-mprec.o)
                0x08008c0a                __ratio
 .text.__copybits
                0x08008c62       0x34 c:/program files (x86)/atollic/truestudio for arm 8.1.0/armtools/bin/../lib/gcc/arm-atollic-eabi/6.3.1/../../../../arm-atollic-eabi/lib/armv7e-m/fpu\libc.a(lib_a-mprec.o)
                0x08008c62                __copybits
 .text.__any_on
                0x08008c96       0x42 c:/program files (x86)/atollic/truestudio for arm 8.1.0/armtools/bin/../lib/gcc/arm-atollic-eabi/6.3.1/../../../../arm-atollic-eabi/lib/armv7e-m/fpu\libc.a(lib_a-mprec.o)
                0x08008c96                __any_on
 .text._realloc_r
                0x08008cd8      0x300 c:/program files (x86)/atollic/truestudio for arm 8.1.0/armtools/bin/../lib/gcc/arm-atollic-eabi/6.3.1/../../../../arm-atollic-eabi/lib/armv7e-m/fpu\libc.a(lib_a-reallocr.o)
                0x08008cd8                _realloc_r
 .text.lflush   0x08008fd8       0x12 c:/program files (x86)/atollic/truestudio for arm 8.1.0/armtools/bin/../lib/gcc/arm-atollic-eabi/6.3.1/../../../../arm-atollic-eabi/lib/armv7e-m/fpu\libc.a(lib_a-refill.o)
 *fill*         0x08008fea        0x2 
 .text.__srefill_r
                0x08008fec      0x12c c:/program files (x86)/atollic/truestudio for arm 8.1.0/armtools/bin/../lib/gcc/arm-atollic-eabi/6.3.1/../../../../arm-atollic-eabi/lib/armv7e-m/fpu\libc.a(lib_a-refill.o)
                0x08008fec                __srefill_r
 .text.__sccl   0x08009118       0x60 c:/program files (x86)/atollic/truestudio for arm 8.1.0/armtools/bin/../lib/gcc/arm-atollic-eabi/6.3.1/../../../../arm-atollic-eabi/lib/armv7e-m/fpu\libc.a(lib_a-sccl.o)
                0x08009118                __sccl
 .text.nanf     0x08009178        0xc c:/program files (x86)/atollic/truestudio for arm 8.1.0/armtools/bin/../lib/gcc/arm-atollic-eabi/6.3.1/../../../../arm-atollic-eabi/lib/armv7e-m/fpu\libc.a(lib_a-sf_nan.o)
                0x08009178                nanf
 .text.sprintf  0x08009184       0x48 c:/program files (x86)/atollic/truestudio for arm 8.1.0/armtools/bin/../lib/gcc/arm-atollic-eabi/6.3.1/../../../../arm-atollic-eabi/lib/armv7e-m/fpu\libc.a(lib_a-sprintf.o)
                0x08009184                sprintf
 .text.__sread  0x080091cc       0x22 c:/program files (x86)/atollic/truestudio for arm 8.1.0/armtools/bin/../lib/gcc/arm-atollic-eabi/6.3.1/../../../../arm-atollic-eabi/lib/armv7e-m/fpu\libc.a(lib_a-stdio.o)
                0x080091cc                __sread
 .text.__swrite
                0x080091ee       0x38 c:/program files (x86)/atollic/truestudio for arm 8.1.0/armtools/bin/../lib/gcc/arm-atollic-eabi/6.3.1/../../../../arm-atollic-eabi/lib/armv7e-m/fpu\libc.a(lib_a-stdio.o)
                0x080091ee                __swrite
 .text.__sseek  0x08009226       0x24 c:/program files (x86)/atollic/truestudio for arm 8.1.0/armtools/bin/../lib/gcc/arm-atollic-eabi/6.3.1/../../../../arm-atollic-eabi/lib/armv7e-m/fpu\libc.a(lib_a-stdio.o)
                0x08009226                __sseek
 .text.__sclose
                0x0800924a        0x8 c:/program files (x86)/atollic/truestudio for arm 8.1.0/armtools/bin/../lib/gcc/arm-atollic-eabi/6.3.1/../../../../arm-atollic-eabi/lib/armv7e-m/fpu\libc.a(lib_a-stdio.o)
                0x0800924a                __sclose
 .text.unlikely.sulp
                0x08009252       0x38 c:/program files (x86)/atollic/truestudio for arm 8.1.0/armtools/bin/../lib/gcc/arm-atollic-eabi/6.3.1/../../../../arm-atollic-eabi/lib/armv7e-m/fpu\libc.a(lib_a-strtod.o)
 *fill*         0x0800928a        0x6 
 .text._strtod_l
                0x08009290      0xbd8 c:/program files (x86)/atollic/truestudio for arm 8.1.0/armtools/bin/../lib/gcc/arm-atollic-eabi/6.3.1/../../../../arm-atollic-eabi/lib/armv7e-m/fpu\libc.a(lib_a-strtod.o)
                0x08009290                _strtod_l
 .text._strtod_r
                0x08009e68       0x20 c:/program files (x86)/atollic/truestudio for arm 8.1.0/armtools/bin/../lib/gcc/arm-atollic-eabi/6.3.1/../../../../arm-atollic-eabi/lib/armv7e-m/fpu\libc.a(lib_a-strtod.o)
                0x08009e68                _strtod_r
 .text._strtol_l.isra.0
                0x08009e88      0x100 c:/program files (x86)/atollic/truestudio for arm 8.1.0/armtools/bin/../lib/gcc/arm-atollic-eabi/6.3.1/../../../../arm-atollic-eabi/lib/armv7e-m/fpu\libc.a(lib_a-strtol.o)
 .text._strtol_r
                0x08009f88       0x24 c:/program files (x86)/atollic/truestudio for arm 8.1.0/armtools/bin/../lib/gcc/arm-atollic-eabi/6.3.1/../../../../arm-atollic-eabi/lib/armv7e-m/fpu\libc.a(lib_a-strtol.o)
                0x08009f88                _strtol_r
 .text._strtoll_l.isra.0
                0x08009fac      0x148 c:/program files (x86)/atollic/truestudio for arm 8.1.0/armtools/bin/../lib/gcc/arm-atollic-eabi/6.3.1/../../../../arm-atollic-eabi/lib/armv7e-m/fpu\libc.a(lib_a-strtoll.o)
 .text._strtoll_r
                0x0800a0f4       0x24 c:/program files (x86)/atollic/truestudio for arm 8.1.0/armtools/bin/../lib/gcc/arm-atollic-eabi/6.3.1/../../../../arm-atollic-eabi/lib/armv7e-m/fpu\libc.a(lib_a-strtoll.o)
                0x0800a0f4                _strtoll_r
 .text._strtoul_l.isra.0
                0x0800a118       0xfa c:/program files (x86)/atollic/truestudio for arm 8.1.0/armtools/bin/../lib/gcc/arm-atollic-eabi/6.3.1/../../../../arm-atollic-eabi/lib/armv7e-m/fpu\libc.a(lib_a-strtoul.o)
 *fill*         0x0800a212        0x2 
 .text._strtoul_r
                0x0800a214       0x24 c:/program files (x86)/atollic/truestudio for arm 8.1.0/armtools/bin/../lib/gcc/arm-atollic-eabi/6.3.1/../../../../arm-atollic-eabi/lib/armv7e-m/fpu\libc.a(lib_a-strtoul.o)
                0x0800a214                _strtoul_r
 .text._strtoull_l.isra.0
                0x0800a238      0x140 c:/program files (x86)/atollic/truestudio for arm 8.1.0/armtools/bin/../lib/gcc/arm-atollic-eabi/6.3.1/../../../../arm-atollic-eabi/lib/armv7e-m/fpu\libc.a(lib_a-strtoull.o)
 .text._strtoull_r
                0x0800a378       0x24 c:/program files (x86)/atollic/truestudio for arm 8.1.0/armtools/bin/../lib/gcc/arm-atollic-eabi/6.3.1/../../../../arm-atollic-eabi/lib/armv7e-m/fpu\libc.a(lib_a-strtoull.o)
                0x0800a378                _strtoull_r
 .text.__ssprint_r
                0x0800a39c       0xf4 c:/program files (x86)/atollic/truestudio for arm 8.1.0/armtools/bin/../lib/gcc/arm-atollic-eabi/6.3.1/../../../../arm-atollic-eabi/lib/armv7e-m/fpu\libc.a(lib_a-svfiprintf.o)
                0x0800a39c                __ssprint_r
 .text.__submore
                0x0800a490       0x76 c:/program files (x86)/atollic/truestudio for arm 8.1.0/armtools/bin/../lib/gcc/arm-atollic-eabi/6.3.1/../../../../arm-atollic-eabi/lib/armv7e-m/fpu\libc.a(lib_a-ungetc.o)
                0x0800a490                __submore
 *fill*         0x0800a506        0x2 
 .text._ungetc_r
                0x0800a508      0x140 c:/program files (x86)/atollic/truestudio for arm 8.1.0/armtools/bin/../lib/gcc/arm-atollic-eabi/6.3.1/../../../../arm-atollic-eabi/lib/armv7e-m/fpu\libc.a(lib_a-ungetc.o)
                0x0800a508                _ungetc_r
 .text.__sprint_r
                0x0800a648       0x6a c:/program files (x86)/atollic/truestudio for arm 8.1.0/armtools/bin/../lib/gcc/arm-atollic-eabi/6.3.1/../../../../arm-atollic-eabi/lib/armv7e-m/fpu\libc.a(lib_a-vfiprintf.o)
                0x0800a648                __sprint_r
 .text.__ascii_wctomb
                0x0800a6b2       0x1a c:/program files (x86)/atollic/truestudio for arm 8.1.0/armtools/bin/../lib/gcc/arm-atollic-eabi/6.3.1/../../../../arm-atollic-eabi/lib/armv7e-m/fpu\libc.a(lib_a-wctomb_r.o)
                0x0800a6b2                __ascii_wctomb
 .text._write_r
                0x0800a6cc       0x24 c:/program files (x86)/atollic/truestudio for arm 8.1.0/armtools/bin/../lib/gcc/arm-atollic-eabi/6.3.1/../../../../arm-atollic-eabi/lib/armv7e-m/fpu\libc.a(lib_a-writer.o)
                0x0800a6cc                _write_r
 .text._calloc_r
                0x0800a6f0       0x5a c:/program files (x86)/atollic/truestudio for arm 8.1.0/armtools/bin/../lib/gcc/arm-atollic-eabi/6.3.1/../../../../arm-atollic-eabi/lib/armv7e-m/fpu\libc.a(lib_a-callocr.o)
                0x0800a6f0                _calloc_r
 *fill*         0x0800a74a        0x2 
 .text._close_r
                0x0800a74c       0x20 c:/program files (x86)/atollic/truestudio for arm 8.1.0/armtools/bin/../lib/gcc/arm-atollic-eabi/6.3.1/../../../../arm-atollic-eabi/lib/armv7e-m/fpu\libc.a(lib_a-closer.o)
                0x0800a74c                _close_r
 .text._fclose_r
                0x0800a76c       0xd8 c:/program files (x86)/atollic/truestudio for arm 8.1.0/armtools/bin/../lib/gcc/arm-atollic-eabi/6.3.1/../../../../arm-atollic-eabi/lib/armv7e-m/fpu\libc.a(lib_a-fclose.o)
                0x0800a76c                _fclose_r
 .text.__fputwc
                0x0800a844       0x82 c:/program files (x86)/atollic/truestudio for arm 8.1.0/armtools/bin/../lib/gcc/arm-atollic-eabi/6.3.1/../../../../arm-atollic-eabi/lib/armv7e-m/fpu\libc.a(lib_a-fputwc.o)
                0x0800a844                __fputwc
 .text._fputwc_r
                0x0800a8c6       0x52 c:/program files (x86)/atollic/truestudio for arm 8.1.0/armtools/bin/../lib/gcc/arm-atollic-eabi/6.3.1/../../../../arm-atollic-eabi/lib/armv7e-m/fpu\libc.a(lib_a-fputwc.o)
                0x0800a8c6                _fputwc_r
 .text._fstat_r
                0x0800a918       0x24 c:/program files (x86)/atollic/truestudio for arm 8.1.0/armtools/bin/../lib/gcc/arm-atollic-eabi/6.3.1/../../../../arm-atollic-eabi/lib/armv7e-m/fpu\libc.a(lib_a-fstatr.o)
                0x0800a918                _fstat_r
 .text.rshift   0x0800a93c       0x6a c:/program files (x86)/atollic/truestudio for arm 8.1.0/armtools/bin/../lib/gcc/arm-atollic-eabi/6.3.1/../../../../arm-atollic-eabi/lib/armv7e-m/fpu\libc.a(lib_a-gdtoa-gethex.o)
 .text.__hexdig_fun
                0x0800a9a6       0x2a c:/program files (x86)/atollic/truestudio for arm 8.1.0/armtools/bin/../lib/gcc/arm-atollic-eabi/6.3.1/../../../../arm-atollic-eabi/lib/armv7e-m/fpu\libc.a(lib_a-gdtoa-gethex.o)
                0x0800a9a6                __hexdig_fun
 .text.__gethex
                0x0800a9d0      0x43c c:/program files (x86)/atollic/truestudio for arm 8.1.0/armtools/bin/../lib/gcc/arm-atollic-eabi/6.3.1/../../../../arm-atollic-eabi/lib/armv7e-m/fpu\libc.a(lib_a-gdtoa-gethex.o)
                0x0800a9d0                __gethex
 .text.L_shift  0x0800ae0c       0x24 c:/program files (x86)/atollic/truestudio for arm 8.1.0/armtools/bin/../lib/gcc/arm-atollic-eabi/6.3.1/../../../../arm-atollic-eabi/lib/armv7e-m/fpu\libc.a(lib_a-gdtoa-hexnan.o)
 .text.__match  0x0800ae30       0x26 c:/program files (x86)/atollic/truestudio for arm 8.1.0/armtools/bin/../lib/gcc/arm-atollic-eabi/6.3.1/../../../../arm-atollic-eabi/lib/armv7e-m/fpu\libc.a(lib_a-gdtoa-hexnan.o)
                0x0800ae30                __match
 .text.__hexnan
                0x0800ae56      0x120 c:/program files (x86)/atollic/truestudio for arm 8.1.0/armtools/bin/../lib/gcc/arm-atollic-eabi/6.3.1/../../../../arm-atollic-eabi/lib/armv7e-m/fpu\libc.a(lib_a-gdtoa-hexnan.o)
                0x0800ae56                __hexnan
 *fill*         0x0800af76        0x2 
 .text._isatty_r
                0x0800af78       0x20 c:/program files (x86)/atollic/truestudio for arm 8.1.0/armtools/bin/../lib/gcc/arm-atollic-eabi/6.3.1/../../../../arm-atollic-eabi/lib/armv7e-m/fpu\libc.a(lib_a-isattyr.o)
                0x0800af78                _isatty_r
 .text._lseek_r
                0x0800af98       0x24 c:/program files (x86)/atollic/truestudio for arm 8.1.0/armtools/bin/../lib/gcc/arm-atollic-eabi/6.3.1/../../../../arm-atollic-eabi/lib/armv7e-m/fpu\libc.a(lib_a-lseekr.o)
                0x0800af98                _lseek_r
 .text._read_r  0x0800afbc       0x24 c:/program files (x86)/atollic/truestudio for arm 8.1.0/armtools/bin/../lib/gcc/arm-atollic-eabi/6.3.1/../../../../arm-atollic-eabi/lib/armv7e-m/fpu\libc.a(lib_a-readr.o)
                0x0800afbc                _read_r
 .text.strncmp  0x0800afe0       0x24 c:/program files (x86)/atollic/truestudio for arm 8.1.0/armtools/bin/../lib/gcc/arm-atollic-eabi/6.3.1/../../../../arm-atollic-eabi/lib/armv7e-m/fpu\libc.a(lib_a-strncmp.o)
                0x0800afe0                strncmp
 .text.__swbuf_r
                0x0800b004       0xbc c:/program files (x86)/atollic/truestudio for arm 8.1.0/armtools/bin/../lib/gcc/arm-atollic-eabi/6.3.1/../../../../arm-atollic-eabi/lib/armv7e-m/fpu\libc.a(lib_a-wbuf.o)
                0x0800b004                __swbuf_r
 .text._wcrtomb_r
                0x0800b0c0       0x50 c:/program files (x86)/atollic/truestudio for arm 8.1.0/armtools/bin/../lib/gcc/arm-atollic-eabi/6.3.1/../../../../arm-atollic-eabi/lib/armv7e-m/fpu\libc.a(lib_a-wcrtomb.o)
                0x0800b0c0                _wcrtomb_r
 *(.glue_7)
 .glue_7        0x0800b110        0x0 linker stubs
 *(.glue_7t)
 .glue_7t       0x0800b110        0x0 linker stubs
 *(.eh_frame)
 .eh_frame      0x0800b110        0x0 c:/program files (x86)/atollic/truestudio for arm 8.1.0/armtools/bin/../lib/gcc/arm-atollic-eabi/6.3.1/armv7e-m/fpu/crtbegin.o
 *(.init)
 .init          0x0800b110        0x4 c:/program files (x86)/atollic/truestudio for arm 8.1.0/armtools/bin/../lib/gcc/arm-atollic-eabi/6.3.1/armv7e-m/fpu/crti.o
                0x0800b110                _init
 .init          0x0800b114        0x8 c:/program files (x86)/atollic/truestudio for arm 8.1.0/armtools/bin/../lib/gcc/arm-atollic-eabi/6.3.1/armv7e-m/fpu/crtn.o
 *(.fini)
 .fini          0x0800b11c        0x4 c:/program files (x86)/atollic/truestudio for arm 8.1.0/armtools/bin/../lib/gcc/arm-atollic-eabi/6.3.1/armv7e-m/fpu/crti.o
                0x0800b11c                _fini
 .fini          0x0800b120        0x8 c:/program files (x86)/atollic/truestudio for arm 8.1.0/armtools/bin/../lib/gcc/arm-atollic-eabi/6.3.1/armv7e-m/fpu/crtn.o
                0x0800b128                . = ALIGN (0x4)
                0x0800b128                _etext = .

.vfp11_veneer   0x0800b128        0x0
 .vfp11_veneer  0x0800b128        0x0 linker stubs

.v4_bx          0x0800b128        0x0
 .v4_bx         0x0800b128        0x0 linker stubs

.iplt           0x0800b128        0x0
 .iplt          0x0800b128        0x0 c:/program files (x86)/atollic/truestudio for arm 8.1.0/armtools/bin/../lib/gcc/arm-atollic-eabi/6.3.1/armv7e-m/fpu/crtbegin.o

.rodata         0x0800b128      0x5cc
                0x0800b128                . = ALIGN (0x4)
 *(.rodata)
 *(.rodata*)
 .rodata.CSWTCH.49
                0x0800b128        0x4 Drivers\STM32L4xx_HAL_Driver\Src\stm32l4xx_hal_uart.o
 .rodata.CSWTCH.50
                0x0800b12c        0xd Drivers\STM32L4xx_HAL_Driver\Src\stm32l4xx_hal_uart.o
 .rodata.CSWTCH.18
                0x0800b139        0x4 Src\HD44780_F3.o
 .rodata.checkIfAmountRecd.str1.1
                0x0800b13d       0x3a Src\main.o
 .rodata.displayAmount.str1.1
                0x0800b177        0x6 Src\main.o
 .rodata.displayApproved.str1.1
                0x0800b17d        0x9 Src\main.o
 .rodata.displayChequingSavings.str1.1
                0x0800b186       0x15 Src\main.o
 .rodata.displayEnterPin.str1.1
                0x0800b19b        0xa Src\main.o
 .rodata.displayIncorrectPin.str1.1
                0x0800b1a5        0xe Src\main.o
 .rodata.displayInsufficientAmount.str1.1
                0x0800b1b3       0x15 Src\main.o
 .rodata.displayNiceDay.str1.1
                0x0800b1c8       0x10 Src\main.o
 .rodata.displayOkCancel.str1.1
                0x0800b1d8        0xe Src\main.o
 .rodata.displayPinOK.str1.1
                0x0800b1e6        0x7 Src\main.o
 .rodata.displayPrintReceipt.str1.1
                0x0800b1ed       0x11 Src\main.o
 .rodata.displayReceiving.str1.1
                0x0800b1fe        0xd Src\main.o
 .rodata.displaySending.str1.1
                0x0800b20b        0xb Src\main.o
 .rodata.displayTransactionCancelled.str1.1
                0x0800b216        0xd Src\main.o
                                 0x17 (size before relaxing)
 .rodata.displayWelcome.str1.1
                0x0800b223        0x9 Src\main.o
 .rodata.getBankResponse.str1.1
                0x0800b22c       0x22 Src\main.o
 .rodata.getUserEnteredPin.str1.1
                0x0800b24e       0x10 Src\main.o
                                 0x13 (size before relaxing)
 .rodata.main.str1.1
                0x0800b25e       0xd2 Src\main.o
 .rodata._write.str1.1
                0x0800b330        0xa Src\syscalls.o
 .rodata.AHBPrescTable
                0x0800b33a       0x10 Src\system_stm32l4xx.o
                0x0800b33a                AHBPrescTable
 .rodata.APBPrescTable
                0x0800b34a        0x8 Src\system_stm32l4xx.o
                0x0800b34a                APBPrescTable
 *fill*         0x0800b352        0x2 
 .rodata.MSIRangeTable
                0x0800b354       0x30 Src\system_stm32l4xx.o
                0x0800b354                MSIRangeTable
 .rodata._global_impure_ptr
                0x0800b384        0x4 c:/program files (x86)/atollic/truestudio for arm 8.1.0/armtools/bin/../lib/gcc/arm-atollic-eabi/6.3.1/../../../../arm-atollic-eabi/lib/armv7e-m/fpu\libc.a(lib_a-impure.o)
                0x0800b384                _global_impure_ptr
 .rodata._puts_r.str1.1
                0x0800b388        0xa c:/program files (x86)/atollic/truestudio for arm 8.1.0/armtools/bin/../lib/gcc/arm-atollic-eabi/6.3.1/../../../../arm-atollic-eabi/lib/armv7e-m/fpu\libc.a(lib_a-puts.o)
                                  0x2 (size before relaxing)
 .rodata._svfprintf_r.str1.1
                0x0800b388       0x34 c:/program files (x86)/atollic/truestudio for arm 8.1.0/armtools/bin/../lib/gcc/arm-atollic-eabi/6.3.1/../../../../arm-atollic-eabi/lib/armv7e-m/fpu\libc.a(lib_a-svfprintf.o)
 .rodata.blanks.8359
                0x0800b3bc       0x10 c:/program files (x86)/atollic/truestudio for arm 8.1.0/armtools/bin/../lib/gcc/arm-atollic-eabi/6.3.1/../../../../arm-atollic-eabi/lib/armv7e-m/fpu\libc.a(lib_a-svfprintf.o)
 .rodata.zeroes.8360
                0x0800b3cc       0x10 c:/program files (x86)/atollic/truestudio for arm 8.1.0/armtools/bin/../lib/gcc/arm-atollic-eabi/6.3.1/../../../../arm-atollic-eabi/lib/armv7e-m/fpu\libc.a(lib_a-svfprintf.o)
 .rodata._vfprintf_r.str1.1
                0x0800b3dc       0x34 c:/program files (x86)/atollic/truestudio for arm 8.1.0/armtools/bin/../lib/gcc/arm-atollic-eabi/6.3.1/../../../../arm-atollic-eabi/lib/armv7e-m/fpu\libc.a(lib_a-vfprintf.o)
 .rodata.blanks.8374
                0x0800b3dc       0x10 c:/program files (x86)/atollic/truestudio for arm 8.1.0/armtools/bin/../lib/gcc/arm-atollic-eabi/6.3.1/../../../../arm-atollic-eabi/lib/armv7e-m/fpu\libc.a(lib_a-vfprintf.o)
 .rodata.zeroes.8375
                0x0800b3ec       0x10 c:/program files (x86)/atollic/truestudio for arm 8.1.0/armtools/bin/../lib/gcc/arm-atollic-eabi/6.3.1/../../../../arm-atollic-eabi/lib/armv7e-m/fpu\libc.a(lib_a-vfprintf.o)
 .rodata.__svfscanf_r.str1.1
                0x0800b3fc        0x5 c:/program files (x86)/atollic/truestudio for arm 8.1.0/armtools/bin/../lib/gcc/arm-atollic-eabi/6.3.1/../../../../arm-atollic-eabi/lib/armv7e-m/fpu\libc.a(lib_a-vfscanf.o)
 *fill*         0x0800b401        0x1 
 .rodata.basefix.8449
                0x0800b402       0x22 c:/program files (x86)/atollic/truestudio for arm 8.1.0/armtools/bin/../lib/gcc/arm-atollic-eabi/6.3.1/../../../../arm-atollic-eabi/lib/armv7e-m/fpu\libc.a(lib_a-vfscanf.o)
 .rodata._dtoa_r.str1.1
                0x0800b424        0xd c:/program files (x86)/atollic/truestudio for arm 8.1.0/armtools/bin/../lib/gcc/arm-atollic-eabi/6.3.1/../../../../arm-atollic-eabi/lib/armv7e-m/fpu\libc.a(lib_a-dtoa.o)
                                  0xf (size before relaxing)
 *fill*         0x0800b431        0x3 
 .rodata.__sf_fake_stderr
                0x0800b434       0x20 c:/program files (x86)/atollic/truestudio for arm 8.1.0/armtools/bin/../lib/gcc/arm-atollic-eabi/6.3.1/../../../../arm-atollic-eabi/lib/armv7e-m/fpu\libc.a(lib_a-findfp.o)
                0x0800b434                __sf_fake_stderr
 .rodata.__sf_fake_stdin
                0x0800b454       0x20 c:/program files (x86)/atollic/truestudio for arm 8.1.0/armtools/bin/../lib/gcc/arm-atollic-eabi/6.3.1/../../../../arm-atollic-eabi/lib/armv7e-m/fpu\libc.a(lib_a-findfp.o)
                0x0800b454                __sf_fake_stdin
 .rodata.__sf_fake_stdout
                0x0800b474       0x20 c:/program files (x86)/atollic/truestudio for arm 8.1.0/armtools/bin/../lib/gcc/arm-atollic-eabi/6.3.1/../../../../arm-atollic-eabi/lib/armv7e-m/fpu\libc.a(lib_a-findfp.o)
                0x0800b474                __sf_fake_stdout
 .rodata._setlocale_r.str1.1
                0x0800b494        0x8 c:/program files (x86)/atollic/truestudio for arm 8.1.0/armtools/bin/../lib/gcc/arm-atollic-eabi/6.3.1/../../../../arm-atollic-eabi/lib/armv7e-m/fpu\libc.a(lib_a-locale.o)
                                  0x9 (size before relaxing)
 .rodata.str1.1
                0x0800b49c        0x8 c:/program files (x86)/atollic/truestudio for arm 8.1.0/armtools/bin/../lib/gcc/arm-atollic-eabi/6.3.1/../../../../arm-atollic-eabi/lib/armv7e-m/fpu\libc.a(lib_a-locale.o)
                                  0x2 (size before relaxing)
 .rodata._mbrtowc_r.str1.1
                0x0800b49c        0x1 c:/program files (x86)/atollic/truestudio for arm 8.1.0/armtools/bin/../lib/gcc/arm-atollic-eabi/6.3.1/../../../../arm-atollic-eabi/lib/armv7e-m/fpu\libc.a(lib_a-mbrtowc.o)
 *fill*         0x0800b49c        0x4 
 .rodata.__mprec_bigtens
                0x0800b4a0       0x28 c:/program files (x86)/atollic/truestudio for arm 8.1.0/armtools/bin/../lib/gcc/arm-atollic-eabi/6.3.1/../../../../arm-atollic-eabi/lib/armv7e-m/fpu\libc.a(lib_a-mprec.o)
                0x0800b4a0                __mprec_bigtens
 .rodata.__mprec_tens
                0x0800b4c8       0xc8 c:/program files (x86)/atollic/truestudio for arm 8.1.0/armtools/bin/../lib/gcc/arm-atollic-eabi/6.3.1/../../../../arm-atollic-eabi/lib/armv7e-m/fpu\libc.a(lib_a-mprec.o)
                0x0800b4c8                __mprec_tens
 .rodata.p05.7196
                0x0800b590        0xc c:/program files (x86)/atollic/truestudio for arm 8.1.0/armtools/bin/../lib/gcc/arm-atollic-eabi/6.3.1/../../../../arm-atollic-eabi/lib/armv7e-m/fpu\libc.a(lib_a-mprec.o)
 .rodata._strtod_l.str1.1
                0x0800b59c        0x8 c:/program files (x86)/atollic/truestudio for arm 8.1.0/armtools/bin/../lib/gcc/arm-atollic-eabi/6.3.1/../../../../arm-atollic-eabi/lib/armv7e-m/fpu\libc.a(lib_a-strtod.o)
                                  0xc (size before relaxing)
 .rodata.fpi.7278
                0x0800b59c       0x14 c:/program files (x86)/atollic/truestudio for arm 8.1.0/armtools/bin/../lib/gcc/arm-atollic-eabi/6.3.1/../../../../arm-atollic-eabi/lib/armv7e-m/fpu\libc.a(lib_a-strtod.o)
 .rodata.fpinan.7314
                0x0800b5b0       0x14 c:/program files (x86)/atollic/truestudio for arm 8.1.0/armtools/bin/../lib/gcc/arm-atollic-eabi/6.3.1/../../../../arm-atollic-eabi/lib/armv7e-m/fpu\libc.a(lib_a-strtod.o)
 *fill*         0x0800b5c4        0x4 
 .rodata.tinytens
                0x0800b5c8       0x28 c:/program files (x86)/atollic/truestudio for arm 8.1.0/armtools/bin/../lib/gcc/arm-atollic-eabi/6.3.1/../../../../arm-atollic-eabi/lib/armv7e-m/fpu\libc.a(lib_a-strtod.o)
 .rodata._ctype_
                0x0800b5f0      0x101 c:/program files (x86)/atollic/truestudio for arm 8.1.0/armtools/bin/../lib/gcc/arm-atollic-eabi/6.3.1/../../../../arm-atollic-eabi/lib/armv7e-m/fpu\libc.a(lib_a-ctype_.o)
                0x0800b5f0                _ctype_
                0x0800b6f4                . = ALIGN (0x4)
 *fill*         0x0800b6f1        0x3 

.ARM.extab
 *(.ARM.extab* .gnu.linkonce.armextab.*)

.ARM            0x0800b6f4        0x8
                0x0800b6f4                __exidx_start = .
 *(.ARM.exidx*)
 .ARM.exidx     0x0800b6f4        0x8 c:/program files (x86)/atollic/truestudio for arm 8.1.0/armtools/bin/../lib/gcc/arm-atollic-eabi/6.3.1/armv7e-m/fpu\libgcc.a(_udivmoddi4.o)
                0x0800b6fc                __exidx_end = .

.rel.dyn        0x0800b6fc        0x0
 .rel.iplt      0x0800b6fc        0x0 c:/program files (x86)/atollic/truestudio for arm 8.1.0/armtools/bin/../lib/gcc/arm-atollic-eabi/6.3.1/armv7e-m/fpu/crtbegin.o

.preinit_array  0x0800b6fc        0x0
                0x0800b6fc                PROVIDE (__preinit_array_start, .)
 *(.preinit_array*)
                0x0800b6fc                PROVIDE (__preinit_array_end, .)

.init_array     0x0800b6fc        0x4
                0x0800b6fc                PROVIDE (__init_array_start, .)
 *(SORT(.init_array.*))
 *(.init_array*)
 .init_array    0x0800b6fc        0x4 c:/program files (x86)/atollic/truestudio for arm 8.1.0/armtools/bin/../lib/gcc/arm-atollic-eabi/6.3.1/armv7e-m/fpu/crtbegin.o
                0x0800b700                PROVIDE (__init_array_end, .)

.fini_array     0x0800b700        0x4
                [!provide]                PROVIDE (__fini_array_start, .)
 *(SORT(.fini_array.*))
 *(.fini_array*)
 .fini_array    0x0800b700        0x4 c:/program files (x86)/atollic/truestudio for arm 8.1.0/armtools/bin/../lib/gcc/arm-atollic-eabi/6.3.1/armv7e-m/fpu/crtbegin.o
                [!provide]                PROVIDE (__fini_array_end, .)
                0x0800b704                _sidata = LOADADDR (.data)

.data           0x20000000      0x678 load address 0x0800b704
                0x20000000                . = ALIGN (0x4)
                0x20000000                _sdata = .
 *(.data)
 *(.data*)
 .data.transactionState.9492
                0x20000000        0x1 Src\main.o
 *fill*         0x20000001        0x3 
 .data.SystemCoreClock
                0x20000004        0x4 Src\system_stm32l4xx.o
                0x20000004                SystemCoreClock
 .data._impure_ptr
                0x20000008        0x4 c:/program files (x86)/atollic/truestudio for arm 8.1.0/armtools/bin/../lib/gcc/arm-atollic-eabi/6.3.1/../../../../arm-atollic-eabi/lib/armv7e-m/fpu\libc.a(lib_a-impure.o)
                0x20000008                _impure_ptr
 .data.impure_data
                0x2000000c       0xf0 c:/program files (x86)/atollic/truestudio for arm 8.1.0/armtools/bin/../lib/gcc/arm-atollic-eabi/6.3.1/../../../../arm-atollic-eabi/lib/armv7e-m/fpu\libc.a(lib_a-impure.o)
 .data.__malloc_av_
                0x200000fc      0x408 c:/program files (x86)/atollic/truestudio for arm 8.1.0/armtools/bin/../lib/gcc/arm-atollic-eabi/6.3.1/../../../../arm-atollic-eabi/lib/armv7e-m/fpu\libc.a(lib_a-mallocr.o)
                0x200000fc                __malloc_av_
 .data.__malloc_sbrk_base
                0x20000504        0x4 c:/program files (x86)/atollic/truestudio for arm 8.1.0/armtools/bin/../lib/gcc/arm-atollic-eabi/6.3.1/../../../../arm-atollic-eabi/lib/armv7e-m/fpu\libc.a(lib_a-mallocr.o)
                0x20000504                __malloc_sbrk_base
 .data.__malloc_trim_threshold
                0x20000508        0x4 c:/program files (x86)/atollic/truestudio for arm 8.1.0/armtools/bin/../lib/gcc/arm-atollic-eabi/6.3.1/../../../../arm-atollic-eabi/lib/armv7e-m/fpu\libc.a(lib_a-mallocr.o)
                0x20000508                __malloc_trim_threshold
 .data.__global_locale
                0x2000050c      0x16c c:/program files (x86)/atollic/truestudio for arm 8.1.0/armtools/bin/../lib/gcc/arm-atollic-eabi/6.3.1/../../../../arm-atollic-eabi/lib/armv7e-m/fpu\libc.a(lib_a-locale.o)
                0x2000050c                __global_locale
                0x20000678                . = ALIGN (0x4)
                0x20000678                _edata = .

.igot.plt       0x20000678        0x0 load address 0x0800bd7c
 .igot.plt      0x20000678        0x0 c:/program files (x86)/atollic/truestudio for arm 8.1.0/armtools/bin/../lib/gcc/arm-atollic-eabi/6.3.1/armv7e-m/fpu/crtbegin.o
                0x20000678                . = ALIGN (0x4)

.bss            0x20000678      0x184 load address 0x0800bd7c
                0x20000678                _sbss = .
                0x20000678                __bss_start__ = _sbss
 *(.bss)
 .bss           0x20000678       0x1c c:/program files (x86)/atollic/truestudio for arm 8.1.0/armtools/bin/../lib/gcc/arm-atollic-eabi/6.3.1/armv7e-m/fpu/crtbegin.o
 *(.bss*)
 .bss.accountType.9495
                0x20000694        0x4 Src\main.o
 .bss.amount.9491
                0x20000698        0x4 Src\main.o
 .bss.heap_end.10123
                0x2000069c        0x4 Src\syscalls.o
 .bss.__malloc_current_mallinfo
                0x200006a0       0x28 c:/program files (x86)/atollic/truestudio for arm 8.1.0/armtools/bin/../lib/gcc/arm-atollic-eabi/6.3.1/../../../../arm-atollic-eabi/lib/armv7e-m/fpu\libc.a(lib_a-mallocr.o)
                0x200006a0                __malloc_current_mallinfo
 .bss.__malloc_max_sbrked_mem
                0x200006c8        0x4 c:/program files (x86)/atollic/truestudio for arm 8.1.0/armtools/bin/../lib/gcc/arm-atollic-eabi/6.3.1/../../../../arm-atollic-eabi/lib/armv7e-m/fpu\libc.a(lib_a-mallocr.o)
                0x200006c8                __malloc_max_sbrked_mem
 .bss.__malloc_max_total_mem
                0x200006cc        0x4 c:/program files (x86)/atollic/truestudio for arm 8.1.0/armtools/bin/../lib/gcc/arm-atollic-eabi/6.3.1/../../../../arm-atollic-eabi/lib/armv7e-m/fpu\libc.a(lib_a-mallocr.o)
                0x200006cc                __malloc_max_total_mem
 .bss.__malloc_top_pad
                0x200006d0        0x4 c:/program files (x86)/atollic/truestudio for arm 8.1.0/armtools/bin/../lib/gcc/arm-atollic-eabi/6.3.1/../../../../arm-atollic-eabi/lib/armv7e-m/fpu\libc.a(lib_a-mallocr.o)
                0x200006d0                __malloc_top_pad
 *(COMMON)
 COMMON         0x200006d4        0x4 Drivers\STM32L4xx_HAL_Driver\Src\stm32l4xx_hal.o
                0x200006d4                uwTick
 COMMON         0x200006d8      0x114 Src\main.o
                0x200006d8                hadc1
                0x20000740                htim1
                0x2000077c                huart2
 COMMON         0x200007ec        0x9 c:/program files (x86)/atollic/truestudio for arm 8.1.0/armtools/bin/../lib/gcc/arm-atollic-eabi/6.3.1/../../../../arm-atollic-eabi/lib/armv7e-m/fpu\libc.a(lib_a-lock.o)
                0x200007ec                __lock___atexit_recursive_mutex
                0x200007ed                __lock___arc4random_mutex
                0x200007ee                __lock___env_recursive_mutex
                0x200007ef                __lock___sinit_recursive_mutex
                0x200007f0                __lock___malloc_recursive_mutex
                0x200007f1                __lock___at_quick_exit_mutex
                0x200007f2                __lock___dd_hash_mutex
                0x200007f3                __lock___tz_mutex
                0x200007f4                __lock___sfp_recursive_mutex
 *fill*         0x200007f5        0x3 
 COMMON         0x200007f8        0x4 c:/program files (x86)/atollic/truestudio for arm 8.1.0/armtools/bin/../lib/gcc/arm-atollic-eabi/6.3.1/../../../../arm-atollic-eabi/lib/armv7e-m/fpu\libc.a(lib_a-reent.o)
                0x200007f8                errno
                0x200007fc                . = ALIGN (0x4)
                0x200007fc                _ebss = .
                0x200007fc                __bss_end__ = _ebss

._user_heap_stack
                0x200007fc      0x600 load address 0x0800bd7c
                0x200007fc                . = ALIGN (0x4)
                0x200007fc                PROVIDE (end, .)
                [!provide]                PROVIDE (_end, .)
                0x200009fc                . = (. + _Min_Heap_Size)
 *fill*         0x200007fc      0x200 
                0x20000dfc                . = (. + _Min_Stack_Size)
 *fill*         0x200009fc      0x400 
                0x20000dfc                . = ALIGN (0x4)

/DISCARD/
 libc.a(*)
 libm.a(*)
 libgcc.a(*)

.ARM.attributes
                0x00000000       0x30
 *(.ARM.attributes)
 .ARM.attributes
                0x00000000       0x22 c:/program files (x86)/atollic/truestudio for arm 8.1.0/armtools/bin/../lib/gcc/arm-atollic-eabi/6.3.1/armv7e-m/fpu/crti.o
 .ARM.attributes
                0x00000022       0x34 c:/program files (x86)/atollic/truestudio for arm 8.1.0/armtools/bin/../lib/gcc/arm-atollic-eabi/6.3.1/armv7e-m/fpu/crtbegin.o
 .ARM.attributes
                0x00000056       0x39 Drivers\STM32L4xx_HAL_Driver\Src\stm32l4xx_hal.o
 .ARM.attributes
                0x0000008f       0x39 Drivers\STM32L4xx_HAL_Driver\Src\stm32l4xx_hal_cortex.o
 .ARM.attributes
                0x000000c8       0x39 Drivers\STM32L4xx_HAL_Driver\Src\stm32l4xx_hal_gpio.o
 .ARM.attributes
                0x00000101       0x39 Drivers\STM32L4xx_HAL_Driver\Src\stm32l4xx_hal_pwr_ex.o
 .ARM.attributes
                0x0000013a       0x39 Drivers\STM32L4xx_HAL_Driver\Src\stm32l4xx_hal_rcc.o
 .ARM.attributes
                0x00000173       0x39 Drivers\STM32L4xx_HAL_Driver\Src\stm32l4xx_hal_rcc_ex.o
 .ARM.attributes
                0x000001ac       0x39 Drivers\STM32L4xx_HAL_Driver\Src\stm32l4xx_hal_tim.o
 .ARM.attributes
                0x000001e5       0x39 Drivers\STM32L4xx_HAL_Driver\Src\stm32l4xx_hal_tim_ex.o
 .ARM.attributes
                0x0000021e       0x39 Drivers\STM32L4xx_HAL_Driver\Src\stm32l4xx_hal_uart.o
 .ARM.attributes
                0x00000257       0x39 Src\HD44780_F3.o
 .ARM.attributes
                0x00000290       0x39 Src\debounce.o
 .ARM.attributes
                0x000002c9       0x39 Src\main.o
 .ARM.attributes
                0x00000302       0x39 Src\stm32l4xx_hal_msp.o
 .ARM.attributes
                0x0000033b       0x39 Src\stm32l4xx_it.o
 .ARM.attributes
                0x00000374       0x39 Src\syscalls.o
 .ARM.attributes
                0x000003ad       0x39 Src\system_stm32l4xx.o
 .ARM.attributes
                0x000003e6       0x21 startup\startup_stm32l432xx.o
 .ARM.attributes
                0x00000407       0x34 c:/program files (x86)/atollic/truestudio for arm 8.1.0/armtools/bin/../lib/gcc/arm-atollic-eabi/6.3.1/../../../../arm-atollic-eabi/lib/armv7e-m/fpu\libc.a(lib_a-fpurge.o)
 .ARM.attributes
                0x0000043b       0x34 c:/program files (x86)/atollic/truestudio for arm 8.1.0/armtools/bin/../lib/gcc/arm-atollic-eabi/6.3.1/../../../../arm-atollic-eabi/lib/armv7e-m/fpu\libc.a(lib_a-freer.o)
 .ARM.attributes
                0x0000046f       0x34 c:/program files (x86)/atollic/truestudio for arm 8.1.0/armtools/bin/../lib/gcc/arm-atollic-eabi/6.3.1/../../../../arm-atollic-eabi/lib/armv7e-m/fpu\libc.a(lib_a-impure.o)
 .ARM.attributes
                0x000004a3       0x34 c:/program files (x86)/atollic/truestudio for arm 8.1.0/armtools/bin/../lib/gcc/arm-atollic-eabi/6.3.1/../../../../arm-atollic-eabi/lib/armv7e-m/fpu\libc.a(lib_a-init.o)
 .ARM.attributes
                0x000004d7       0x34 c:/program files (x86)/atollic/truestudio for arm 8.1.0/armtools/bin/../lib/gcc/arm-atollic-eabi/6.3.1/../../../../arm-atollic-eabi/lib/armv7e-m/fpu\libc.a(lib_a-lock.o)
 .ARM.attributes
                0x0000050b       0x34 c:/program files (x86)/atollic/truestudio for arm 8.1.0/armtools/bin/../lib/gcc/arm-atollic-eabi/6.3.1/../../../../arm-atollic-eabi/lib/armv7e-m/fpu\libc.a(lib_a-mallocr.o)
 .ARM.attributes
                0x0000053f       0x34 c:/program files (x86)/atollic/truestudio for arm 8.1.0/armtools/bin/../lib/gcc/arm-atollic-eabi/6.3.1/../../../../arm-atollic-eabi/lib/armv7e-m/fpu\libc.a(lib_a-memset.o)
 .ARM.attributes
                0x00000573       0x34 c:/program files (x86)/atollic/truestudio for arm 8.1.0/armtools/bin/../lib/gcc/arm-atollic-eabi/6.3.1/../../../../arm-atollic-eabi/lib/armv7e-m/fpu\libc.a(lib_a-mlock.o)
 .ARM.attributes
                0x000005a7       0x34 c:/program files (x86)/atollic/truestudio for arm 8.1.0/armtools/bin/../lib/gcc/arm-atollic-eabi/6.3.1/../../../../arm-atollic-eabi/lib/armv7e-m/fpu\libc.a(lib_a-printf.o)
 .ARM.attributes
                0x000005db       0x34 c:/program files (x86)/atollic/truestudio for arm 8.1.0/armtools/bin/../lib/gcc/arm-atollic-eabi/6.3.1/../../../../arm-atollic-eabi/lib/armv7e-m/fpu\libc.a(lib_a-puts.o)
 .ARM.attributes
                0x0000060f       0x34 c:/program files (x86)/atollic/truestudio for arm 8.1.0/armtools/bin/../lib/gcc/arm-atollic-eabi/6.3.1/../../../../arm-atollic-eabi/lib/armv7e-m/fpu\libc.a(lib_a-reent.o)
 .ARM.attributes
                0x00000643       0x34 c:/program files (x86)/atollic/truestudio for arm 8.1.0/armtools/bin/../lib/gcc/arm-atollic-eabi/6.3.1/../../../../arm-atollic-eabi/lib/armv7e-m/fpu\libc.a(lib_a-sbrkr.o)
 .ARM.attributes
                0x00000677       0x34 c:/program files (x86)/atollic/truestudio for arm 8.1.0/armtools/bin/../lib/gcc/arm-atollic-eabi/6.3.1/../../../../arm-atollic-eabi/lib/armv7e-m/fpu\libc.a(lib_a-scanf.o)
 .ARM.attributes
                0x000006ab       0x34 c:/program files (x86)/atollic/truestudio for arm 8.1.0/armtools/bin/../lib/gcc/arm-atollic-eabi/6.3.1/../../../../arm-atollic-eabi/lib/armv7e-m/fpu\libc.a(lib_a-snprintf.o)
 .ARM.attributes
                0x000006df       0x34 c:/program files (x86)/atollic/truestudio for arm 8.1.0/armtools/bin/../lib/gcc/arm-atollic-eabi/6.3.1/../../../../arm-atollic-eabi/lib/armv7e-m/fpu\libc.a(lib_a-strcpy.o)
 .ARM.attributes
                0x00000713       0x1b c:/program files (x86)/atollic/truestudio for arm 8.1.0/armtools/bin/../lib/gcc/arm-atollic-eabi/6.3.1/../../../../arm-atollic-eabi/lib/armv7e-m/fpu\libc.a(lib_a-strlen.o)
 .ARM.attributes
                0x0000072e       0x34 c:/program files (x86)/atollic/truestudio for arm 8.1.0/armtools/bin/../lib/gcc/arm-atollic-eabi/6.3.1/../../../../arm-atollic-eabi/lib/armv7e-m/fpu\libc.a(lib_a-svfprintf.o)
 .ARM.attributes
                0x00000762       0x34 c:/program files (x86)/atollic/truestudio for arm 8.1.0/armtools/bin/../lib/gcc/arm-atollic-eabi/6.3.1/../../../../arm-atollic-eabi/lib/armv7e-m/fpu\libc.a(lib_a-vfprintf.o)
 .ARM.attributes
                0x00000796       0x34 c:/program files (x86)/atollic/truestudio for arm 8.1.0/armtools/bin/../lib/gcc/arm-atollic-eabi/6.3.1/../../../../arm-atollic-eabi/lib/armv7e-m/fpu\libc.a(lib_a-vfscanf.o)
 .ARM.attributes
                0x000007ca       0x34 c:/program files (x86)/atollic/truestudio for arm 8.1.0/armtools/bin/../lib/gcc/arm-atollic-eabi/6.3.1/../../../../arm-atollic-eabi/lib/armv7e-m/fpu\libc.a(lib_a-wsetup.o)
 .ARM.attributes
                0x000007fe       0x34 c:/program files (x86)/atollic/truestudio for arm 8.1.0/armtools/bin/../lib/gcc/arm-atollic-eabi/6.3.1/../../../../arm-atollic-eabi/lib/armv7e-m/fpu\libc.a(lib_a-dtoa.o)
 .ARM.attributes
                0x00000832       0x34 c:/program files (x86)/atollic/truestudio for arm 8.1.0/armtools/bin/../lib/gcc/arm-atollic-eabi/6.3.1/../../../../arm-atollic-eabi/lib/armv7e-m/fpu\libc.a(lib_a-fflush.o)
 .ARM.attributes
                0x00000866       0x34 c:/program files (x86)/atollic/truestudio for arm 8.1.0/armtools/bin/../lib/gcc/arm-atollic-eabi/6.3.1/../../../../arm-atollic-eabi/lib/armv7e-m/fpu\libc.a(lib_a-findfp.o)
 .ARM.attributes
                0x0000089a       0x34 c:/program files (x86)/atollic/truestudio for arm 8.1.0/armtools/bin/../lib/gcc/arm-atollic-eabi/6.3.1/../../../../arm-atollic-eabi/lib/armv7e-m/fpu\libc.a(lib_a-fread.o)
 .ARM.attributes
                0x000008ce       0x34 c:/program files (x86)/atollic/truestudio for arm 8.1.0/armtools/bin/../lib/gcc/arm-atollic-eabi/6.3.1/../../../../arm-atollic-eabi/lib/armv7e-m/fpu\libc.a(lib_a-fvwrite.o)
 .ARM.attributes
                0x00000902       0x34 c:/program files (x86)/atollic/truestudio for arm 8.1.0/armtools/bin/../lib/gcc/arm-atollic-eabi/6.3.1/../../../../arm-atollic-eabi/lib/armv7e-m/fpu\libc.a(lib_a-fwalk.o)
 .ARM.attributes
                0x00000936       0x34 c:/program files (x86)/atollic/truestudio for arm 8.1.0/armtools/bin/../lib/gcc/arm-atollic-eabi/6.3.1/../../../../arm-atollic-eabi/lib/armv7e-m/fpu\libc.a(lib_a-iswspace.o)
 .ARM.attributes
                0x0000096a       0x34 c:/program files (x86)/atollic/truestudio for arm 8.1.0/armtools/bin/../lib/gcc/arm-atollic-eabi/6.3.1/../../../../arm-atollic-eabi/lib/armv7e-m/fpu\libc.a(lib_a-locale.o)
 .ARM.attributes
                0x0000099e       0x34 c:/program files (x86)/atollic/truestudio for arm 8.1.0/armtools/bin/../lib/gcc/arm-atollic-eabi/6.3.1/../../../../arm-atollic-eabi/lib/armv7e-m/fpu\libc.a(lib_a-localeconv.o)
 .ARM.attributes
                0x000009d2       0x34 c:/program files (x86)/atollic/truestudio for arm 8.1.0/armtools/bin/../lib/gcc/arm-atollic-eabi/6.3.1/../../../../arm-atollic-eabi/lib/armv7e-m/fpu\libc.a(lib_a-makebuf.o)
 .ARM.attributes
                0x00000a06       0x34 c:/program files (x86)/atollic/truestudio for arm 8.1.0/armtools/bin/../lib/gcc/arm-atollic-eabi/6.3.1/../../../../arm-atollic-eabi/lib/armv7e-m/fpu\libc.a(lib_a-malloc.o)
 .ARM.attributes
                0x00000a3a       0x34 c:/program files (x86)/atollic/truestudio for arm 8.1.0/armtools/bin/../lib/gcc/arm-atollic-eabi/6.3.1/../../../../arm-atollic-eabi/lib/armv7e-m/fpu\libc.a(lib_a-mbrtowc.o)
 .ARM.attributes
                0x00000a6e       0x34 c:/program files (x86)/atollic/truestudio for arm 8.1.0/armtools/bin/../lib/gcc/arm-atollic-eabi/6.3.1/../../../../arm-atollic-eabi/lib/armv7e-m/fpu\libc.a(lib_a-mbtowc_r.o)
 .ARM.attributes
                0x00000aa2       0x20 c:/program files (x86)/atollic/truestudio for arm 8.1.0/armtools/bin/../lib/gcc/arm-atollic-eabi/6.3.1/../../../../arm-atollic-eabi/lib/armv7e-m/fpu\libc.a(lib_a-memchr.o)
 .ARM.attributes
                0x00000ac2       0x34 c:/program files (x86)/atollic/truestudio for arm 8.1.0/armtools/bin/../lib/gcc/arm-atollic-eabi/6.3.1/../../../../arm-atollic-eabi/lib/armv7e-m/fpu\libc.a(lib_a-memcpy-stub.o)
 .ARM.attributes
                0x00000af6       0x34 c:/program files (x86)/atollic/truestudio for arm 8.1.0/armtools/bin/../lib/gcc/arm-atollic-eabi/6.3.1/../../../../arm-atollic-eabi/lib/armv7e-m/fpu\libc.a(lib_a-memmove.o)
 .ARM.attributes
                0x00000b2a       0x34 c:/program files (x86)/atollic/truestudio for arm 8.1.0/armtools/bin/../lib/gcc/arm-atollic-eabi/6.3.1/../../../../arm-atollic-eabi/lib/armv7e-m/fpu\libc.a(lib_a-mprec.o)
 .ARM.attributes
                0x00000b5e       0x34 c:/program files (x86)/atollic/truestudio for arm 8.1.0/armtools/bin/../lib/gcc/arm-atollic-eabi/6.3.1/../../../../arm-atollic-eabi/lib/armv7e-m/fpu\libc.a(lib_a-reallocr.o)
 .ARM.attributes
                0x00000b92       0x34 c:/program files (x86)/atollic/truestudio for arm 8.1.0/armtools/bin/../lib/gcc/arm-atollic-eabi/6.3.1/../../../../arm-atollic-eabi/lib/armv7e-m/fpu\libc.a(lib_a-refill.o)
 .ARM.attributes
                0x00000bc6       0x34 c:/program files (x86)/atollic/truestudio for arm 8.1.0/armtools/bin/../lib/gcc/arm-atollic-eabi/6.3.1/../../../../arm-atollic-eabi/lib/armv7e-m/fpu\libc.a(lib_a-sccl.o)
 .ARM.attributes
                0x00000bfa       0x34 c:/program files (x86)/atollic/truestudio for arm 8.1.0/armtools/bin/../lib/gcc/arm-atollic-eabi/6.3.1/../../../../arm-atollic-eabi/lib/armv7e-m/fpu\libc.a(lib_a-sf_nan.o)
 .ARM.attributes
                0x00000c2e       0x34 c:/program files (x86)/atollic/truestudio for arm 8.1.0/armtools/bin/../lib/gcc/arm-atollic-eabi/6.3.1/../../../../arm-atollic-eabi/lib/armv7e-m/fpu\libc.a(lib_a-sprintf.o)
 .ARM.attributes
                0x00000c62       0x34 c:/program files (x86)/atollic/truestudio for arm 8.1.0/armtools/bin/../lib/gcc/arm-atollic-eabi/6.3.1/../../../../arm-atollic-eabi/lib/armv7e-m/fpu\libc.a(lib_a-stdio.o)
 .ARM.attributes
                0x00000c96       0x34 c:/program files (x86)/atollic/truestudio for arm 8.1.0/armtools/bin/../lib/gcc/arm-atollic-eabi/6.3.1/../../../../arm-atollic-eabi/lib/armv7e-m/fpu\libc.a(lib_a-strtod.o)
 .ARM.attributes
                0x00000cca       0x34 c:/program files (x86)/atollic/truestudio for arm 8.1.0/armtools/bin/../lib/gcc/arm-atollic-eabi/6.3.1/../../../../arm-atollic-eabi/lib/armv7e-m/fpu\libc.a(lib_a-strtol.o)
 .ARM.attributes
                0x00000cfe       0x34 c:/program files (x86)/atollic/truestudio for arm 8.1.0/armtools/bin/../lib/gcc/arm-atollic-eabi/6.3.1/../../../../arm-atollic-eabi/lib/armv7e-m/fpu\libc.a(lib_a-strtoll.o)
 .ARM.attributes
                0x00000d32       0x34 c:/program files (x86)/atollic/truestudio for arm 8.1.0/armtools/bin/../lib/gcc/arm-atollic-eabi/6.3.1/../../../../arm-atollic-eabi/lib/armv7e-m/fpu\libc.a(lib_a-strtoul.o)
 .ARM.attributes
                0x00000d66       0x34 c:/program files (x86)/atollic/truestudio for arm 8.1.0/armtools/bin/../lib/gcc/arm-atollic-eabi/6.3.1/../../../../arm-atollic-eabi/lib/armv7e-m/fpu\libc.a(lib_a-strtoull.o)
 .ARM.attributes
                0x00000d9a       0x34 c:/program files (x86)/atollic/truestudio for arm 8.1.0/armtools/bin/../lib/gcc/arm-atollic-eabi/6.3.1/../../../../arm-atollic-eabi/lib/armv7e-m/fpu\libc.a(lib_a-svfiprintf.o)
 .ARM.attributes
                0x00000dce       0x34 c:/program files (x86)/atollic/truestudio for arm 8.1.0/armtools/bin/../lib/gcc/arm-atollic-eabi/6.3.1/../../../../arm-atollic-eabi/lib/armv7e-m/fpu\libc.a(lib_a-ungetc.o)
 .ARM.attributes
                0x00000e02       0x34 c:/program files (x86)/atollic/truestudio for arm 8.1.0/armtools/bin/../lib/gcc/arm-atollic-eabi/6.3.1/../../../../arm-atollic-eabi/lib/armv7e-m/fpu\libc.a(lib_a-vfiprintf.o)
 .ARM.attributes
                0x00000e36       0x34 c:/program files (x86)/atollic/truestudio for arm 8.1.0/armtools/bin/../lib/gcc/arm-atollic-eabi/6.3.1/../../../../arm-atollic-eabi/lib/armv7e-m/fpu\libc.a(lib_a-wctomb_r.o)
 .ARM.attributes
                0x00000e6a       0x34 c:/program files (x86)/atollic/truestudio for arm 8.1.0/armtools/bin/../lib/gcc/arm-atollic-eabi/6.3.1/../../../../arm-atollic-eabi/lib/armv7e-m/fpu\libc.a(lib_a-writer.o)
 .ARM.attributes
                0x00000e9e       0x34 c:/program files (x86)/atollic/truestudio for arm 8.1.0/armtools/bin/../lib/gcc/arm-atollic-eabi/6.3.1/../../../../arm-atollic-eabi/lib/armv7e-m/fpu\libc.a(lib_a-callocr.o)
 .ARM.attributes
                0x00000ed2       0x34 c:/program files (x86)/atollic/truestudio for arm 8.1.0/armtools/bin/../lib/gcc/arm-atollic-eabi/6.3.1/../../../../arm-atollic-eabi/lib/armv7e-m/fpu\libc.a(lib_a-closer.o)
 .ARM.attributes