Archive member included to satisfy reference by file (symbol)

c:/program files (x86)/atollic/truestudio for stm32 9.0.1/armtools/bin/../lib/gcc/arm-atollic-eabi/6.3.1/../../../../arm-atollic-eabi/lib/armv7e-m/fpu\libc_nano.a(lib_a-init.o)
                              startup\startup_stm32l432xx.o (__libc_init_array)
c:/program files (x86)/atollic/truestudio for stm32 9.0.1/armtools/bin/../lib/gcc/arm-atollic-eabi/6.3.1/../../../../arm-atollic-eabi/lib/armv7e-m/fpu\libc_nano.a(lib_a-puts.o)
                              Src\main.o (puts)
c:/program files (x86)/atollic/truestudio for stm32 9.0.1/armtools/bin/../lib/gcc/arm-atollic-eabi/6.3.1/../../../../arm-atollic-eabi/lib/armv7e-m/fpu\libc_nano.a(lib_a-reent.o)
                              Src\syscalls.o (errno)
c:/program files (x86)/atollic/truestudio for stm32 9.0.1/armtools/bin/../lib/gcc/arm-atollic-eabi/6.3.1/../../../../arm-atollic-eabi/lib/armv7e-m/fpu\libc_nano.a(lib_a-scanf.o)
                              Src\main.o (scanf)
c:/program files (x86)/atollic/truestudio for stm32 9.0.1/armtools/bin/../lib/gcc/arm-atollic-eabi/6.3.1/../../../../arm-atollic-eabi/lib/armv7e-m/fpu\libc_nano.a(lib_a-wbuf.o)
                              c:/program files (x86)/atollic/truestudio for stm32 9.0.1/armtools/bin/../lib/gcc/arm-atollic-eabi/6.3.1/../../../../arm-atollic-eabi/lib/armv7e-m/fpu\libc_nano.a(lib_a-puts.o) (__swbuf_r)
c:/program files (x86)/atollic/truestudio for stm32 9.0.1/armtools/bin/../lib/gcc/arm-atollic-eabi/6.3.1/../../../../arm-atollic-eabi/lib/armv7e-m/fpu\libc_nano.a(lib_a-wsetup.o)
                              c:/program files (x86)/atollic/truestudio for stm32 9.0.1/armtools/bin/../lib/gcc/arm-atollic-eabi/6.3.1/../../../../arm-atollic-eabi/lib/armv7e-m/fpu\libc_nano.a(lib_a-puts.o) (__swsetup_r)
c:/program files (x86)/atollic/truestudio for stm32 9.0.1/armtools/bin/../lib/gcc/arm-atollic-eabi/6.3.1/../../../../arm-atollic-eabi/lib/armv7e-m/fpu\libc_nano.a(lib_a-fflush.o)
                              c:/program files (x86)/atollic/truestudio for stm32 9.0.1/armtools/bin/../lib/gcc/arm-atollic-eabi/6.3.1/../../../../arm-atollic-eabi/lib/armv7e-m/fpu\libc_nano.a(lib_a-wbuf.o) (_fflush_r)
c:/program files (x86)/atollic/truestudio for stm32 9.0.1/armtools/bin/../lib/gcc/arm-atollic-eabi/6.3.1/../../../../arm-atollic-eabi/lib/armv7e-m/fpu\libc_nano.a(lib_a-findfp.o)
                              c:/program files (x86)/atollic/truestudio for stm32 9.0.1/armtools/bin/../lib/gcc/arm-atollic-eabi/6.3.1/../../../../arm-atollic-eabi/lib/armv7e-m/fpu\libc_nano.a(lib_a-puts.o) (__sinit)
c:/program files (x86)/atollic/truestudio for stm32 9.0.1/armtools/bin/../lib/gcc/arm-atollic-eabi/6.3.1/../../../../arm-atollic-eabi/lib/armv7e-m/fpu\libc_nano.a(lib_a-fwalk.o)
                              c:/program files (x86)/atollic/truestudio for stm32 9.0.1/armtools/bin/../lib/gcc/arm-atollic-eabi/6.3.1/../../../../arm-atollic-eabi/lib/armv7e-m/fpu\libc_nano.a(lib_a-findfp.o) (_fwalk)
c:/program files (x86)/atollic/truestudio for stm32 9.0.1/armtools/bin/../lib/gcc/arm-atollic-eabi/6.3.1/../../../../arm-atollic-eabi/lib/armv7e-m/fpu\libc_nano.a(lib_a-impure.o)
                              c:/program files (x86)/atollic/truestudio for stm32 9.0.1/armtools/bin/../lib/gcc/arm-atollic-eabi/6.3.1/../../../../arm-atollic-eabi/lib/armv7e-m/fpu\libc_nano.a(lib_a-fflush.o) (_global_impure_ptr)
c:/program files (x86)/atollic/truestudio for stm32 9.0.1/armtools/bin/../lib/gcc/arm-atollic-eabi/6.3.1/../../../../arm-atollic-eabi/lib/armv7e-m/fpu\libc_nano.a(lib_a-makebuf.o)
                              c:/program files (x86)/atollic/truestudio for stm32 9.0.1/armtools/bin/../lib/gcc/arm-atollic-eabi/6.3.1/../../../../arm-atollic-eabi/lib/armv7e-m/fpu\libc_nano.a(lib_a-wsetup.o) (__smakebuf_r)
c:/program files (x86)/atollic/truestudio for stm32 9.0.1/armtools/bin/../lib/gcc/arm-atollic-eabi/6.3.1/../../../../arm-atollic-eabi/lib/armv7e-m/fpu\libc_nano.a(lib_a-memset.o)
                              c:/program files (x86)/atollic/truestudio for stm32 9.0.1/armtools/bin/../lib/gcc/arm-atollic-eabi/6.3.1/../../../../arm-atollic-eabi/lib/armv7e-m/fpu\libc_nano.a(lib_a-findfp.o) (memset)
c:/program files (x86)/atollic/truestudio for stm32 9.0.1/armtools/bin/../lib/gcc/arm-atollic-eabi/6.3.1/../../../../arm-atollic-eabi/lib/armv7e-m/fpu\libc_nano.a(lib_a-nano-freer.o)
                              c:/program files (x86)/atollic/truestudio for stm32 9.0.1/armtools/bin/../lib/gcc/arm-atollic-eabi/6.3.1/../../../../arm-atollic-eabi/lib/armv7e-m/fpu\libc_nano.a(lib_a-reent.o) (_free_r)
c:/program files (x86)/atollic/truestudio for stm32 9.0.1/armtools/bin/../lib/gcc/arm-atollic-eabi/6.3.1/../../../../arm-atollic-eabi/lib/armv7e-m/fpu\libc_nano.a(lib_a-nano-mallocr.o)
[...]
Memory Configuration

Name             Origin             Length             Attributes
RAM              0x20000000         0x00010000         xrw
FLASH            0x08000000         0x00040000         xr
*default*        0x00000000         0xffffffff

Linker script and memory map

LOAD c:/program files (x86)/atollic/truestudio for stm32 9.0.1/armtools/bin/../lib/gcc/arm-atollic-eabi/6.3.1/armv7e-m/fpu/crti.o
LOAD c:/program files (x86)/atollic/truestudio for stm32 9.0.1/armtools/bin/../lib/gcc/arm-atollic-eabi/6.3.1/armv7e-m/fpu/crtbegin.o
LOAD Drivers\STM32L4xx_HAL_Driver\Src\stm32l4xx_hal.o
LOAD Drivers\STM32L4xx_HAL_Driver\Src\stm32l4xx_hal_cortex.o
LOAD Drivers\STM32L4xx_HAL_Driver\Src\stm32l4xx_hal_dma.o
LOAD Drivers\STM32L4xx_HAL_Driver\Src\stm32l4xx_hal_dma_ex.o
LOAD Drivers\STM32L4xx_HAL_Driver\Src\stm32l4xx_hal_flash.o
LOAD Drivers\STM32L4xx_HAL_Driver\Src\stm32l4xx_hal_flash_ex.o
LOAD Drivers\STM32L4xx_HAL_Driver\Src\stm32l4xx_hal_flash_ramfunc.o
LOAD Drivers\STM32L4xx_HAL_Driver\Src\stm32l4xx_hal_gpio.o
LOAD Drivers\STM32L4xx_HAL_Driver\Src\stm32l4xx_hal_i2c.o
LOAD Drivers\STM32L4xx_HAL_Driver\Src\stm32l4xx_hal_i2c_ex.o
LOAD Drivers\STM32L4xx_HAL_Driver\Src\stm32l4xx_hal_pwr.o
LOAD Drivers\STM32L4xx_HAL_Driver\Src\stm32l4xx_hal_pwr_ex.o
LOAD Drivers\STM32L4xx_HAL_Driver\Src\stm32l4xx_hal_rcc.o
LOAD Drivers\STM32L4xx_HAL_Driver\Src\stm32l4xx_hal_rcc_ex.o
LOAD Drivers\STM32L4xx_HAL_Driver\Src\stm32l4xx_hal_tim.o
LOAD Drivers\STM32L4xx_HAL_Driver\Src\stm32l4xx_hal_tim_ex.o
LOAD Drivers\STM32L4xx_HAL_Driver\Src\stm32l4xx_hal_uart.o
LOAD Drivers\STM32L4xx_HAL_Driver\Src\stm32l4xx_hal_uart_ex.o
LOAD Src\main.o
LOAD Src\stm32l4xx_hal_msp.o
LOAD Src\stm32l4xx_it.o
LOAD Src\syscalls.o
LOAD Src\system_stm32l4xx.o
LOAD startup\startup_stm32l432xx.o
                0x00000080                malloc_getpagesize_P = 0x80
START GROUP
LOAD c:/program files (x86)/atollic/truestudio for stm32 9.0.1/armtools/bin/../lib/gcc/arm-atollic-eabi/6.3.1/../../../../arm-atollic-eabi/lib/armv7e-m/fpu\libc_nano.a
LOAD c:/program files (x86)/atollic/truestudio for stm32 9.0.1/armtools/bin/../lib/gcc/arm-atollic-eabi/6.3.1/../../../../arm-atollic-eabi/lib/armv7e-m/fpu\libm.a
END GROUP
START GROUP
LOAD c:/program files (x86)/atollic/truestudio for stm32 9.0.1/armtools/bin/../lib/gcc/arm-atollic-eabi/6.3.1/armv7e-m/fpu\libgcc.a
LOAD c:/program files (x86)/atollic/truestudio for stm32 9.0.1/armtools/bin/../lib/gcc/arm-atollic-eabi/6.3.1/../../../../arm-atollic-eabi/lib/armv7e-m/fpu\libc_nano.a
END GROUP
START GROUP
LOAD c:/program files (x86)/atollic/truestudio for stm32 9.0.1/armtools/bin/../lib/gcc/arm-atollic-eabi/6.3.1/armv7e-m/fpu\libgcc.a
LOAD c:/program files (x86)/atollic/truestudio for stm32 9.0.1/armtools/bin/../lib/gcc/arm-atollic-eabi/6.3.1/../../../../arm-atollic-eabi/lib/armv7e-m/fpu\libc_nano.a
LOAD c:/program files (x86)/atollic/truestudio for stm32 9.0.1/armtools/bin/../lib/gcc/arm-atollic-eabi/6.3.1/../../../../arm-atollic-eabi/lib/armv7e-m/fpu\libnosys.a
END GROUP
START GROUP
LOAD c:/program files (x86)/atollic/truestudio for stm32 9.0.1/armtools/bin/../lib/gcc/arm-atollic-eabi/6.3.1/armv7e-m/fpu\libgcc.a
LOAD c:/program files (x86)/atollic/truestudio for stm32 9.0.1/armtools/bin/../lib/gcc/arm-atollic-eabi/6.3.1/../../../../arm-atollic-eabi/lib/armv7e-m/fpu\libc_nano.a
LOAD c:/program files (x86)/atollic/truestudio for stm32 9.0.1/armtools/bin/../lib/gcc/arm-atollic-eabi/6.3.1/../../../../arm-atollic-eabi/lib/armv7e-m/fpu\libnosys.a
END GROUP
LOAD c:/program files (x86)/atollic/truestudio for stm32 9.0.1/armtools/bin/../lib/gcc/arm-atollic-eabi/6.3.1/armv7e-m/fpu/crtend.o
LOAD c:/program files (x86)/atollic/truestudio for stm32 9.0.1/armtools/bin/../lib/gcc/arm-atollic-eabi/6.3.1/armv7e-m/fpu/crtn.o
                0x20010000                _estack = 0x20010000
                0x00000200                _Min_Heap_Size = 0x200
                0x00000400                _Min_Stack_Size = 0x400

.isr_vector     0x08000000      0x18c
                0x08000000                . = ALIGN (0x4)
 *(.isr_vector)
 .isr_vector    0x08000000      0x18c startup\startup_stm32l432xx.o
                0x08000000                g_pfnVectors
                0x0800018c                . = ALIGN (0x4)

.text           0x08000190     0x3ac8
                0x08000190                . = ALIGN (0x4)
 *(.text)
 .text          0x08000190       0x40 c:/program files (x86)/atollic/truestudio for stm32 9.0.1/armtools/bin/../lib/gcc/arm-atollic-eabi/6.3.1/armv7e-m/fpu/crtbegin.o
 .text          0x080001d0       0xa0 c:/program files (x86)/atollic/truestudio for stm32 9.0.1/armtools/bin/../lib/gcc/arm-atollic-eabi/6.3.1/../../../../arm-atollic-eabi/lib/armv7e-m/fpu\libc_nano.a(lib_a-memchr.o)
                0x080001d0                memchr
 .text          0x08000270       0x30 c:/program files (x86)/atollic/truestudio for stm32 9.0.1/armtools/bin/../lib/gcc/arm-atollic-eabi/6.3.1/armv7e-m/fpu\libgcc.a(_aeabi_uldivmod.o)
                0x08000270                __aeabi_uldivmod
 .text          0x080002a0      0x2dc c:/program files (x86)/atollic/truestudio for stm32 9.0.1/armtools/bin/../lib/gcc/arm-atollic-eabi/6.3.1/armv7e-m/fpu\libgcc.a(_udivmoddi4.o)
                0x080002a0                __udivmoddi4
 .text          0x0800057c        0x4 c:/program files (x86)/atollic/truestudio for stm32 9.0.1/armtools/bin/../lib/gcc/arm-atollic-eabi/6.3.1/armv7e-m/fpu\libgcc.a(_dvmd_tls.o)
                0x0800057c                __aeabi_idiv0
                0x0800057c                __aeabi_ldiv0
 *(.text*)
 .text.HAL_InitTick
                0x08000580       0x28 Drivers\STM32L4xx_HAL_Driver\Src\stm32l4xx_hal.o
                0x08000580                HAL_InitTick
 .text.HAL_Init
                0x080005a8       0x16 Drivers\STM32L4xx_HAL_Driver\Src\stm32l4xx_hal.o
                0x080005a8                HAL_Init
 *fill*         0x080005be        0x2 
 .text.HAL_IncTick
                0x080005c0       0x10 Drivers\STM32L4xx_HAL_Driver\Src\stm32l4xx_hal.o
                0x080005c0                HAL_IncTick
 .text.HAL_GetTick
                0x080005d0        0xc Drivers\STM32L4xx_HAL_Driver\Src\stm32l4xx_hal.o
                0x080005d0                HAL_GetTick
 .text.HAL_Delay
                0x080005dc       0x1c Drivers\STM32L4xx_HAL_Driver\Src\stm32l4xx_hal.o
                0x080005dc                HAL_Delay
 .text.HAL_NVIC_SetPriorityGrouping
                0x080005f8       0x24 Drivers\STM32L4xx_HAL_Driver\Src\stm32l4xx_hal_cortex.o
                0x080005f8                HAL_NVIC_SetPriorityGrouping
 .text.HAL_NVIC_SetPriority
                0x0800061c       0x68 Drivers\STM32L4xx_HAL_Driver\Src\stm32l4xx_hal_cortex.o
                0x0800061c                HAL_NVIC_SetPriority
 .text.HAL_SYSTICK_Config
                0x08000684       0x2c Drivers\STM32L4xx_HAL_Driver\Src\stm32l4xx_hal_cortex.o
                0x08000684                HAL_SYSTICK_Config
 .text.HAL_SYSTICK_CLKSourceConfig
                0x080006b0       0x18 Drivers\STM32L4xx_HAL_Driver\Src\stm32l4xx_hal_cortex.o
                0x080006b0                HAL_SYSTICK_CLKSourceConfig
 .text.HAL_SYSTICK_Callback
                0x080006c8        0x2 Drivers\STM32L4xx_HAL_Driver\Src\stm32l4xx_hal_cortex.o
                0x080006c8                HAL_SYSTICK_Callback
 .text.HAL_SYSTICK_IRQHandler
                0x080006ca        0x8 Drivers\STM32L4xx_HAL_Driver\Src\stm32l4xx_hal_cortex.o
                0x080006ca                HAL_SYSTICK_IRQHandler
 *fill*         0x080006d2        0x2 
 .text.HAL_GPIO_Init
                0x080006d4      0x168 Drivers\STM32L4xx_HAL_Driver\Src\stm32l4xx_hal_gpio.o
                0x080006d4                HAL_GPIO_Init
 .text.HAL_GPIO_WritePin
                0x0800083c        0xa Drivers\STM32L4xx_HAL_Driver\Src\stm32l4xx_hal_gpio.o
                0x0800083c                HAL_GPIO_WritePin
 *fill*         0x08000846        0x2 
 .text.HAL_PWREx_GetVoltageRange
                0x08000848       0x10 Drivers\STM32L4xx_HAL_Driver\Src\stm32l4xx_hal_pwr_ex.o
                0x08000848                HAL_PWREx_GetVoltageRange
 .text.HAL_PWREx_ControlVoltageScaling
                0x08000858       0x68 Drivers\STM32L4xx_HAL_Driver\Src\stm32l4xx_hal_pwr_ex.o
                0x08000858                HAL_PWREx_ControlVoltageScaling
 .text.RCC_SetFlashLatencyFromMSIRange
                0x080008c0       0x84 Drivers\STM32L4xx_HAL_Driver\Src\stm32l4xx_hal_rcc.o
 .text.HAL_RCC_GetSysClockFreq
                0x08000944       0xd0 Drivers\STM32L4xx_HAL_Driver\Src\stm32l4xx_hal_rcc.o
                0x08000944                HAL_RCC_GetSysClockFreq
 .text.HAL_RCC_OscConfig
                0x08000a14      0x4b8 Drivers\STM32L4xx_HAL_Driver\Src\stm32l4xx_hal_rcc.o
                0x08000a14                HAL_RCC_OscConfig
 .text.HAL_RCC_ClockConfig
                0x08000ecc      0x16c Drivers\STM32L4xx_HAL_Driver\Src\stm32l4xx_hal_rcc.o
                0x08000ecc                HAL_RCC_ClockConfig
 .text.HAL_RCC_GetHCLKFreq
                0x08001038        0xc Drivers\STM32L4xx_HAL_Driver\Src\stm32l4xx_hal_rcc.o
                0x08001038                HAL_RCC_GetHCLKFreq
 .text.HAL_RCC_GetPCLK1Freq
                0x08001044       0x20 Drivers\STM32L4xx_HAL_Driver\Src\stm32l4xx_hal_rcc.o
                0x08001044                HAL_RCC_GetPCLK1Freq
 .text.HAL_RCC_GetPCLK2Freq
                0x08001064       0x20 Drivers\STM32L4xx_HAL_Driver\Src\stm32l4xx_hal_rcc.o
                0x08001064                HAL_RCC_GetPCLK2Freq
 .text.RCCEx_PLLSAI1_Config
                0x08001084      0x118 Drivers\STM32L4xx_HAL_Driver\Src\stm32l4xx_hal_rcc_ex.o
 .text.HAL_RCCEx_PeriphCLKConfig
                0x0800119c      0x284 Drivers\STM32L4xx_HAL_Driver\Src\stm32l4xx_hal_rcc_ex.o
                0x0800119c                HAL_RCCEx_PeriphCLKConfig
 .text.TIM_OC1_SetConfig
                0x08001420       0x78 Drivers\STM32L4xx_HAL_Driver\Src\stm32l4xx_hal_tim.o
 .text.TIM_OC3_SetConfig
                0x08001498       0x70 Drivers\STM32L4xx_HAL_Driver\Src\stm32l4xx_hal_tim.o
 .text.TIM_OC4_SetConfig
                0x08001508       0x58 Drivers\STM32L4xx_HAL_Driver\Src\stm32l4xx_hal_tim.o
 .text.TIM_OC5_SetConfig
                0x08001560       0x58 Drivers\STM32L4xx_HAL_Driver\Src\stm32l4xx_hal_tim.o
 .text.TIM_OC6_SetConfig
                0x080015b8       0x58 Drivers\STM32L4xx_HAL_Driver\Src\stm32l4xx_hal_tim.o
 .text.HAL_TIM_PWM_MspInit
                0x08001610        0x2 Drivers\STM32L4xx_HAL_Driver\Src\stm32l4xx_hal_tim.o
                0x08001610                HAL_TIM_PWM_MspInit
 *fill*         0x08001612        0x2 
 .text.TIM_Base_SetConfig
                0x08001614       0x74 Drivers\STM32L4xx_HAL_Driver\Src\stm32l4xx_hal_tim.o
                0x08001614                TIM_Base_SetConfig
 .text.HAL_TIM_Base_Init
                0x08001688       0x34 Drivers\STM32L4xx_HAL_Driver\Src\stm32l4xx_hal_tim.o
                0x08001688                HAL_TIM_Base_Init
 .text.HAL_TIM_PWM_Init
                0x080016bc       0x34 Drivers\STM32L4xx_HAL_Driver\Src\stm32l4xx_hal_tim.o
                0x080016bc                HAL_TIM_PWM_Init
 .text.TIM_OC2_SetConfig
                0x080016f0       0x70 Drivers\STM32L4xx_HAL_Driver\Src\stm32l4xx_hal_tim.o
                0x080016f0                TIM_OC2_SetConfig
 .text.HAL_TIM_PWM_ConfigChannel
                0x08001760      0x10c Drivers\STM32L4xx_HAL_Driver\Src\stm32l4xx_hal_tim.o
                0x08001760                HAL_TIM_PWM_ConfigChannel
 .text.TIM_ETR_SetConfig
                0x0800186c       0x14 Drivers\STM32L4xx_HAL_Driver\Src\stm32l4xx_hal_tim.o
                0x0800186c                TIM_ETR_SetConfig
 .text.HAL_TIM_ConfigClockSource
                0x08001880      0x16c Drivers\STM32L4xx_HAL_Driver\Src\stm32l4xx_hal_tim.o
                0x08001880                HAL_TIM_ConfigClockSource
 .text.TIM_CCxChannelCmd
                0x080019ec       0x18 Drivers\STM32L4xx_HAL_Driver\Src\stm32l4xx_hal_tim.o
                0x080019ec                TIM_CCxChannelCmd
 .text.HAL_TIM_PWM_Stop
                0x08001a04       0x6c Drivers\STM32L4xx_HAL_Driver\Src\stm32l4xx_hal_tim.o
                0x08001a04                HAL_TIM_PWM_Stop
 .text.TIM_CCxNChannelCmd
                0x08001a70       0x18 Drivers\STM32L4xx_HAL_Driver\Src\stm32l4xx_hal_tim_ex.o
 .text.HAL_TIMEx_PWMN_Start
                0x08001a88       0x22 Drivers\STM32L4xx_HAL_Driver\Src\stm32l4xx_hal_tim_ex.o
                0x08001a88                HAL_TIMEx_PWMN_Start
 *fill*         0x08001aaa        0x2 
 .text.HAL_TIMEx_MasterConfigSynchronization
                0x08001aac       0x44 Drivers\STM32L4xx_HAL_Driver\Src\stm32l4xx_hal_tim_ex.o
                0x08001aac                HAL_TIMEx_MasterConfigSynchronization
 .text.HAL_TIMEx_ConfigBreakDeadTime
                0x08001af0       0x7c Drivers\STM32L4xx_HAL_Driver\Src\stm32l4xx_hal_tim_ex.o
                0x08001af0                HAL_TIMEx_ConfigBreakDeadTime
 .text.UART_SetConfig
                0x08001b6c      0x244 Drivers\STM32L4xx_HAL_Driver\Src\stm32l4xx_hal_uart.o
                0x08001b6c                UART_SetConfig
 .text.UART_AdvFeatureConfig
                0x08001db0       0xa8 Drivers\STM32L4xx_HAL_Driver\Src\stm32l4xx_hal_uart.o
                0x08001db0                UART_AdvFeatureConfig
 .text.UART_WaitOnFlagUntilTimeout
                0x08001e58       0x62 Drivers\STM32L4xx_HAL_Driver\Src\stm32l4xx_hal_uart.o
                0x08001e58                UART_WaitOnFlagUntilTimeout
 .text.HAL_UART_Transmit
                0x08001eba       0xae Drivers\STM32L4xx_HAL_Driver\Src\stm32l4xx_hal_uart.o
                0x08001eba                HAL_UART_Transmit
 .text.HAL_UART_Receive
                0x08001f68       0xde Drivers\STM32L4xx_HAL_Driver\Src\stm32l4xx_hal_uart.o
                0x08001f68                HAL_UART_Receive
 .text.UART_CheckIdleState
                0x08002046       0x64 Drivers\STM32L4xx_HAL_Driver\Src\stm32l4xx_hal_uart.o
                0x08002046                UART_CheckIdleState
 .text.HAL_UART_Init
                0x080020aa       0x64 Drivers\STM32L4xx_HAL_Driver\Src\stm32l4xx_hal_uart.o
                0x080020aa                HAL_UART_Init
 *fill*         0x0800210e        0x2 
 .text.setupPWMandTurnOn
                0x08002110       0xbc Src\main.o
                0x08002110                setupPWMandTurnOn
 .text.buzzer   0x080021cc       0x18 Src\main.o
                0x080021cc                buzzer
 .text.SystemClock_Config
                0x080021e4       0x8c Src\main.o
                0x080021e4                SystemClock_Config
 .text.startup.main
                0x08002270      0x1d4 Src\main.o
                0x08002270                main
 .text._Error_Handler
                0x08002444        0x2 Src\main.o
                0x08002444                _Error_Handler
 *fill*         0x08002446        0x2 
 .text.HAL_MspInit
                0x08002448       0x8c Src\stm32l4xx_hal_msp.o
                0x08002448                HAL_MspInit
 .text.HAL_TIM_Base_MspInit
                0x080024d4       0x28 Src\stm32l4xx_hal_msp.o
                0x080024d4                HAL_TIM_Base_MspInit
 .text.HAL_TIM_MspPostInit
                0x080024fc       0x30 Src\stm32l4xx_hal_msp.o
                0x080024fc                HAL_TIM_MspPostInit
 .text.HAL_UART_MspInit
                0x0800252c       0x60 Src\stm32l4xx_hal_msp.o
                0x0800252c                HAL_UART_MspInit
 .text.SysTick_Handler
                0x0800258c        0xe Src\stm32l4xx_it.o
                0x0800258c                SysTick_Handler
 *fill*         0x0800259a        0x2 
 .text._write   0x0800259c       0x2c Src\syscalls.o
                0x0800259c                _write
 .text._sbrk    0x080025c8       0x1c Src\syscalls.o
                0x080025c8                _sbrk
 .text._close   0x080025e4       0x10 Src\syscalls.o
                0x080025e4                _close
 .text._fstat   0x080025f4       0x10 Src\syscalls.o
                0x080025f4                _fstat
 .text._isatty  0x08002604       0x10 Src\syscalls.o
                0x08002604                _isatty
 .text._lseek   0x08002614       0x10 Src\syscalls.o
                0x08002614                _lseek
 .text._read    0x08002624       0x18 Src\syscalls.o
                0x08002624                _read
 .text.SystemInit
                0x0800263c       0x48 Src\system_stm32l4xx.o
                0x0800263c                SystemInit
 .text.Reset_Handler
                0x08002684       0x50 startup\startup_stm32l432xx.o
                0x08002684                Reset_Handler
 .text.Default_Handler
                0x080026d4        0x2 startup\startup_stm32l432xx.o
                0x080026d4                RTC_Alarm_IRQHandler
                0x080026d4                EXTI2_IRQHandler
                0x080026d4                DebugMon_Handler
                0x080026d4                TIM1_CC_IRQHandler
                0x080026d4                TSC_IRQHandler
                0x080026d4                HardFault_Handler
                0x080026d4                TAMP_STAMP_IRQHandler
                0x080026d4                PendSV_Handler
                0x080026d4                NMI_Handler
                0x080026d4                EXTI3_IRQHandler
                0x080026d4                LPTIM2_IRQHandler
                0x080026d4                I2C3_ER_IRQHandler
                0x080026d4                EXTI0_IRQHandler
                0x080026d4                CAN1_RX0_IRQHandler
                0x080026d4                FPU_IRQHandler
                0x080026d4                TIM1_UP_TIM16_IRQHandler
                0x080026d4                UsageFault_Handler
                0x080026d4                SPI1_IRQHandler
                0x080026d4                TIM6_DAC_IRQHandler
                0x080026d4                DMA2_Channel2_IRQHandler
                0x080026d4                DMA1_Channel4_IRQHandler
                0x080026d4                ADC1_IRQHandler
                0x080026d4                DMA1_Channel7_IRQHandler
                0x080026d4                CAN1_RX1_IRQHandler
                0x080026d4                DMA2_Channel1_IRQHandler
                0x080026d4                QUADSPI_IRQHandler
                0x080026d4                I2C1_EV_IRQHandler
                0x080026d4                DMA1_Channel6_IRQHandler
                0x080026d4                DMA2_Channel4_IRQHandler
                0x080026d4                RCC_IRQHandler
                0x080026d4                TIM1_TRG_COM_IRQHandler
                0x080026d4                DMA1_Channel1_IRQHandler
                0x080026d4                Default_Handler
                0x080026d4                DMA2_Channel7_IRQHandler
                0x080026d4                EXTI15_10_IRQHandler
                0x080026d4                TIM7_IRQHandler
                0x080026d4                I2C3_EV_IRQHandler
                0x080026d4                USB_IRQHandler
                0x080026d4                EXTI9_5_IRQHandler
                0x080026d4                RTC_WKUP_IRQHandler
                0x080026d4                PVD_PVM_IRQHandler
                0x080026d4                MemManage_Handler
                0x080026d4                CAN1_TX_IRQHandler
                0x080026d4                SVC_Handler
                0x080026d4                DMA2_Channel5_IRQHandler
                0x080026d4                CRS_IRQHandler
                0x080026d4                DMA1_Channel5_IRQHandler
                0x080026d4                EXTI4_IRQHandler
                0x080026d4                RNG_IRQHandler
                0x080026d4                DMA1_Channel3_IRQHandler
                0x080026d4                COMP_IRQHandler
                0x080026d4                WWDG_IRQHandler
                0x080026d4                LPUART1_IRQHandler
                0x080026d4                DMA2_Channel6_IRQHandler
                0x080026d4                TIM2_IRQHandler
                0x080026d4                EXTI1_IRQHandler
                0x080026d4                USART2_IRQHandler
                0x080026d4                DMA1_Channel2_IRQHandler
                0x080026d4                CAN1_SCE_IRQHandler
                0x080026d4                FLASH_IRQHandler
                0x080026d4                BusFault_Handler
                0x080026d4                USART1_IRQHandler
                0x080026d4                SPI3_IRQHandler
                0x080026d4                I2C1_ER_IRQHandler
                0x080026d4                SWPMI1_IRQHandler
                0x080026d4                LPTIM1_IRQHandler
                0x080026d4                SAI1_IRQHandler
                0x080026d4                DMA2_Channel3_IRQHandler
                0x080026d4                TIM1_BRK_TIM15_IRQHandler
 *fill*         0x080026d6        0x2 
 .text.__libc_init_array
                0x080026d8       0x48 c:/program files (x86)/atollic/truestudio for stm32 9.0.1/armtools/bin/../lib/gcc/arm-atollic-eabi/6.3.1/../../../../arm-atollic-eabi/lib/armv7e-m/fpu\libc_nano.a(lib_a-init.o)
                0x080026d8                __libc_init_array
 .text._puts_r  0x08002720       0xb8 c:/program files (x86)/atollic/truestudio for stm32 9.0.1/armtools/bin/../lib/gcc/arm-atollic-eabi/6.3.1/../../../../arm-atollic-eabi/lib/armv7e-m/fpu\libc_nano.a(lib_a-puts.o)
                0x08002720                _puts_r
 .text.puts     0x080027d8       0x10 c:/program files (x86)/atollic/truestudio for stm32 9.0.1/armtools/bin/../lib/gcc/arm-atollic-eabi/6.3.1/../../../../arm-atollic-eabi/lib/armv7e-m/fpu\libc_nano.a(lib_a-puts.o)
                0x080027d8                puts
 .text.scanf    0x080027e8       0x30 c:/program files (x86)/atollic/truestudio for stm32 9.0.1/armtools/bin/../lib/gcc/arm-atollic-eabi/6.3.1/../../../../arm-atollic-eabi/lib/armv7e-m/fpu\libc_nano.a(lib_a-scanf.o)
                0x080027e8                scanf
                0x080027e8                iscanf
 .text.__swbuf_r
                0x08002818       0xa4 c:/program files (x86)/atollic/truestudio for stm32 9.0.1/armtools/bin/../lib/gcc/arm-atollic-eabi/6.3.1/../../../../arm-atollic-eabi/lib/armv7e-m/fpu\libc_nano.a(lib_a-wbuf.o)
                0x08002818                __swbuf_r
 .text.__swsetup_r
                0x080028bc       0xdc c:/program files (x86)/atollic/truestudio for stm32 9.0.1/armtools/bin/../lib/gcc/arm-atollic-eabi/6.3.1/../../../../arm-atollic-eabi/lib/armv7e-m/fpu\libc_nano.a(lib_a-wsetup.o)
                0x080028bc                __swsetup_r
 .text.__sflush_r
                0x08002998      0x110 c:/program files (x86)/atollic/truestudio for stm32 9.0.1/armtools/bin/../lib/gcc/arm-atollic-eabi/6.3.1/../../../../arm-atollic-eabi/lib/armv7e-m/fpu\libc_nano.a(lib_a-fflush.o)
                0x08002998                __sflush_r
 .text._fflush_r
                0x08002aa8       0x54 c:/program files (x86)/atollic/truestudio for stm32 9.0.1/armtools/bin/../lib/gcc/arm-atollic-eabi/6.3.1/../../../../arm-atollic-eabi/lib/armv7e-m/fpu\libc_nano.a(lib_a-fflush.o)
                0x08002aa8                _fflush_r
 .text.fflush   0x08002afc       0x24 c:/program files (x86)/atollic/truestudio for stm32 9.0.1/armtools/bin/../lib/gcc/arm-atollic-eabi/6.3.1/../../../../arm-atollic-eabi/lib/armv7e-m/fpu\libc_nano.a(lib_a-fflush.o)
                0x08002afc                fflush
 .text._cleanup_r
                0x08002b20        0xc c:/program files (x86)/atollic/truestudio for stm32 9.0.1/armtools/bin/../lib/gcc/arm-atollic-eabi/6.3.1/../../../../arm-atollic-eabi/lib/armv7e-m/fpu\libc_nano.a(lib_a-findfp.o)
                0x08002b20                _cleanup_r
 .text.std.isra.0
                0x08002b2c       0x48 c:/program files (x86)/atollic/truestudio for stm32 9.0.1/armtools/bin/../lib/gcc/arm-atollic-eabi/6.3.1/../../../../arm-atollic-eabi/lib/armv7e-m/fpu\libc_nano.a(lib_a-findfp.o)
 .text.__sfmoreglue
                0x08002b74       0x2c c:/program files (x86)/atollic/truestudio for stm32 9.0.1/armtools/bin/../lib/gcc/arm-atollic-eabi/6.3.1/../../../../arm-atollic-eabi/lib/armv7e-m/fpu\libc_nano.a(lib_a-findfp.o)
                0x08002b74                __sfmoreglue
 .text.__sinit  0x08002ba0       0x60 c:/program files (x86)/atollic/truestudio for stm32 9.0.1/armtools/bin/../lib/gcc/arm-atollic-eabi/6.3.1/../../../../arm-atollic-eabi/lib/armv7e-m/fpu\libc_nano.a(lib_a-findfp.o)
                0x08002ba0                __sinit
 .text.__sfp    0x08002c00       0x78 c:/program files (x86)/atollic/truestudio for stm32 9.0.1/armtools/bin/../lib/gcc/arm-atollic-eabi/6.3.1/../../../../arm-atollic-eabi/lib/armv7e-m/fpu\libc_nano.a(lib_a-findfp.o)
                0x08002c00                __sfp
 .text._fwalk   0x08002c78       0x38 c:/program files (x86)/atollic/truestudio for stm32 9.0.1/armtools/bin/../lib/gcc/arm-atollic-eabi/6.3.1/../../../../arm-atollic-eabi/lib/armv7e-m/fpu\libc_nano.a(lib_a-fwalk.o)
                0x08002c78                _fwalk
 .text._fwalk_reent
                0x08002cb0       0x3c c:/program files (x86)/atollic/truestudio for stm32 9.0.1/armtools/bin/../lib/gcc/arm-atollic-eabi/6.3.1/../../../../arm-atollic-eabi/lib/armv7e-m/fpu\libc_nano.a(lib_a-fwalk.o)
                0x08002cb0                _fwalk_reent
 .text.__swhatbuf_r
                0x08002cec       0x48 c:/program files (x86)/atollic/truestudio for stm32 9.0.1/armtools/bin/../lib/gcc/arm-atollic-eabi/6.3.1/../../../../arm-atollic-eabi/lib/armv7e-m/fpu\libc_nano.a(lib_a-makebuf.o)
                0x08002cec                __swhatbuf_r
 .text.__smakebuf_r
                0x08002d34       0x80 c:/program files (x86)/atollic/truestudio for stm32 9.0.1/armtools/bin/../lib/gcc/arm-atollic-eabi/6.3.1/../../../../arm-atollic-eabi/lib/armv7e-m/fpu\libc_nano.a(lib_a-makebuf.o)
                0x08002d34                __smakebuf_r
 .text.memset   0x08002db4       0x10 c:/program files (x86)/atollic/truestudio for stm32 9.0.1/armtools/bin/../lib/gcc/arm-atollic-eabi/6.3.1/../../../../arm-atollic-eabi/lib/armv7e-m/fpu\libc_nano.a(lib_a-memset.o)
                0x08002db4                memset
 .text._free_r  0x08002dc4       0x9c c:/program files (x86)/atollic/truestudio for stm32 9.0.1/armtools/bin/../lib/gcc/arm-atollic-eabi/6.3.1/../../../../arm-atollic-eabi/lib/armv7e-m/fpu\libc_nano.a(lib_a-nano-freer.o)
                0x08002dc4                _free_r
 .text._malloc_r
                0x08002e60       0xbc c:/program files (x86)/atollic/truestudio for stm32 9.0.1/armtools/bin/../lib/gcc/arm-atollic-eabi/6.3.1/../../../../arm-atollic-eabi/lib/armv7e-m/fpu\libc_nano.a(lib_a-nano-mallocr.o)
                0x08002e60                _malloc_r
 .text.__svfscanf_r
                0x08002f1c      0x2a8 c:/program files (x86)/atollic/truestudio for stm32 9.0.1/armtools/bin/../lib/gcc/arm-atollic-eabi/6.3.1/../../../../arm-atollic-eabi/lib/armv7e-m/fpu\libc_nano.a(lib_a-nano-vfscanf.o)
                0x08002f1c                __svfscanf_r
                0x08002f1c                __svfiscanf_r
 .text._vfscanf_r
                0x080031c4       0x50 c:/program files (x86)/atollic/truestudio for stm32 9.0.1/armtools/bin/../lib/gcc/arm-atollic-eabi/6.3.1/../../../../arm-atollic-eabi/lib/armv7e-m/fpu\libc_nano.a(lib_a-nano-vfscanf.o)
                0x080031c4                _vfscanf_r
                0x080031c4                _vfiscanf_r
 .text._scanf_chars
                0x08003214       0xc8 c:/program files (x86)/atollic/truestudio for stm32 9.0.1/armtools/bin/../lib/gcc/arm-atollic-eabi/6.3.1/../../../../arm-atollic-eabi/lib/armv7e-m/fpu\libc_nano.a(lib_a-nano-vfscanf_i.o)
                0x08003214                _scanf_chars
 .text._scanf_i
                0x080032dc      0x1e8 c:/program files (x86)/atollic/truestudio for stm32 9.0.1/armtools/bin/../lib/gcc/arm-atollic-eabi/6.3.1/../../../../arm-atollic-eabi/lib/armv7e-m/fpu\libc_nano.a(lib_a-nano-vfscanf_i.o)
                0x080032dc                _scanf_i
 .text.lflush   0x080034c4       0x12 c:/program files (x86)/atollic/truestudio for stm32 9.0.1/armtools/bin/../lib/gcc/arm-atollic-eabi/6.3.1/../../../../arm-atollic-eabi/lib/armv7e-m/fpu\libc_nano.a(lib_a-refill.o)
 *fill*         0x080034d6        0x2 
 .text.__srefill_r
                0x080034d8      0x114 c:/program files (x86)/atollic/truestudio for stm32 9.0.1/armtools/bin/../lib/gcc/arm-atollic-eabi/6.3.1/../../../../arm-atollic-eabi/lib/armv7e-m/fpu\libc_nano.a(lib_a-refill.o)
                0x080034d8                __srefill_r
 .text._sbrk_r  0x080035ec       0x20 c:/program files (x86)/atollic/truestudio for stm32 9.0.1/armtools/bin/../lib/gcc/arm-atollic-eabi/6.3.1/../../../../arm-atollic-eabi/lib/armv7e-m/fpu\libc_nano.a(lib_a-sbrkr.o)
                0x080035ec                _sbrk_r
 .text.__sccl   0x0800360c       0x60 c:/program files (x86)/atollic/truestudio for stm32 9.0.1/armtools/bin/../lib/gcc/arm-atollic-eabi/6.3.1/../../../../arm-atollic-eabi/lib/armv7e-m/fpu\libc_nano.a(lib_a-sccl.o)
                0x0800360c                __sccl
 .text.__sread  0x0800366c       0x22 c:/program files (x86)/atollic/truestudio for stm32 9.0.1/armtools/bin/../lib/gcc/arm-atollic-eabi/6.3.1/../../../../arm-atollic-eabi/lib/armv7e-m/fpu\libc_nano.a(lib_a-stdio.o)
                0x0800366c                __sread
 .text.__swrite
                0x0800368e       0x38 c:/program files (x86)/atollic/truestudio for stm32 9.0.1/armtools/bin/../lib/gcc/arm-atollic-eabi/6.3.1/../../../../arm-atollic-eabi/lib/armv7e-m/fpu\libc_nano.a(lib_a-stdio.o)
                0x0800368e                __swrite
 .text.__sseek  0x080036c6       0x24 c:/program files (x86)/atollic/truestudio for stm32 9.0.1/armtools/bin/../lib/gcc/arm-atollic-eabi/6.3.1/../../../../arm-atollic-eabi/lib/armv7e-m/fpu\libc_nano.a(lib_a-stdio.o)
                0x080036c6                __sseek
 .text.__sclose
                0x080036ea        0x8 c:/program files (x86)/atollic/truestudio for stm32 9.0.1/armtools/bin/../lib/gcc/arm-atollic-eabi/6.3.1/../../../../arm-atollic-eabi/lib/armv7e-m/fpu\libc_nano.a(lib_a-stdio.o)
                0x080036ea                __sclose
 .text._strtol_l.isra.0
                0x080036f2      0x100 c:/program files (x86)/atollic/truestudio for stm32 9.0.1/armtools/bin/../lib/gcc/arm-atollic-eabi/6.3.1/../../../../arm-atollic-eabi/lib/armv7e-m/fpu\libc_nano.a(lib_a-strtol.o)
 *fill*         0x080037f2        0x2 
 .text._strtol_r
                0x080037f4       0x24 c:/program files (x86)/atollic/truestudio for stm32 9.0.1/armtools/bin/../lib/gcc/arm-atollic-eabi/6.3.1/../../../../arm-atollic-eabi/lib/armv7e-m/fpu\libc_nano.a(lib_a-strtol.o)
                0x080037f4                _strtol_r
 .text._strtoul_l.isra.0
                0x08003818       0xfa c:/program files (x86)/atollic/truestudio for stm32 9.0.1/armtools/bin/../lib/gcc/arm-atollic-eabi/6.3.1/../../../../arm-atollic-eabi/lib/armv7e-m/fpu\libc_nano.a(lib_a-strtoul.o)
 *fill*         0x08003912        0x2 
 .text._strtoul_r
                0x08003914       0x24 c:/program files (x86)/atollic/truestudio for stm32 9.0.1/armtools/bin/../lib/gcc/arm-atollic-eabi/6.3.1/../../../../arm-atollic-eabi/lib/armv7e-m/fpu\libc_nano.a(lib_a-strtoul.o)
                0x08003914                _strtoul_r
 .text.__submore
                0x08003938       0x76 c:/program files (x86)/atollic/truestudio for stm32 9.0.1/armtools/bin/../lib/gcc/arm-atollic-eabi/6.3.1/../../../../arm-atollic-eabi/lib/armv7e-m/fpu\libc_nano.a(lib_a-ungetc.o)
                0x08003938                __submore
 *fill*         0x080039ae        0x2 
 .text._ungetc_r
                0x080039b0       0xe4 c:/program files (x86)/atollic/truestudio for stm32 9.0.1/armtools/bin/../lib/gcc/arm-atollic-eabi/6.3.1/../../../../arm-atollic-eabi/lib/armv7e-m/fpu\libc_nano.a(lib_a-ungetc.o)
                0x080039b0                _ungetc_r
 .text._write_r
                0x08003a94       0x24 c:/program files (x86)/atollic/truestudio for stm32 9.0.1/armtools/bin/../lib/gcc/arm-atollic-eabi/6.3.1/../../../../arm-atollic-eabi/lib/armv7e-m/fpu\libc_nano.a(lib_a-writer.o)
                0x08003a94                _write_r
 .text._close_r
                0x08003ab8       0x20 c:/program files (x86)/atollic/truestudio for stm32 9.0.1/armtools/bin/../lib/gcc/arm-atollic-eabi/6.3.1/../../../../arm-atollic-eabi/lib/armv7e-m/fpu\libc_nano.a(lib_a-closer.o)
                0x08003ab8                _close_r
 .text._fstat_r
                0x08003ad8       0x24 c:/program files (x86)/atollic/truestudio for stm32 9.0.1/armtools/bin/../lib/gcc/arm-atollic-eabi/6.3.1/../../../../arm-atollic-eabi/lib/armv7e-m/fpu\libc_nano.a(lib_a-fstatr.o)
                0x08003ad8                _fstat_r
 .text._isatty_r
                0x08003afc       0x20 c:/program files (x86)/atollic/truestudio for stm32 9.0.1/armtools/bin/../lib/gcc/arm-atollic-eabi/6.3.1/../../../../arm-atollic-eabi/lib/armv7e-m/fpu\libc_nano.a(lib_a-isattyr.o)
                0x08003afc                _isatty_r
 .text.__locale_ctype_ptr_l
                0x08003b1c        0x6 c:/program files (x86)/atollic/truestudio for stm32 9.0.1/armtools/bin/../lib/gcc/arm-atollic-eabi/6.3.1/../../../../arm-atollic-eabi/lib/armv7e-m/fpu\libc_nano.a(lib_a-locale.o)
                0x08003b1c                __locale_ctype_ptr_l
 *fill*         0x08003b22        0x2 
 .text.__locale_ctype_ptr
                0x08003b24       0x1c c:/program files (x86)/atollic/truestudio for stm32 9.0.1/armtools/bin/../lib/gcc/arm-atollic-eabi/6.3.1/../../../../arm-atollic-eabi/lib/armv7e-m/fpu\libc_nano.a(lib_a-locale.o)
                0x08003b24                __locale_ctype_ptr
 .text._lseek_r
                0x08003b40       0x24 c:/program files (x86)/atollic/truestudio for stm32 9.0.1/armtools/bin/../lib/gcc/arm-atollic-eabi/6.3.1/../../../../arm-atollic-eabi/lib/armv7e-m/fpu\libc_nano.a(lib_a-lseekr.o)
                0x08003b40                _lseek_r
 .text.__ascii_mbtowc
                0x08003b64       0x24 c:/program files (x86)/atollic/truestudio for stm32 9.0.1/armtools/bin/../lib/gcc/arm-atollic-eabi/6.3.1/../../../../arm-atollic-eabi/lib/armv7e-m/fpu\libc_nano.a(lib_a-mbtowc_r.o)
                0x08003b64                __ascii_mbtowc
 .text.memcpy   0x08003b88       0x16 c:/program files (x86)/atollic/truestudio for stm32 9.0.1/armtools/bin/../lib/gcc/arm-atollic-eabi/6.3.1/../../../../arm-atollic-eabi/lib/armv7e-m/fpu\libc_nano.a(lib_a-memcpy-stub.o)
                0x08003b88                memcpy
 .text.__malloc_lock
                0x08003b9e        0x2 c:/program files (x86)/atollic/truestudio for stm32 9.0.1/armtools/bin/../lib/gcc/arm-atollic-eabi/6.3.1/../../../../arm-atollic-eabi/lib/armv7e-m/fpu\libc_nano.a(lib_a-mlock.o)
                0x08003b9e                __malloc_lock
 .text.__malloc_unlock
                0x08003ba0        0x2 c:/program files (x86)/atollic/truestudio for stm32 9.0.1/armtools/bin/../lib/gcc/arm-atollic-eabi/6.3.1/../../../../arm-atollic-eabi/lib/armv7e-m/fpu\libc_nano.a(lib_a-mlock.o)
                0x08003ba0                __malloc_unlock
 .text._realloc_r
                0x08003ba2       0x4c c:/program files (x86)/atollic/truestudio for stm32 9.0.1/armtools/bin/../lib/gcc/arm-atollic-eabi/6.3.1/../../../../arm-atollic-eabi/lib/armv7e-m/fpu\libc_nano.a(lib_a-nano-reallocr.o)
                0x08003ba2                _realloc_r
 *fill*         0x08003bee        0x2 
 .text._read_r  0x08003bf0       0x24 c:/program files (x86)/atollic/truestudio for stm32 9.0.1/armtools/bin/../lib/gcc/arm-atollic-eabi/6.3.1/../../../../arm-atollic-eabi/lib/armv7e-m/fpu\libc_nano.a(lib_a-readr.o)
                0x08003bf0                _read_r
 .text.__ascii_wctomb
                0x08003c14       0x1a c:/program files (x86)/atollic/truestudio for stm32 9.0.1/armtools/bin/../lib/gcc/arm-atollic-eabi/6.3.1/../../../../arm-atollic-eabi/lib/armv7e-m/fpu\libc_nano.a(lib_a-wctomb_r.o)
                0x08003c14                __ascii_wctomb
 .text._malloc_usable_size_r
                0x08003c2e       0x12 c:/program files (x86)/atollic/truestudio for stm32 9.0.1/armtools/bin/../lib/gcc/arm-atollic-eabi/6.3.1/../../../../arm-atollic-eabi/lib/armv7e-m/fpu\libc_nano.a(lib_a-nano-msizer.o)
                0x08003c2e                _malloc_usable_size_r
 *(.glue_7)
 .glue_7        0x08003c40        0x0 linker stubs
 *(.glue_7t)
 .glue_7t       0x08003c40        0x0 linker stubs
 *(.eh_frame)
 .eh_frame      0x08003c40        0x0 c:/program files (x86)/atollic/truestudio for stm32 9.0.1/armtools/bin/../lib/gcc/arm-atollic-eabi/6.3.1/armv7e-m/fpu/crtbegin.o
 *(.init)
 .init          0x08003c40        0x4 c:/program files (x86)/atollic/truestudio for stm32 9.0.1/armtools/bin/../lib/gcc/arm-atollic-eabi/6.3.1/armv7e-m/fpu/crti.o
                0x08003c40                _init
 .init          0x08003c44        0x8 c:/program files (x86)/atollic/truestudio for stm32 9.0.1/armtools/bin/../lib/gcc/arm-atollic-eabi/6.3.1/armv7e-m/fpu/crtn.o
 *(.fini)
 .fini          0x08003c4c        0x4 c:/program files (x86)/atollic/truestudio for stm32 9.0.1/armtools/bin/../lib/gcc/arm-atollic-eabi/6.3.1/armv7e-m/fpu/crti.o
                0x08003c4c                _fini
 .fini          0x08003c50        0x8 c:/program files (x86)/atollic/truestudio for stm32 9.0.1/armtools/bin/../lib/gcc/arm-atollic-eabi/6.3.1/armv7e-m/fpu/crtn.o
                0x08003c58                . = ALIGN (0x4)
                0x08003c58                _etext = .

.vfp11_veneer   0x08003c58        0x0
 .vfp11_veneer  0x08003c58        0x0 linker stubs

.v4_bx          0x08003c58        0x0
 .v4_bx         0x08003c58        0x0 linker stubs

.iplt           0x08003c58        0x0
 .iplt          0x08003c58        0x0 c:/program files (x86)/atollic/truestudio for stm32 9.0.1/armtools/bin/../lib/gcc/arm-atollic-eabi/6.3.1/armv7e-m/fpu/crtbegin.o

.rodata         0x08003c58      0x268
                0x08003c58                . = ALIGN (0x4)
 *(.rodata)
 .rodata        0x08003c58       0x28 Src\main.o
 .rodata        0x08003c80        0xc c:/program files (x86)/atollic/truestudio for stm32 9.0.1/armtools/bin/../lib/gcc/arm-atollic-eabi/6.3.1/../../../../arm-atollic-eabi/lib/armv7e-m/fpu\libc_nano.a(lib_a-nano-vfscanf_i.o)
 *(.rodata*)
 .rodata.CSWTCH.51
                0x08003c8c        0x4 Drivers\STM32L4xx_HAL_Driver\Src\stm32l4xx_hal_uart.o
 .rodata.CSWTCH.52
                0x08003c90        0xd Drivers\STM32L4xx_HAL_Driver\Src\stm32l4xx_hal_uart.o
 .rodata.main.str1.1
                0x08003c9d       0x38 Src\main.o
 .rodata._write.str1.1
                0x08003cd5       0x12 Src\syscalls.o
 .rodata.AHBPrescTable
                0x08003ce7       0x10 Src\system_stm32l4xx.o
                0x08003ce7                AHBPrescTable
 .rodata.APBPrescTable
                0x08003cf7        0x8 Src\system_stm32l4xx.o
                0x08003cf7                APBPrescTable
 *fill*         0x08003cff        0x1 
 .rodata.MSIRangeTable
                0x08003d00       0x30 Src\system_stm32l4xx.o
                0x08003d00                MSIRangeTable
 .rodata.__sf_fake_stderr
                0x08003d30       0x20 c:/program files (x86)/atollic/truestudio for stm32 9.0.1/armtools/bin/../lib/gcc/arm-atollic-eabi/6.3.1/../../../../arm-atollic-eabi/lib/armv7e-m/fpu\libc_nano.a(lib_a-findfp.o)
                0x08003d30                __sf_fake_stderr
 .rodata.__sf_fake_stdin
                0x08003d50       0x20 c:/program files (x86)/atollic/truestudio for stm32 9.0.1/armtools/bin/../lib/gcc/arm-atollic-eabi/6.3.1/../../../../arm-atollic-eabi/lib/armv7e-m/fpu\libc_nano.a(lib_a-findfp.o)
                0x08003d50                __sf_fake_stdin
 .rodata.__sf_fake_stdout
                0x08003d70       0x20 c:/program files (x86)/atollic/truestudio for stm32 9.0.1/armtools/bin/../lib/gcc/arm-atollic-eabi/6.3.1/../../../../arm-atollic-eabi/lib/armv7e-m/fpu\libc_nano.a(lib_a-findfp.o)
                0x08003d70                __sf_fake_stdout
 .rodata._global_impure_ptr
                0x08003d90        0x4 c:/program files (x86)/atollic/truestudio for stm32 9.0.1/armtools/bin/../lib/gcc/arm-atollic-eabi/6.3.1/../../../../arm-atollic-eabi/lib/armv7e-m/fpu\libc_nano.a(lib_a-impure.o)
                0x08003d90                _global_impure_ptr
 .rodata.__svfscanf_r.str1.1
                0x08003d94        0x4 c:/program files (x86)/atollic/truestudio for stm32 9.0.1/armtools/bin/../lib/gcc/arm-atollic-eabi/6.3.1/../../../../arm-atollic-eabi/lib/armv7e-m/fpu\libc_nano.a(lib_a-nano-vfscanf.o)
 .rodata._scanf_i.str1.1
                0x08003d98       0x12 c:/program files (x86)/atollic/truestudio for stm32 9.0.1/armtools/bin/../lib/gcc/arm-atollic-eabi/6.3.1/../../../../arm-atollic-eabi/lib/armv7e-m/fpu\libc_nano.a(lib_a-nano-vfscanf_i.o)
 .rodata.str1.1
                0x08003daa        0x9 c:/program files (x86)/atollic/truestudio for stm32 9.0.1/armtools/bin/../lib/gcc/arm-atollic-eabi/6.3.1/../../../../arm-atollic-eabi/lib/armv7e-m/fpu\libc_nano.a(lib_a-nano-vfscanf_i.o)
 .rodata._setlocale_r.str1.1
                0x08003db3        0x8 c:/program files (x86)/atollic/truestudio for stm32 9.0.1/armtools/bin/../lib/gcc/arm-atollic-eabi/6.3.1/../../../../arm-atollic-eabi/lib/armv7e-m/fpu\libc_nano.a(lib_a-locale.o)
                                  0x9 (size before relaxing)
 .rodata.str1.1
                0x08003dbb        0x2 c:/program files (x86)/atollic/truestudio for stm32 9.0.1/armtools/bin/../lib/gcc/arm-atollic-eabi/6.3.1/../../../../arm-atollic-eabi/lib/armv7e-m/fpu\libc_nano.a(lib_a-locale.o)
 .rodata._ctype_
                0x08003dbd      0x101 c:/program files (x86)/atollic/truestudio for stm32 9.0.1/armtools/bin/../lib/gcc/arm-atollic-eabi/6.3.1/../../../../arm-atollic-eabi/lib/armv7e-m/fpu\libc_nano.a(lib_a-ctype_.o)
                0x08003dbd                _ctype_
                0x08003ec0                . = ALIGN (0x4)
 *fill*         0x08003ebe        0x2 

.ARM.extab
 *(.ARM.extab* .gnu.linkonce.armextab.*)

.ARM            0x08003ec0        0x8
                0x08003ec0                __exidx_start = .
 *(.ARM.exidx*)
 .ARM.exidx     0x08003ec0        0x8 c:/program files (x86)/atollic/truestudio for stm32 9.0.1/armtools/bin/../lib/gcc/arm-atollic-eabi/6.3.1/armv7e-m/fpu\libgcc.a(_udivmoddi4.o)
                0x08003ec8                __exidx_end = .

.rel.dyn        0x08003ec8        0x0
 .rel.iplt      0x08003ec8        0x0 c:/program files (x86)/atollic/truestudio for stm32 9.0.1/armtools/bin/../lib/gcc/arm-atollic-eabi/6.3.1/armv7e-m/fpu/crtbegin.o

.preinit_array  0x08003ec8        0x0
                0x08003ec8                PROVIDE (__preinit_array_start, .)
 *(.preinit_array*)
                0x08003ec8                PROVIDE (__preinit_array_end, .)

.init_array     0x08003ec8        0x4
                0x08003ec8                PROVIDE (__init_array_start, .)
 *(SORT(.init_array.*))
 *(.init_array*)
 .init_array    0x08003ec8        0x4 c:/program files (x86)/atollic/truestudio for stm32 9.0.1/armtools/bin/../lib/gcc/arm-atollic-eabi/6.3.1/armv7e-m/fpu/crtbegin.o
                0x08003ecc                PROVIDE (__init_array_end, .)

.fini_array     0x08003ecc        0x4
                [!provide]                PROVIDE (__fini_array_start, .)
 *(SORT(.fini_array.*))
 *(.fini_array*)
 .fini_array    0x08003ecc        0x4 c:/program files (x86)/atollic/truestudio for stm32 9.0.1/armtools/bin/../lib/gcc/arm-atollic-eabi/6.3.1/armv7e-m/fpu/crtbegin.o
                [!provide]                PROVIDE (__fini_array_end, .)
                0x08003ed0                _sidata = LOADADDR (.data)

.data           0x20000000      0x1d4 load address 0x08003ed0
                0x20000000                . = ALIGN (0x4)
                0x20000000                _sdata = .
 *(.data)
 *(.data*)
 .data.SystemCoreClock
                0x20000000        0x4 Src\system_stm32l4xx.o
                0x20000000                SystemCoreClock
 .data._impure_ptr
                0x20000004        0x4 c:/program files (x86)/atollic/truestudio for stm32 9.0.1/armtools/bin/../lib/gcc/arm-atollic-eabi/6.3.1/../../../../arm-atollic-eabi/lib/armv7e-m/fpu\libc_nano.a(lib_a-impure.o)
                0x20000004                _impure_ptr
 .data.impure_data
                0x20000008       0x60 c:/program files (x86)/atollic/truestudio for stm32 9.0.1/armtools/bin/../lib/gcc/arm-atollic-eabi/6.3.1/../../../../arm-atollic-eabi/lib/armv7e-m/fpu\libc_nano.a(lib_a-impure.o)
 .data.__global_locale
                0x20000068      0x16c c:/program files (x86)/atollic/truestudio for stm32 9.0.1/armtools/bin/../lib/gcc/arm-atollic-eabi/6.3.1/../../../../arm-atollic-eabi/lib/armv7e-m/fpu\libc_nano.a(lib_a-locale.o)
                0x20000068                __global_locale
                0x200001d4                . = ALIGN (0x4)
                0x200001d4                _edata = .

.igot.plt       0x200001d4        0x0 load address 0x080040a4
 .igot.plt      0x200001d4        0x0 c:/program files (x86)/atollic/truestudio for stm32 9.0.1/armtools/bin/../lib/gcc/arm-atollic-eabi/6.3.1/armv7e-m/fpu/crtbegin.o
                0x200001d4                . = ALIGN (0x4)

.bss            0x200001d4       0xe8 load address 0x080040a4
                0x200001d4                _sbss = .
                0x200001d4                __bss_start__ = _sbss
 *(.bss)
 .bss           0x200001d4       0x1c c:/program files (x86)/atollic/truestudio for stm32 9.0.1/armtools/bin/../lib/gcc/arm-atollic-eabi/6.3.1/armv7e-m/fpu/crtbegin.o
 *(.bss*)
 .bss.heap_end.9900
                0x200001f0        0x4 Src\syscalls.o
 .bss.__malloc_free_list
                0x200001f4        0x4 c:/program files (x86)/atollic/truestudio for stm32 9.0.1/armtools/bin/../lib/gcc/arm-atollic-eabi/6.3.1/../../../../arm-atollic-eabi/lib/armv7e-m/fpu\libc_nano.a(lib_a-nano-mallocr.o)
                0x200001f4                __malloc_free_list
 .bss.__malloc_sbrk_start
                0x200001f8        0x4 c:/program files (x86)/atollic/truestudio for stm32 9.0.1/armtools/bin/../lib/gcc/arm-atollic-eabi/6.3.1/../../../../arm-atollic-eabi/lib/armv7e-m/fpu\libc_nano.a(lib_a-nano-mallocr.o)
                0x200001f8                __malloc_sbrk_start
 *(COMMON)
 COMMON         0x200001fc        0x4 Drivers\STM32L4xx_HAL_Driver\Src\stm32l4xx_hal.o
                0x200001fc                uwTick
 COMMON         0x20000200       0xb8 Src\main.o
                0x20000200                htim1
                0x20000240                huart2
 COMMON         0x200002b8        0x4 c:/program files (x86)/atollic/truestudio for stm32 9.0.1/armtools/bin/../lib/gcc/arm-atollic-eabi/6.3.1/../../../../arm-atollic-eabi/lib/armv7e-m/fpu\libc_nano.a(lib_a-reent.o)
                0x200002b8                errno
                0x200002bc                . = ALIGN (0x4)
                0x200002bc                _ebss = .
                0x200002bc                __bss_end__ = _ebss

._user_heap_stack
                0x200002bc      0x600 load address 0x080040a4
                0x200002bc                . = ALIGN (0x4)
                0x200002bc                PROVIDE (end, .)
                [!provide]                PROVIDE (_end, .)
                0x200004bc                . = (. + _Min_Heap_Size)
 *fill*         0x200002bc      0x200 
                0x200008bc                . = (. + _Min_Stack_Size)
 *fill*         0x200004bc      0x400 
                0x200008bc                . = ALIGN (0x4)

/DISCARD/
 libc.a(*)
 libm.a(*)
 libgcc.a(*)

.ARM.attributes
                0x00000000       0x30
 *(.ARM.attributes)
 .ARM.attributes
                0x00000000       0x22 c:/program files (x86)/atollic/truestudio for stm32 9.0.1/armtools/bin/../lib/gcc/arm-atollic-eabi/6.3.1/armv7e-m/fpu/crti.o
 .ARM.attributes
                0x00000022       0x34 c:/program files (x86)/atollic/truestudio for stm32 9.0.1/armtools/bin/../lib/gcc/arm-atollic-eabi/6.3.1/armv7e-m/fpu/crtbegin.o
 .ARM.attributes
                0x00000056       0x39 Drivers\STM32L4xx_HAL_Driver\Src\stm32l4xx_hal.o
 .ARM.attributes
                0x0000008f       0x39 Drivers\STM32L4xx_HAL_Driver\Src\stm32l4xx_hal_cortex.o
 .ARM.attributes
                0x000000c8       0x39 Drivers\STM32L4xx_HAL_Driver\Src\stm32l4xx_hal_gpio.o
 .ARM.attributes
                0x00000101       0x39 Drivers\STM32L4xx_HAL_Driver\Src\stm32l4xx_hal_pwr_ex.o
 .ARM.attributes
                0x0000013a       0x39 Drivers\STM32L4xx_HAL_Driver\Src\stm32l4xx_hal_rcc.o
 .ARM.attributes
                0x00000173       0x39 Drivers\STM32L4xx_HAL_Driver\Src\stm32l4xx_hal_rcc_ex.o
 .ARM.attributes
                0x000001ac       0x39 Drivers\STM32L4xx_HAL_Driver\Src\stm32l4xx_hal_tim.o
 .ARM.attributes
                0x000001e5       0x39 Drivers\STM32L4xx_HAL_Driver\Src\stm32l4xx_hal_tim_ex.o
 .ARM.attributes
                0x0000021e       0x39 Drivers\STM32L4xx_HAL_Driver\Src\stm32l4xx_hal_uart.o
 .ARM.attributes
                0x00000257       0x39 Src\main.o
 .ARM.attributes
                0x00000290       0x39 Src\stm32l4xx_hal_msp.o
 .ARM.attributes
                0x000002c9       0x39 Src\stm32l4xx_it.o
 .ARM.attributes
                0x00000302       0x39 Src\syscalls.o
 .ARM.attributes
                0x0000033b       0x39 Src\system_stm32l4xx.o
 .ARM.attributes
                0x00000374       0x21 startup\startup_stm32l432xx.o
 .ARM.attributes
                0x00000395       0x34 c:/program files (x86)/atollic/truestudio for stm32 9.0.1/armtools/bin/../lib/gcc/arm-atollic-eabi/6.3.1/../../../../arm-atollic-eabi/lib/armv7e-m/fpu\libc_nano.a(lib_a-init.o)
 .ARM.attributes
                0x000003c9       0x34 c:/program files (x86)/atollic/truestudio for stm32 9.0.1/armtools/bin/../lib/gcc/arm-atollic-eabi/6.3.1/../../../../arm-atollic-eabi/lib/armv7e-m/fpu\libc_nano.a(lib_a-puts.o)
 .ARM.attributes
                0x000003fd       0x34 c:/program files (x86)/atollic/truestudio for stm32 9.0.1/armtools/bin/../lib/gcc/arm-atollic-eabi/6.3.1/../../../../arm-atollic-eabi/lib/armv7e-m/fpu\libc_nano.a(lib_a-reent.o)
 .ARM.attributes
                0x00000431       0x34 c:/program files (x86)/atollic/truestudio for stm32 9.0.1/armtools/bin/../lib/gcc/arm-atollic-eabi/6.3.1/../../../../arm-atollic-eabi/lib/armv7e-m/fpu\libc_nano.a(lib_a-scanf.o)
 .ARM.attributes
                0x00000465       0x34 c:/program files (x86)/atollic/truestudio for stm32 9.0.1/armtools/bin/../lib/gcc/arm-atollic-eabi/6.3.1/../../../../arm-atollic-eabi/lib/armv7e-m/fpu\libc_nano.a(lib_a-wbuf.o)
 .ARM.attributes
                0x00000499       0x34 c:/program files (x86)/atollic/truestudio for stm32 9.0.1/armtools/bin/../lib/gcc/arm-atollic-eabi/6.3.1/../../../../arm-atollic-eabi/lib/armv7e-m/fpu\libc_nano.a(lib_a-wsetup.o)
 .ARM.attributes
                0x000004cd       0x34 c:/program files (x86)/atollic/truestudio for stm32 9.0.1/armtools/bin/../lib/gcc/arm-atollic-eabi/6.3.1/../../../../arm-atollic-eabi/lib/armv7e-m/fpu\libc_nano.a(lib_a-fflush.o)
 .ARM.attributes
                0x00000501       0x34 c:/program files (x86)/atollic/truestudio for stm32 9.0.1/armtools/bin/../lib/gcc/arm-atollic-eabi/6.3.1/../../../../arm-atollic-eabi/lib/armv7e-m/fpu\libc_nano.a(lib_a-findfp.o)
 .ARM.attributes
                0x00000535       0x34 c:/program files (x86)/atollic/truestudio for stm32 9.0.1/armtools/bin/../lib/gcc/arm-atollic-eabi/6.3.1/../../../../arm-atollic-eabi/lib/armv7e-m/fpu\libc_nano.a(lib_a-fwalk.o)
 .ARM.attributes
                0x00000569       0x34 c:/program files (x86)/atollic/truestudio for stm32 9.0.1/armtools/bin/../lib/gcc/arm-atollic-eabi/6.3.1/../../../../arm-atollic-eabi/lib/armv7e-m/fpu\libc_nano.a(lib_a-impure.o)
 .ARM.attributes
                0x0000059d       0x34 c:/program files (x86)/atollic/truestudio for stm32 9.0.1/armtools/bin/../lib/gcc/arm-atollic-eabi/6.3.1/../../../../arm-atollic-eabi/lib/armv7e-m/fpu\libc_nano.a(lib_a-makebuf.o)
 .ARM.attributes
                0x000005d1       0x34 c:/program files (x86)/atollic/truestudio for stm32 9.0.1/armtools/bin/../lib/gcc/arm-atollic-eabi/6.3.1/../../../../arm-atollic-eabi/lib/armv7e-m/fpu\libc_nano.a(lib_a-memset.o)
 .ARM.attributes
                0x00000605       0x34 c:/program files (x86)/atollic/truestudio for stm32 9.0.1/armtools/bin/../lib/gcc/arm-atollic-eabi/6.3.1/../../../../arm-atollic-eabi/lib/armv7e-m/fpu\libc_nano.a(lib_a-nano-freer.o)
 .ARM.attributes
                0x00000639       0x34 c:/program files (x86)/atollic/truestudio for stm32 9.0.1/armtools/bin/../lib/gcc/arm-atollic-eabi/6.3.1/../../../../arm-atollic-eabi/lib/armv7e-m/fpu\libc_nano.a(lib_a-nano-mallocr.o)
 .ARM.attributes
                0x0000066d       0x34 c:/program files (x86)/atollic/truestudio for stm32 9.0.1/armtools/bin/../lib/gcc/arm-atollic-eabi/6.3.1/../../../../arm-atollic-eabi/lib/armv7e-m/fpu\libc_nano.a(lib_a-nano-vfscanf.o)
 .ARM.attributes
                0x000006a1       0x34 c:/program files (x86)/atollic/truestudio for stm32 9.0.1/armtools/bin/../lib/gcc/arm-atollic-eabi/6.3.1/../../../../arm-atollic-eabi/lib/armv7e-m/fpu\libc_nano.a(lib_a-nano-vfscanf_i.o)
 .ARM.attributes
                0x000006d5       0x34 c:/program files (x86)/atollic/truestudio for stm32 9.0.1/armtools/bin/../lib/gcc/arm-atollic-eabi/6.3.1/../../../../arm-atollic-eabi/lib/armv7e-m/fpu\libc_nano.a(lib_a-refill.o)
 .ARM.attributes
                0x00000709       0x34 c:/program files (x86)/atollic/truestudio for stm32 9.0.1/armtools/bin/../lib/gcc/arm-atollic-eabi/6.3.1/../../../../arm-atollic-eabi/lib/armv7e-m/fpu\libc_nano.a(lib_a-sbrkr.o)
 .ARM.attributes
                0x0000073d       0x34 c:/program files (x86)/atollic/truestudio for stm32 9.0.1/armtools/bin/../lib/gcc/arm-atollic-eabi/6.3.1/../../../../arm-atollic-eabi/lib/armv7e-m/fpu\libc_nano.a(lib_a-sccl.o)
 .ARM.attributes
                0x00000771       0x34 c:/program files (x86)/atollic/truestudio for stm32 9.0.1/armtools/bin/../lib/gcc/arm-atollic-eabi/6.3.1/../../../../arm-atollic-eabi/lib/armv7e-m/fpu\libc_nano.a(lib_a-stdio.o)
 .ARM.attributes
                0x000007a5       0x34 c:/program files (x86)/atollic/truestudio for stm32 9.0.1/armtools/bin/../lib/gcc/arm-atollic-eabi/6.3.1/../../../../arm-atollic-eabi/lib/armv7e-m/fpu\libc_nano.a(lib_a-strtol.o)
 .ARM.attributes
                0x000007d9       0x34 c:/program files (x86)/atollic/truestudio for stm32 9.0.1/armtools/bin/../lib/gcc/arm-atollic-eabi/6.3.1/../../../../arm-atollic-eabi/lib/armv7e-m/fpu\libc_nano.a(lib_a-strtoul.o)
 .ARM.attributes
                0x0000080d       0x34 c:/program files (x86)/atollic/truestudio for stm32 9.0.1/armtools/bin/../lib/gcc/arm-atollic-eabi/6.3.1/../../../../arm-atollic-eabi/lib/armv7e-m/fpu\libc_nano.a(lib_a-ungetc.o)
 .ARM.attributes
                0x00000841       0x34 c:/program files (x86)/atollic/truestudio for stm32 9.0.1/armtools/bin/../lib/gcc/arm-atollic-eabi/6.3.1/../../../../arm-atollic-eabi/lib/armv7e-m/fpu\libc_nano.a(lib_a-writer.o)
 .ARM.attributes
                0x00000875       0x34 c:/program files (x86)/atollic/truestudio for stm32 9.0.1/armtools/bin/../lib/gcc/arm-atollic-eabi/6.3.1/../../../../arm-atollic-eabi/lib/armv7e-m/fpu\libc_nano.a(lib_a-closer.o)
 .ARM.attributes
                0x000008a9       0x34 c:/program files (x86)/atollic/truestudio for stm32 9.0.1/armtools/bin/../lib/gcc/arm-atollic-eabi/6.3.1/../../../../arm-atollic-eabi/lib/armv7e-m/fpu\libc_nano.a(lib_a-fstatr.o)
 .ARM.attributes
                0x000008dd       0x34 c:/program files (x86)/atollic/truestudio for stm32 9.0.1/armtools/bin/../lib/gcc/arm-atollic-eabi/6.3.1/../../../../arm-atollic-eabi/lib/armv7e-m/fpu\libc_nano.a(lib_a-isattyr.o)
 .ARM.attributes
                0x00000911       0x34 c:/program files (x86)/atollic/truestudio for stm32 9.0.1/armtools/bin/../lib/gcc/arm-atollic-eabi/6.3.1/../../../../arm-atollic-eabi/lib/armv7e-m/fpu\libc_nano.a(lib_a-locale.o)
 .ARM.attributes
                0x00000945       0x34 c:/program files (x86)/atollic/truestudio for stm32 9.0.1/armtools/bin/../lib/gcc/arm-atollic-eabi/6.3.1/../../../../arm-atollic-eabi/lib/armv7e-m/fpu\libc_nano.a(lib_a-lseekr.o)
 .ARM.attributes
                0x00000979       0x34 c:/program files (x86)/atollic/truestudio for stm32 9.0.1/armtools/bin/../lib/gcc/arm-atollic-eabi/6.3.1/../../../../arm-atollic-eabi/lib/armv7e-m/fpu\libc_nano.a(lib_a-mbtowc_r.o)
 .ARM.attributes
                0x000009ad       0x20 c:/program files (x86)/atollic/truestudio for stm32 9.0.1/armtools/bin/../lib/gcc/arm-atollic-eabi/6.3.1/../../../../arm-atollic-eabi/lib/armv7e-m/fpu\libc_nano.a(lib_a-memchr.o)
 .ARM.attributes
                0x000009cd       0x34 c:/program files (x86)/atollic/truestudio for stm32 9.0.1/armtools/bin/../lib/gcc/arm-atollic-eabi/6.3.1/../../../../arm-atollic-eabi/lib/armv7e-m/fpu\libc_nano.a(lib_a-memcpy-stub.o)
 .ARM.attributes
                0x00000a01       0x34 c:/program files (x86)/atollic/truestudio for stm32 9.0.1/armtools/bin/../lib/gcc/arm-atollic-eabi/6.3.1/../../../../arm-atollic-eabi/lib/armv7e-m/fpu\libc_nano.a(lib_a-mlock.o)
 .ARM.attributes
                0x00000a35       0x34 c:/program files (x86)/atollic/truestudio for stm32 9.0.1/armtools/bin/../lib/gcc/arm-atollic-eabi/6.3.1/../../../../arm-atollic-eabi/lib/armv7e-m/fpu\libc_nano.a(lib_a-nano-reallocr.o)
 .ARM.attributes
                0x00000a69       0x34 c:/program files (x86)/atollic/truestudio for stm32 9.0.1/armtools/bin/../lib/gcc/arm-atollic-eabi/6.3.1/../../../../arm-atollic-eabi/lib/armv7e-m/fpu\libc_nano.a(lib_a-readr.o)
 .ARM.attributes
                0x00000a9d       0x34 c:/program files (x86)/atollic/truestudio for stm32 9.0.1/armtools/bin/../lib/gcc/arm-atollic-eabi/6.3.1/../../../../arm-atollic-eabi/lib/armv7e-m/fpu\libc_nano.a(lib_a-wctomb_r.o)
 .ARM.attributes
                0x00000ad1       0x34 c:/program files (x86)/atollic/truestudio for stm32 9.0.1/armtools/bin/../lib/gcc/arm-atollic-eabi/6.3.1/../../../../arm-atollic-eabi/lib/armv7e-m/fpu\libc_nano.a(lib_a-ctype_.o)
 .ARM.attributes
                0x00000b05       0x34 c:/program files (x86)/atollic/truestudio for stm32 9.0.1/armtools/bin/../lib/gcc/arm-atollic-eabi/6.3.1/../../../../arm-atollic-eabi/lib/armv7e-m/fpu\libc_nano.a(lib_a-nano-msizer.o)
 .ARM.attributes
                0x00000b39       0x22 c:/program files (x86)/atollic/truestudio for stm32 9.0.1/armtools/bin/../lib/gcc/arm-atollic-eabi/6.3.1/armv7e-m/fpu\libgcc.a(_aeabi_uldivmod.o)
 .ARM.attributes
                0x00000b5b       0x34 c:/program files (x86)/atollic/truestudio for stm32 9.0.1/armtools/bin/../lib/gcc/arm-atollic-eabi/6.3.1/armv7e-m/fpu\libgcc.a(_udivmoddi4.o)
 .ARM.attributes
                0x00000b8f       0x22 c:/program files (x86)/atollic/truestudio for stm32 9.0.1/armtools/bin/../lib/gcc/arm-atollic-eabi/6.3.1/armv7e-m/fpu\libgcc.a(_dvmd_tls.o)
 .ARM.attributes
                0x00000bb1       0x22 c:/program files (x86)/atollic/truestudio for stm32 9.0.1/armtools/bin/../lib/gcc/arm-atollic-eabi/6.3.1/armv7e-m/fpu/crtn.o
OUTPUT(pass.elf elf32-littlearm)

.debug_info     0x00000000    0x15f0e
 .debug_info    0x00000000     0x1183 Drivers\STM32L4xx_HAL_Driver\Src\stm32l4xx_hal.o
 .debug_info    0x00001183     0x16f5 Drivers\STM32L4xx_HAL_Driver\Src\stm32l4xx_hal_cortex.o
 .debug_info    0x00002878     0x1081 Drivers\STM32L4xx_HAL_Driver\Src\stm32l4xx_hal_gpio.o
 .debug_info    0x000038f9     0x1213 Drivers\STM32L4xx_HAL_Driver\Src\stm32l4xx_hal_pwr_ex.o
 .debug_info    0x00004b0c     0x1598 Drivers\STM32L4xx_HAL_Driver\Src\stm32l4xx_hal_rcc.o
 .debug_info    0x000060a4     0x17fa Drivers\STM32L4xx_HAL_Driver\Src\stm32l4xx_hal_rcc_ex.o
 .debug_info    0x0000789e     0x3c59 Drivers\STM32L4xx_HAL_Driver\Src\stm32l4xx_hal_tim.o
 .debug_info    0x0000b4f7     0x1bab Drivers\STM32L4xx_HAL_Driver\Src\stm32l4xx_hal_tim_ex.o
 .debug_info    0x0000d0a2     0x2462 Drivers\STM32L4xx_HAL_Driver\Src\stm32l4xx_hal_uart.o
 .debug_info    0x0000f504     0x2212 Src\main.o
 .debug_info    0x00011716     0x190e Src\stm32l4xx_hal_msp.o
 .debug_info    0x00013024      0x994 Src\stm32l4xx_it.o
 .debug_info    0x000139b8     0x16e8 Src\syscalls.o
 .debug_info    0x000150a0      0xde2 Src\system_stm32l4xx.o
 .debug_info    0x00015e82       0x8c startup\startup_stm32l432xx.o

.debug_abbrev   0x00000000     0x2846
 .debug_abbrev  0x00000000      0x2c0 Drivers\STM32L4xx_HAL_Driver\Src\stm32l4xx_hal.o
 .debug_abbrev  0x000002c0      0x37d Drivers\STM32L4xx_HAL_Driver\Src\stm32l4xx_hal_cortex.o
 .debug_abbrev  0x0000063d      0x268 Drivers\STM32L4xx_HAL_Driver\Src\stm32l4xx_hal_gpio.o
 .debug_abbrev  0x000008a5      0x2c7 Drivers\STM32L4xx_HAL_Driver\Src\stm32l4xx_hal_pwr_ex.o
 .debug_abbrev  0x00000b6c      0x2d2 Drivers\STM32L4xx_HAL_Driver\Src\stm32l4xx_hal_rcc.o
 .debug_abbrev  0x00000e3e      0x31c Drivers\STM32L4xx_HAL_Driver\Src\stm32l4xx_hal_rcc_ex.o
 .debug_abbrev  0x0000115a      0x3ab Drivers\STM32L4xx_HAL_Driver\Src\stm32l4xx_hal_tim.o
 .debug_abbrev  0x00001505      0x30d Drivers\STM32L4xx_HAL_Driver\Src\stm32l4xx_hal_tim_ex.o
 .debug_abbrev  0x00001812      0x3aa Drivers\STM32L4xx_HAL_Driver\Src\stm32l4xx_hal_uart.o
 .debug_abbrev  0x00001bbc      0x36c Src\main.o
 .debug_abbrev  0x00001f28      0x239 Src\stm32l4xx_hal_msp.o
 .debug_abbrev  0x00002161      0x1a4 Src\stm32l4xx_it.o
 .debug_abbrev  0x00002305      0x344 Src\syscalls.o
 .debug_abbrev  0x00002649      0x1eb Src\system_stm32l4xx.o
 .debug_abbrev  0x00002834       0x12 startup\startup_stm32l432xx.o

.debug_loc      0x00000000     0x79c5
 .debug_loc     0x00000000       0x76 Drivers\STM32L4xx_HAL_Driver\Src\stm32l4xx_hal.o
 .debug_loc     0x00000076      0x4fb Drivers\STM32L4xx_HAL_Driver\Src\stm32l4xx_hal_cortex.o
 .debug_loc     0x00000571      0x2ba Drivers\STM32L4xx_HAL_Driver\Src\stm32l4xx_hal_gpio.o
 .debug_loc     0x0000082b      0x3eb Drivers\STM32L4xx_HAL_Driver\Src\stm32l4xx_hal_pwr_ex.o
 .debug_loc     0x00000c16      0x5a9 Drivers\STM32L4xx_HAL_Driver\Src\stm32l4xx_hal_rcc.o
 .debug_loc     0x000011bf      0xb08 Drivers\STM32L4xx_HAL_Driver\Src\stm32l4xx_hal_rcc_ex.o
 .debug_loc     0x00001cc7     0x3198 Drivers\STM32L4xx_HAL_Driver\Src\stm32l4xx_hal_tim.o
 .debug_loc     0x00004e5f      0xcfc Drivers\STM32L4xx_HAL_Driver\Src\stm32l4xx_hal_tim_ex.o
 .debug_loc     0x00005b5b     0x1826 Drivers\STM32L4xx_HAL_Driver\Src\stm32l4xx_hal_uart.o
 .debug_loc     0x00007381      0x131 Src\main.o
 .debug_loc     0x000074b2       0x6e Src\stm32l4xx_hal_msp.o
 .debug_loc     0x00007520      0x2e7 Src\syscalls.o
 .debug_loc     0x00007807      0x1be Src\system_stm32l4xx.o

.debug_aranges  0x00000000      0xad8
 .debug_aranges
                0x00000000       0xe8 Drivers\STM32L4xx_HAL_Driver\Src\stm32l4xx_hal.o
 .debug_aranges
                0x000000e8       0xa8 Drivers\STM32L4xx_HAL_Driver\Src\stm32l4xx_hal_cortex.o
 .debug_aranges
                0x00000190       0x58 Drivers\STM32L4xx_HAL_Driver\Src\stm32l4xx_hal_gpio.o
 .debug_aranges
                0x000001e8      0x100 Drivers\STM32L4xx_HAL_Driver\Src\stm32l4xx_hal_pwr_ex.o
 .debug_aranges
                0x000002e8       0x88 Drivers\STM32L4xx_HAL_Driver\Src\stm32l4xx_hal_rcc.o
 .debug_aranges
                0x00000370       0xd0 Drivers\STM32L4xx_HAL_Driver\Src\stm32l4xx_hal_rcc_ex.o
 .debug_aranges
                0x00000440      0x268 Drivers\STM32L4xx_HAL_Driver\Src\stm32l4xx_hal_tim.o
 .debug_aranges
                0x000006a8      0x100 Drivers\STM32L4xx_HAL_Driver\Src\stm32l4xx_hal_tim_ex.o
 .debug_aranges
                0x000007a8      0x1a0 Drivers\STM32L4xx_HAL_Driver\Src\stm32l4xx_hal_uart.o
 .debug_aranges
                0x00000948       0x40 Src\main.o
 .debug_aranges
                0x00000988       0x48 Src\stm32l4xx_hal_msp.o
 .debug_aranges
                0x000009d0       0x20 Src\stm32l4xx_it.o
 .debug_aranges
                0x000009f0       0x98 Src\syscalls.o
 .debug_aranges
                0x00000a88       0x28 Src\system_stm32l4xx.o
 .debug_aranges
                0x00000ab0       0x28 startup\startup_stm32l432xx.o

.debug_ranges   0x00000000      0xc78
 .debug_ranges  0x00000000       0xd8 Drivers\STM32L4xx_HAL_Driver\Src\stm32l4xx_hal.o
 .debug_ranges  0x000000d8      0x138 Drivers\STM32L4xx_HAL_Driver\Src\stm32l4xx_hal_cortex.o
 .debug_ranges  0x00000210       0x68 Drivers\STM32L4xx_HAL_Driver\Src\stm32l4xx_hal_gpio.o
 .debug_ranges  0x00000278       0xf0 Drivers\STM32L4xx_HAL_Driver\Src\stm32l4xx_hal_pwr_ex.o
 .debug_ranges  0x00000368       0x90 Drivers\STM32L4xx_HAL_Driver\Src\stm32l4xx_hal_rcc.o
 .debug_ranges  0x000003f8       0xf8 Drivers\STM32L4xx_HAL_Driver\Src\stm32l4xx_hal_rcc_ex.o
 .debug_ranges  0x000004f0      0x318 Drivers\STM32L4xx_HAL_Driver\Src\stm32l4xx_hal_tim.o
 .debug_ranges  0x00000808       0xf0 Drivers\STM32L4xx_HAL_Driver\Src\stm32l4xx_hal_tim_ex.o
 .debug_ranges  0x000008f8      0x190 Drivers\STM32L4xx_HAL_Driver\Src\stm32l4xx_hal_uart.o
 .debug_ranges  0x00000a88       0x98 Src\main.o
 .debug_ranges  0x00000b20       0x88 Src\stm32l4xx_hal_msp.o
 .debug_ranges  0x00000ba8       0x10 Src\stm32l4xx_it.o
 .debug_ranges  0x00000bb8       0x88 Src\syscalls.o
 .debug_ranges  0x00000c40       0x18 Src\system_stm32l4xx.o
 .debug_ranges  0x00000c58       0x20 startup\startup_stm32l432xx.o

.debug_line     0x00000000     0x5bc6
 .debug_line    0x00000000      0x48e Drivers\STM32L4xx_HAL_Driver\Src\stm32l4xx_hal.o
 .debug_line    0x0000048e      0x4d5 Drivers\STM32L4xx_HAL_Driver\Src\stm32l4xx_hal_cortex.o
 .debug_line    0x00000963      0x455 Drivers\STM32L4xx_HAL_Driver\Src\stm32l4xx_hal_gpio.o
 .debug_line    0x00000db8      0x5d4 Drivers\STM32L4xx_HAL_Driver\Src\stm32l4xx_hal_pwr_ex.o
 .debug_line    0x0000138c      0x654 Drivers\STM32L4xx_HAL_Driver\Src\stm32l4xx_hal_rcc.o
 .debug_line    0x000019e0      0x789 Drivers\STM32L4xx_HAL_Driver\Src\stm32l4xx_hal_rcc_ex.o
 .debug_line    0x00002169     0x121f Drivers\STM32L4xx_HAL_Driver\Src\stm32l4xx_hal_tim.o
 .debug_line    0x00003388      0x7ac Drivers\STM32L4xx_HAL_Driver\Src\stm32l4xx_hal_tim_ex.o
 .debug_line    0x00003b34      0xdf6 Drivers\STM32L4xx_HAL_Driver\Src\stm32l4xx_hal_uart.o
 .debug_line    0x0000492a      0x507 Src\main.o
 .debug_line    0x00004e31      0x38c Src\stm32l4xx_hal_msp.o
 .debug_line    0x000051bd      0x27f Src\stm32l4xx_it.o
 .debug_line    0x0000543c      0x463 Src\syscalls.o
 .debug_line    0x0000589f      0x2a8 Src\system_stm32l4xx.o
 .debug_line    0x00005b47       0x7f startup\startup_stm32l432xx.o

.debug_str      0x00000000     0x46ce
 .debug_str     0x00000000      0xe3c Drivers\STM32L4xx_HAL_Driver\Src\stm32l4xx_hal.o
                                0xefc (size before relaxing)
 .debug_str     0x00000e3c      0x3c3 Drivers\STM32L4xx_HAL_Driver\Src\stm32l4xx_hal_cortex.o
                                0xf90 (size before relaxing)
 .debug_str     0x000011ff      0x1d5 Drivers\STM32L4xx_HAL_Driver\Src\stm32l4xx_hal_gpio.o
                                0x9ff (size before relaxing)
 .debug_str     0x000013d4      0x46b Drivers\STM32L4xx_HAL_Driver\Src\stm32l4xx_hal_pwr_ex.o
                                0xbda (size before relaxing)
 .debug_str     0x0000183f      0x37c Drivers\STM32L4xx_HAL_Driver\Src\stm32l4xx_hal_rcc.o
                                0xc72 (size before relaxing)
 .debug_str     0x00001bbb      0x606 Drivers\STM32L4xx_HAL_Driver\Src\stm32l4xx_hal_rcc_ex.o
                                0xfd4 (size before relaxing)
 .debug_str     0x000021c1     0x1140 Drivers\STM32L4xx_HAL_Driver\Src\stm32l4xx_hal_tim.o
                               0x186b (size before relaxing)
 .debug_str     0x00003301      0x623 Drivers\STM32L4xx_HAL_Driver\Src\stm32l4xx_hal_tim_ex.o
                               0x124c (size before relaxing)
 .debug_str     0x00003924      0x9be Drivers\STM32L4xx_HAL_Driver\Src\stm32l4xx_hal_uart.o
                               0x1459 (size before relaxing)
 .debug_str     0x000042e2       0xe7 Src\main.o
                               0x1a2a (size before relaxing)
 .debug_str     0x000043c9       0x25 Src\stm32l4xx_hal_msp.o
                               0x135b (size before relaxing)
 .debug_str     0x000043ee       0x26 Src\stm32l4xx_it.o
                                0x690 (size before relaxing)
 .debug_str     0x00004414      0x27f Src\syscalls.o
                                0xe72 (size before relaxing)
 .debug_str     0x00004693       0x3b Src\system_stm32l4xx.o
                                0x84c (size before relaxing)

.comment        0x00000000       0x7c
 .comment       0x00000000       0x7c Drivers\STM32L4xx_HAL_Driver\Src\stm32l4xx_hal.o
                                 0x7d (size before relaxing)
 .comment       0x0000007c       0x7d Drivers\STM32L4xx_HAL_Driver\Src\stm32l4xx_hal_cortex.o
 .comment       0x0000007c       0x7d Drivers\STM32L4xx_HAL_Driver\Src\stm32l4xx_hal_gpio.o
 .comment       0x0000007c       0x7d Drivers\STM32L4xx_HAL_Driver\Src\stm32l4xx_hal_pwr_ex.o
 .comment       0x0000007c       0x7d Drivers\STM32L4xx_HAL_Driver\Src\stm32l4xx_hal_rcc.o
 .comment       0x0000007c       0x7d Drivers\STM32L4xx_HAL_Driver\Src\stm32l4xx_hal_rcc_ex.o
 .comment       0x0000007c       0x7d Drivers\STM32L4xx_HAL_Driver\Src\stm32l4xx_hal_tim.o
 .comment       0x0000007c       0x7d Drivers\STM32L4xx_HAL_Driver\Src\stm32l4xx_hal_tim_ex.o
 .comment       0x0000007c       0x7d Drivers\STM32L4xx_HAL_Driver\Src\stm32l4xx_hal_uart.o
 .comment       0x0000007c       0x7d Src\main.o
 .comment       0x0000007c       0x7d Src\stm32l4xx_hal_msp.o
 .comment       0x0000007c       0x7d Src\stm32l4xx_it.o
 .comment       0x0000007c       0x7d Src\syscalls.o
 .comment       0x0000007c       0x7d Src\system_stm32l4xx.o

.debug_frame    0x00000000     0x2924
 .debug_frame   0x00000000      0x1e4 Drivers\STM32L4xx_HAL_Driver\Src\stm32l4xx_hal.o
 .debug_frame   0x000001e4      0x158 Drivers\STM32L4xx_HAL_Driver\Src\stm32l4xx_hal_cortex.o
 .debug_frame   0x0000033c       0xd8 Drivers\STM32L4xx_HAL_Driver\Src\stm32l4xx_hal_gpio.o
 .debug_frame   0x00000414      0x1f8 Drivers\STM32L4xx_HAL_Driver\Src\stm32l4xx_hal_pwr_ex.o
 .debug_frame   0x0000060c      0x15c Drivers\STM32L4xx_HAL_Driver\Src\stm32l4xx_hal_rcc.o
 .debug_frame   0x00000768      0x238 Drivers\STM32L4xx_HAL_Driver\Src\stm32l4xx_hal_rcc_ex.o
 .debug_frame   0x000009a0      0x8b4 Drivers\STM32L4xx_HAL_Driver\Src\stm32l4xx_hal_tim.o
 .debug_frame   0x00001254      0x374 Drivers\STM32L4xx_HAL_Driver\Src\stm32l4xx_hal_tim_ex.o
 .debug_frame   0x000015c8      0x548 Drivers\STM32L4xx_HAL_Driver\Src\stm32l4xx_hal_uart.o
 .debug_frame   0x00001b10       0x9c Src\main.o
 .debug_frame   0x00001bac       0xa0 Src\stm32l4xx_hal_msp.o
 .debug_frame   0x00001c4c       0x2c Src\stm32l4xx_it.o
 .debug_frame   0x00001c78      0x180 Src\syscalls.o
 .debug_frame   0x00001df8       0x38 Src\system_stm32l4xx.o
 .debug_frame   0x00001e30       0x2c c:/program files (x86)/atollic/truestudio for stm32 9.0.1/armtools/bin/../lib/gcc/arm-atollic-eabi/6.3.1/../../../../arm-atollic-eabi/lib/armv7e-m/fpu\libc_nano.a(lib_a-init.o)
 .debug_frame   0x00001e5c       0x3c c:/program files (x86)/atollic/truestudio for stm32 9.0.1/armtools/bin/../lib/gcc/arm-atollic-eabi/6.3.1/../../../../arm-atollic-eabi/lib/armv7e-m/fpu\libc_nano.a(lib_a-puts.o)
 .debug_frame   0x00001e98       0x5c c:/program files (x86)/atollic/truestudio for stm32 9.0.1/armtools/bin/../lib/gcc/arm-atollic-eabi/6.3.1/../../../../arm-atollic-eabi/lib/armv7e-m/fpu\libc_nano.a(lib_a-reent.o)
 .debug_frame   0x00001ef4       0x74 c:/program files (x86)/atollic/truestudio for stm32 9.0.1/armtools/bin/../lib/gcc/arm-atollic-eabi/6.3.1/../../../../arm-atollic-eabi/lib/armv7e-m/fpu\libc_nano.a(lib_a-scanf.o)
 .debug_frame   0x00001f68       0x40 c:/program files (x86)/atollic/truestudio for stm32 9.0.1/armtools/bin/../lib/gcc/arm-atollic-eabi/6.3.1/../../../../arm-atollic-eabi/lib/armv7e-m/fpu\libc_nano.a(lib_a-wbuf.o)
 .debug_frame   0x00001fa8       0x2c c:/program files (x86)/atollic/truestudio for stm32 9.0.1/armtools/bin/../lib/gcc/arm-atollic-eabi/6.3.1/../../../../arm-atollic-eabi/lib/armv7e-m/fpu\libc_nano.a(lib_a-wsetup.o)
 .debug_frame   0x00001fd4       0x68 c:/program files (x86)/atollic/truestudio for stm32 9.0.1/armtools/bin/../lib/gcc/arm-atollic-eabi/6.3.1/../../../../arm-atollic-eabi/lib/armv7e-m/fpu\libc_nano.a(lib_a-fflush.o)
 .debug_frame   0x0000203c      0x11c c:/program files (x86)/atollic/truestudio for stm32 9.0.1/armtools/bin/../lib/gcc/arm-atollic-eabi/6.3.1/../../../../arm-atollic-eabi/lib/armv7e-m/fpu\libc_nano.a(lib_a-findfp.o)
 .debug_frame   0x00002158       0x54 c:/program files (x86)/atollic/truestudio for stm32 9.0.1/armtools/bin/../lib/gcc/arm-atollic-eabi/6.3.1/../../../../arm-atollic-eabi/lib/armv7e-m/fpu\libc_nano.a(lib_a-fwalk.o)
 .debug_frame   0x000021ac       0x58 c:/program files (x86)/atollic/truestudio for stm32 9.0.1/armtools/bin/../lib/gcc/arm-atollic-eabi/6.3.1/../../../../arm-atollic-eabi/lib/armv7e-m/fpu\libc_nano.a(lib_a-makebuf.o)
 .debug_frame   0x00002204       0x20 c:/program files (x86)/atollic/truestudio for stm32 9.0.1/armtools/bin/../lib/gcc/arm-atollic-eabi/6.3.1/../../../../arm-atollic-eabi/lib/armv7e-m/fpu\libc_nano.a(lib_a-memset.o)
 .debug_frame   0x00002224       0x38 c:/program files (x86)/atollic/truestudio for stm32 9.0.1/armtools/bin/../lib/gcc/arm-atollic-eabi/6.3.1/../../../../arm-atollic-eabi/lib/armv7e-m/fpu\libc_nano.a(lib_a-nano-freer.o)
 .debug_frame   0x0000225c       0x2c c:/program files (x86)/atollic/truestudio for stm32 9.0.1/armtools/bin/../lib/gcc/arm-atollic-eabi/6.3.1/../../../../arm-atollic-eabi/lib/armv7e-m/fpu\libc_nano.a(lib_a-nano-mallocr.o)
 .debug_frame   0x00002288       0xac c:/program files (x86)/atollic/truestudio for stm32 9.0.1/armtools/bin/../lib/gcc/arm-atollic-eabi/6.3.1/../../../../arm-atollic-eabi/lib/armv7e-m/fpu\libc_nano.a(lib_a-nano-vfscanf.o)
 .debug_frame   0x00002334       0x60 c:/program files (x86)/atollic/truestudio for stm32 9.0.1/armtools/bin/../lib/gcc/arm-atollic-eabi/6.3.1/../../../../arm-atollic-eabi/lib/armv7e-m/fpu\libc_nano.a(lib_a-nano-vfscanf_i.o)
 .debug_frame   0x00002394       0x40 c:/program files (x86)/atollic/truestudio for stm32 9.0.1/armtools/bin/../lib/gcc/arm-atollic-eabi/6.3.1/../../../../arm-atollic-eabi/lib/armv7e-m/fpu\libc_nano.a(lib_a-refill.o)
 .debug_frame   0x000023d4       0x2c c:/program files (x86)/atollic/truestudio for stm32 9.0.1/armtools/bin/../lib/gcc/arm-atollic-eabi/6.3.1/../../../../arm-atollic-eabi/lib/armv7e-m/fpu\libc_nano.a(lib_a-sbrkr.o)
 .debug_frame   0x00002400       0x2c c:/program files (x86)/atollic/truestudio for stm32 9.0.1/armtools/bin/../lib/gcc/arm-atollic-eabi/6.3.1/../../../../arm-atollic-eabi/lib/armv7e-m/fpu\libc_nano.a(lib_a-sccl.o)
 .debug_frame   0x0000242c       0x88 c:/program files (x86)/atollic/truestudio for stm32 9.0.1/armtools/bin/../lib/gcc/arm-atollic-eabi/6.3.1/../../../../arm-atollic-eabi/lib/armv7e-m/fpu\libc_nano.a(lib_a-stdio.o)
 .debug_frame   0x000024b4       0x88 c:/program files (x86)/atollic/truestudio for stm32 9.0.1/armtools/bin/../lib/gcc/arm-atollic-eabi/6.3.1/../../../../arm-atollic-eabi/lib/armv7e-m/fpu\libc_nano.a(lib_a-strtol.o)
 .debug_frame   0x0000253c       0x84 c:/program files (x86)/atollic/truestudio for stm32 9.0.1/armtools/bin/../lib/gcc/arm-atollic-eabi/6.3.1/../../../../arm-atollic-eabi/lib/armv7e-m/fpu\libc_nano.a(lib_a-strtoul.o)
 .debug_frame   0x000025c0       0x5c c:/program files (x86)/atollic/truestudio for stm32 9.0.1/armtools/bin/../lib/gcc/arm-atollic-eabi/6.3.1/../../../../arm-atollic-eabi/lib/armv7e-m/fpu\libc_nano.a(lib_a-ungetc.o)
 .debug_frame   0x0000261c       0x2c c:/program files (x86)/atollic/truestudio for stm32 9.0.1/armtools/bin/../lib/gcc/arm-atollic-eabi/6.3.1/../../../../arm-atollic-eabi/lib/armv7e-m/fpu\libc_nano.a(lib_a-writer.o)
 .debug_frame   0x00002648       0x2c c:/program files (x86)/atollic/truestudio for stm32 9.0.1/armtools/bin/../lib/gcc/arm-atollic-eabi/6.3.1/../../../../arm-atollic-eabi/lib/armv7e-m/fpu\libc_nano.a(lib_a-closer.o)
 .debug_frame   0x00002674       0x2c c:/program files (x86)/atollic/truestudio for stm32 9.0.1/armtools/bin/../lib/gcc/arm-atollic-eabi/6.3.1/../../../../arm-atollic-eabi/lib/armv7e-m/fpu\libc_nano.a(lib_a-fstatr.o)
 .debug_frame   0x000026a0       0x2c c:/program files (x86)/atollic/truestudio for stm32 9.0.1/armtools/bin/../lib/gcc/arm-atollic-eabi/6.3.1/../../../../arm-atollic-eabi/lib/armv7e-m/fpu\libc_nano.a(lib_a-isattyr.o)
 .debug_frame   0x000026cc       0x68 c:/program files (x86)/atollic/truestudio for stm32 9.0.1/armtools/bin/../lib/gcc/arm-atollic-eabi/6.3.1/../../../../arm-atollic-eabi/lib/armv7e-m/fpu\libc_nano.a(lib_a-locale.o)
 .debug_frame   0x00002734       0x2c c:/program files (x86)/atollic/truestudio for stm32 9.0.1/armtools/bin/../lib/gcc/arm-atollic-eabi/6.3.1/../../../../arm-atollic-eabi/lib/armv7e-m/fpu\libc_nano.a(lib_a-lseekr.o)
 .debug_frame   0x00002760       0x48 c:/program files (x86)/atollic/truestudio for stm32 9.0.1/armtools/bin/../lib/gcc/arm-atollic-eabi/6.3.1/../../../../arm-atollic-eabi/lib/armv7e-m/fpu\libc_nano.a(lib_a-mbtowc_r.o)
 .debug_frame   0x000027a8       0x28 c:/program files (x86)/atollic/truestudio for stm32 9.0.1/armtools/bin/../lib/gcc/arm-atollic-eabi/6.3.1/../../../../arm-atollic-eabi/lib/armv7e-m/fpu\libc_nano.a(lib_a-memcpy-stub.o)
 .debug_frame   0x000027d0       0x30 c:/program files (x86)/atollic/truestudio for stm32 9.0.1/armtools/bin/../lib/gcc/arm-atollic-eabi/6.3.1/../../../../arm-atollic-eabi/lib/armv7e-m/fpu\libc_nano.a(lib_a-mlock.o)
 .debug_frame   0x00002800       0x3c c:/program files (x86)/atollic/truestudio for stm32 9.0.1/armtools/bin/../lib/gcc/arm-atollic-eabi/6.3.1/../../../../arm-atollic-eabi/lib/armv7e-m/fpu\libc_nano.a(lib_a-nano-reallocr.o)
 .debug_frame   0x0000283c       0x2c c:/program files (x86)/atollic/truestudio for stm32 9.0.1/armtools/bin/../lib/gcc/arm-atollic-eabi/6.3.1/../../../../arm-atollic-eabi/lib/armv7e-m/fpu\libc_nano.a(lib_a-readr.o)
 .debug_frame   0x00002868       0x3c c:/program files (x86)/atollic/truestudio for stm32 9.0.1/armtools/bin/../lib/gcc/arm-atollic-eabi/6.3.1/../../../../arm-atollic-eabi/lib/armv7e-m/fpu\libc_nano.a(lib_a-wctomb_r.o)
 .debug_frame   0x000028a4       0x20 c:/program files (x86)/atollic/truestudio for stm32 9.0.1/armtools/bin/../lib/gcc/arm-atollic-eabi/6.3.1/../../../../arm-atollic-eabi/lib/armv7e-m/fpu\libc_nano.a(lib_a-nano-msizer.o)
 .debug_frame   0x000028c4       0x2c c:/program files (x86)/atollic/truestudio for stm32 9.0.1/armtools/bin/../lib/gcc/arm-atollic-eabi/6.3.1/armv7e-m/fpu\libgcc.a(_aeabi_uldivmod.o)
 .debug_frame   0x000028f0       0x34 c:/program files (x86)/atollic/truestudio for stm32 9.0.1/armtools/bin/../lib/gcc/arm-atollic-eabi/6.3.1/armv7e-m/fpu\libgcc.a(_udivmoddi4.o)
