syscalls.c:54:6:initialise_monitor_handles	0	static
syscalls.c:58:5:_getpid	0	static
syscalls.c:64:5:_gettimeofday	0	static
syscalls.c:70:5:_kill	0	static
syscalls.c:76:6:_exit	0	static
syscalls.c:81:5:_write	8	static
syscalls.c:93:8:_sbrk	0	static
syscalls.c:109:5:_close	0	static
syscalls.c:116:5:_fstat	0	static
syscalls.c:122:5:_isatty	0	static
syscalls.c:128:5:_lseek	0	static
syscalls.c:134:5:_read	8	static
syscalls.c:143:5:_readlink	0	static
syscalls.c:149:5:_open	0	static
syscalls.c:155:5:_wait	0	static
syscalls.c:161:5:_unlink	0	static
syscalls.c:167:5:_times	0	static
syscalls.c:173:5:_stat	0	static
syscalls.c:179:5:_symlink	0	static
syscalls.c:185:5:_link	0	static
syscalls.c:191:5:_fork	0	static
syscalls.c:197:5:_execve	0	static
