main.c:117:6:waitForPBRelease	16	static
main.c:130:6:displayNextExit	24	static
main.c:148:6:startUpLCDSplashScreen	24	static
main.c:167:6:pushButtonInit	8	static
main.c:177:6:displaySentenceID	32	static
main.c:192:6:displayUTCTime	48	static
main.c:209:6:displayLatitude	48	static
main.c:227:6:displayLatitudeDirection	32	static
main.c:242:6:displayLongitude	48	static
main.c:259:6:displayLongitudeDirection	32	static
main.c:274:6:displayPositionFix	32	static
main.c:290:6:displaySatelliteUsed	32	static
main.c:305:6:displayHDOP	32	static
main.c:320:6:displayAltitude	40	static
main.c:335:6:displayAltitudeUnits	32	static
main.c:350:6:displayGeoIDSeperation	32	static
main.c:365:6:displayGeoIDUnits	32	static
main.c:380:6:displayDGPSAge	32	static
main.c:395:6:displayChecksum	32	static
main.c:415:6:parsingGPS	16	static
main.c:458:6:convertLatitudeStrToInt	40	static
main.c:487:6:convertLongitudeStrToInt	40	static
main.c:511:8:convertAltitudeStrToDouble	24	static
main.c:531:6:convertTimeStrToInt	40	static
main.c:558:5:convertChecksumStrToDecimal	8	static
main.c:783:6:SystemClock_Config	200	static
main.c:570:5:main	152	static
main.c:984:6:Error_Handler	0	static
